Component: ARM Compiler 5.05 update 1 (build 106) Tool: armlink [4d0efa]

==============================================================================

Section Cross References

    application.o(.text) refers to platform.o(.text) for platform_init
    application.o(.text) refers to thread.o(.text) for rt_thread_create
    startup.o(.text) refers to kservice.o(.text) for rt_kprintf
    startup.o(.text) refers to board.o(.text) for rt_hw_board_init
    startup.o(.text) refers to clock.o(.text) for rt_system_tick_init
    startup.o(.text) refers to object.o(.text) for rt_system_object_init
    startup.o(.text) refers to timer.o(.text) for rt_system_timer_init
    startup.o(.text) refers to mem.o(.text) for rt_system_heap_init
    startup.o(.text) refers to scheduler.o(.text) for rt_system_scheduler_init
    startup.o(.text) refers to application.o(.text) for rt_application_init
    startup.o(.text) refers to shell.o(.text) for finsh_system_init
    startup.o(.text) refers to idle.o(.text) for rt_thread_idle_init
    startup.o(.text) refers to context_rvds.o(.text) for rt_hw_interrupt_disable
    debug_led.o(.text) refers to stm32f4xx_rcc.o(.text) for RCC_AHB1PeriphClockCmd
    debug_led.o(.text) refers to stm32f4xx_gpio.o(.text) for GPIO_Init
    debug_led.o(.text) refers to stm32f4xx_tim.o(.text) for TIM_TimeBaseInit
    debug_led.o(.text) refers to misc.o(.text) for NVIC_Init
    debug_led.o(.text) refers to thread.o(.text) for rt_thread_delay
    debug_led.o(.text) refers to debug_led.o(.bss) for thread_heartbeat_stack
    board.o(.text) refers to misc.o(.text) for NVIC_SetVectorTable
    board.o(.text) refers to stm32f4xx_rcc.o(.text) for RCC_GetClocksFreq
    board.o(.text) refers to irq.o(.text) for rt_interrupt_enter
    board.o(.text) refers to clock.o(.text) for rt_tick_increase
    board.o(.text) refers to usart.o(.text) for stm32_hw_usart_init
    board.o(.text) refers to kservice.o(.text) for rt_console_set_device
    usart.o(.text) refers to kservice.o(.text) for rt_kprintf
    usart.o(.text) refers to stm32f4xx_usart.o(.text) for USART_Init
    usart.o(.text) refers to irq.o(.text) for rt_interrupt_enter
    usart.o(.text) refers to serial.o(.text) for rt_hw_serial_isr
    usart.o(.text) refers to stm32f4xx_rcc.o(.text) for RCC_AHB1PeriphClockCmd
    usart.o(.text) refers to stm32f4xx_gpio.o(.text) for GPIO_Init
    usart.o(.text) refers to misc.o(.text) for NVIC_Init
    usart.o(.text) refers to usart.o(.constdata) for __FUNCTION__
    usart.o(.text) refers to usart.o(.data) for uart1
    usart.o(.text) refers to usart.o(.bss) for serial1
    usart.o(.constdata) refers to usart.o(.text) for stm32_configure
    stm32f4_gpio_drv.o(.text) refers to stm32f4xx_rcc.o(.text) for RCC_AHB1PeriphClockCmd
    stm32f4_gpio_drv.o(.text) refers to stm32f4xx_gpio.o(.text) for GPIO_Init
    stm32f4_gpio_drv.o(.text) refers to stm32f4_gpio_drv.o(.data) for GPIO_PORT
    core_test.o(.text) refers to stm32f4_gpio_drv.o(.text) for GPIO_Pin_Setup
    core_test.o(.text) refers to thread.o(.text) for rt_thread_delay
    core_test.o(.text) refers to core_test.o(.bss) for thread_core_test_stack
    platform.o(.text) refers to debug_led.o(.text) for nano_board_heartbeat_init
    system_stm32f4xx.o(.text) refers to system_stm32f4xx.o(.data) for SystemCoreClock
    misc.o(.text) refers to startup.o(.text) for assert_failed
    stm32f4xx_adc.o(.text) refers to stm32f4xx_rcc.o(.text) for RCC_APB2PeriphResetCmd
    stm32f4xx_adc.o(.text) refers to startup.o(.text) for assert_failed
    stm32f4xx_can.o(.text) refers to startup.o(.text) for assert_failed
    stm32f4xx_can.o(.text) refers to stm32f4xx_rcc.o(.text) for RCC_APB1PeriphResetCmd
    stm32f4xx_cryp.o(.text) refers to stm32f4xx_rcc.o(.text) for RCC_AHB2PeriphResetCmd
    stm32f4xx_cryp.o(.text) refers to startup.o(.text) for assert_failed
    stm32f4xx_cryp_aes.o(.text) refers to stm32f4xx_cryp.o(.text) for CRYP_KeyStructInit
    stm32f4xx_cryp_des.o(.text) refers to stm32f4xx_cryp.o(.text) for CRYP_KeyStructInit
    stm32f4xx_cryp_tdes.o(.text) refers to stm32f4xx_cryp.o(.text) for CRYP_KeyStructInit
    stm32f4xx_dac.o(.text) refers to stm32f4xx_rcc.o(.text) for RCC_APB1PeriphResetCmd
    stm32f4xx_dac.o(.text) refers to startup.o(.text) for assert_failed
    stm32f4xx_dbgmcu.o(.text) refers to startup.o(.text) for assert_failed
    stm32f4xx_dcmi.o(.text) refers to startup.o(.text) for assert_failed
    stm32f4xx_dma.o(.text) refers to startup.o(.text) for assert_failed
    stm32f4xx_exti.o(.text) refers to startup.o(.text) for assert_failed
    stm32f4xx_flash.o(.text) refers to startup.o(.text) for assert_failed
    stm32f4xx_fsmc.o(.text) refers to startup.o(.text) for assert_failed
    stm32f4xx_gpio.o(.text) refers to startup.o(.text) for assert_failed
    stm32f4xx_gpio.o(.text) refers to stm32f4xx_rcc.o(.text) for RCC_AHB1PeriphResetCmd
    stm32f4xx_hash.o(.text) refers to stm32f4xx_rcc.o(.text) for RCC_AHB2PeriphResetCmd
[...]
    __rt_lib_init_stdio_1                    0x08000255   Thumb Code     0  libinit2.o(.ARM.Collect$$libinit$$00000025)
    __rt_lib_shutdown                        0x08000257   Thumb Code     0  libshutdown.o(.ARM.Collect$$libshutdown$$00000000)
    __rt_lib_shutdown_fp_trap_1              0x08000259   Thumb Code     0  libshutdown2.o(.ARM.Collect$$libshutdown$$00000006)
    __rt_lib_shutdown_heap_1                 0x08000259   Thumb Code     0  libshutdown2.o(.ARM.Collect$$libshutdown$$0000000E)
    __rt_lib_shutdown_return                 0x08000259   Thumb Code     0  libshutdown2.o(.ARM.Collect$$libshutdown$$0000000F)
    __rt_lib_shutdown_signal_1               0x08000259   Thumb Code     0  libshutdown2.o(.ARM.Collect$$libshutdown$$00000009)
    __rt_lib_shutdown_stdio_1                0x08000259   Thumb Code     0  libshutdown2.o(.ARM.Collect$$libshutdown$$00000003)
    __rt_lib_shutdown_user_alloc_1           0x08000259   Thumb Code     0  libshutdown2.o(.ARM.Collect$$libshutdown$$0000000B)
    __rt_entry                               0x0800025b   Thumb Code     0  __rtentry.o(.ARM.Collect$$rtentry$$00000000)
    __rt_entry_presh_1                       0x0800025b   Thumb Code     0  __rtentry2.o(.ARM.Collect$$rtentry$$00000002)
    __rt_entry_sh                            0x0800025b   Thumb Code     0  __rtentry4.o(.ARM.Collect$$rtentry$$00000004)
    __rt_entry_li                            0x08000261   Thumb Code     0  __rtentry2.o(.ARM.Collect$$rtentry$$0000000A)
    __rt_entry_postsh_1                      0x08000261   Thumb Code     0  __rtentry2.o(.ARM.Collect$$rtentry$$00000009)
    __rt_entry_main                          0x08000265   Thumb Code     0  __rtentry2.o(.ARM.Collect$$rtentry$$0000000D)
    __rt_entry_postli_1                      0x08000265   Thumb Code     0  __rtentry2.o(.ARM.Collect$$rtentry$$0000000C)
    __rt_exit                                0x0800026d   Thumb Code     0  rtexit.o(.ARM.Collect$$rtexit$$00000000)
    __rt_exit_ls                             0x0800026f   Thumb Code     0  rtexit2.o(.ARM.Collect$$rtexit$$00000003)
    __rt_exit_prels_1                        0x0800026f   Thumb Code     0  rtexit2.o(.ARM.Collect$$rtexit$$00000002)
    __rt_exit_exit                           0x08000273   Thumb Code     0  rtexit2.o(.ARM.Collect$$rtexit$$00000004)
    rt_init_thread_entry                     0x08000279   Thumb Code    10  application.o(.text)
    rt_application_init                      0x08000283   Thumb Code    40  application.o(.text)
    assert_failed                            0x080002b5   Thumb Code    30  startup.o(.text)
    rtthread_startup                         0x080002d3   Thumb Code    62  startup.o(.text)
    main                                     0x08000311   Thumb Code    14  startup.o(.text)
    TIM_Config                               0x080003af   Thumb Code    62  debug_led.o(.text)
    nano_board_heartbeat_init                0x08000423   Thumb Code    44  debug_led.o(.text)
    NVIC_Configuration                       0x08000471   Thumb Code    22  board.o(.text)
    SysTick_Configuration                    0x08000487   Thumb Code    98  board.o(.text)
    SysTick_Handler                          0x080004e9   Thumb Code    16  board.o(.text)
    rt_hw_board_init                         0x080004f9   Thumb Code    22  board.o(.text)
    NMI_Handler                              0x08000521   Thumb Code     2  stm32f4xx_it.o(.text)
    MemManage_Handler                        0x08000523   Thumb Code     4  stm32f4xx_it.o(.text)
    BusFault_Handler                         0x08000527   Thumb Code     4  stm32f4xx_it.o(.text)
    UsageFault_Handler                       0x0800052b   Thumb Code     4  stm32f4xx_it.o(.text)
    SVC_Handler                              0x0800052f   Thumb Code     2  stm32f4xx_it.o(.text)
    USART1_IRQHandler                        0x080006e5   Thumb Code    56  usart.o(.text)
    USART2_IRQHandler                        0x0800071d   Thumb Code    56  usart.o(.text)
    USART3_IRQHandler                        0x08000755   Thumb Code    56  usart.o(.text)
    stm32_hw_usart_init                      0x08000863   Thumb Code   136  usart.o(.text)
    platform_init                            0x08000989   Thumb Code    10  platform.o(.text)
    SystemInit                               0x08000a71   Thumb Code    88  system_stm32f4xx.o(.text)
    SystemCoreClockUpdate                    0x08000ac9   Thumb Code   174  system_stm32f4xx.o(.text)
    NVIC_PriorityGroupConfig                 0x08000ba5   Thumb Code    54  misc.o(.text)
    NVIC_Init                                0x08000bdb   Thumb Code   164  misc.o(.text)
    NVIC_SetVectorTable                      0x08000c7f   Thumb Code    60  misc.o(.text)
    NVIC_SystemLPConfig                      0x08000cbb   Thumb Code    78  misc.o(.text)
    SysTick_CLKSourceConfig                  0x08000d09   Thumb Code    62  misc.o(.text)
    GPIO_DeInit                              0x08000d91   Thumb Code   284  stm32f4xx_gpio.o(.text)
    GPIO_Init                                0x08000ead   Thumb Code   342  stm32f4xx_gpio.o(.text)
    GPIO_StructInit                          0x08001003   Thumb Code    18  stm32f4xx_gpio.o(.text)
    GPIO_PinLockConfig                       0x08001015   Thumb Code   122  stm32f4xx_gpio.o(.text)
    GPIO_ReadInputDataBit                    0x0800108f   Thumb Code   182  stm32f4xx_gpio.o(.text)
    GPIO_ReadInputData                       0x08001145   Thumb Code   174  stm32f4xx_gpio.o(.text)
    GPIO_ReadOutputDataBit                   0x080011f3   Thumb Code   186  stm32f4xx_gpio.o(.text)
    GPIO_ReadOutputData                      0x080012ad   Thumb Code    78  stm32f4xx_gpio.o(.text)
    GPIO_SetBits                             0x080012fb   Thumb Code    98  stm32f4xx_gpio.o(.text)
    GPIO_ResetBits                           0x0800135d   Thumb Code    98  stm32f4xx_gpio.o(.text)
    GPIO_WriteBit                            0x080013bf   Thumb Code   200  stm32f4xx_gpio.o(.text)
    GPIO_Write                               0x08001487   Thumb Code    78  stm32f4xx_gpio.o(.text)
    GPIO_ToggleBits                          0x080014d5   Thumb Code    82  stm32f4xx_gpio.o(.text)
    GPIO_PinAFConfig                         0x08001527   Thumb Code   384  stm32f4xx_gpio.o(.text)
    RCC_DeInit                               0x080016a9   Thumb Code    60  stm32f4xx_rcc.o(.text)
    RCC_HSEConfig                            0x080016e5   Thumb Code    38  stm32f4xx_rcc.o(.text)
    RCC_GetFlagStatus                        0x0800170b   Thumb Code   130  stm32f4xx_rcc.o(.text)
    RCC_WaitForHSEStartUp                    0x0800178d   Thumb Code    56  stm32f4xx_rcc.o(.text)
    RCC_AdjustHSICalibrationValue            0x080017c5   Thumb Code    38  stm32f4xx_rcc.o(.text)
    RCC_HSICmd                               0x080017eb   Thumb Code    28  stm32f4xx_rcc.o(.text)
    RCC_LSEConfig                            0x08001807   Thumb Code    72  stm32f4xx_rcc.o(.text)
    RCC_LSICmd                               0x0800184f   Thumb Code    28  stm32f4xx_rcc.o(.text)
    RCC_PLLConfig                            0x0800186b   Thumb Code   156  stm32f4xx_rcc.o(.text)
    RCC_PLLCmd                               0x08001907   Thumb Code    28  stm32f4xx_rcc.o(.text)
    RCC_PLLI2SConfig                         0x08001923   Thumb Code    62  stm32f4xx_rcc.o(.text)
    RCC_PLLI2SCmd                            0x08001961   Thumb Code    28  stm32f4xx_rcc.o(.text)
    RCC_ClockSecuritySystemCmd               0x0800197d   Thumb Code    28  stm32f4xx_rcc.o(.text)
    RCC_MCO1Config                           0x08001999   Thumb Code   102  stm32f4xx_rcc.o(.text)
    RCC_MCO2Config                           0x080019ff   Thumb Code   102  stm32f4xx_rcc.o(.text)
    RCC_SYSCLKConfig                         0x08001a65   Thumb Code   124  stm32f4xx_rcc.o(.text)
    RCC_GetSYSCLKSource                      0x08001ae1   Thumb Code    10  stm32f4xx_rcc.o(.text)
    RCC_HCLKConfig                           0x08001aeb   Thumb Code    68  stm32f4xx_rcc.o(.text)
    RCC_PCLK1Config                          0x08001b2f   Thumb Code    60  stm32f4xx_rcc.o(.text)
    RCC_PCLK2Config                          0x08001b6b   Thumb Code    62  stm32f4xx_rcc.o(.text)
    RCC_GetClocksFreq                        0x08001ba9   Thumb Code   214  stm32f4xx_rcc.o(.text)
    RCC_RTCCLKConfig                         0x08001c7f   Thumb Code   262  stm32f4xx_rcc.o(.text)
    RCC_RTCCLKCmd                            0x08001d85   Thumb Code    30  stm32f4xx_rcc.o(.text)
    RCC_BackupResetCmd                       0x08001da3   Thumb Code    32  stm32f4xx_rcc.o(.text)
    RCC_I2SCLKConfig                         0x08001dc3   Thumb Code    30  stm32f4xx_rcc.o(.text)
    RCC_AHB1PeriphClockCmd                   0x08001de1   Thumb Code    82  stm32f4xx_rcc.o(.text)
    RCC_AHB2PeriphClockCmd                   0x08001e33   Thumb Code    82  stm32f4xx_rcc.o(.text)
    RCC_AHB3PeriphClockCmd                   0x08001e85   Thumb Code   232  stm32f4xx_rcc.o(.text)
    RCC_APB1PeriphClockCmd                   0x08001f6d   Thumb Code    82  stm32f4xx_rcc.o(.text)
    RCC_APB2PeriphClockCmd                   0x08001fbf   Thumb Code    82  stm32f4xx_rcc.o(.text)
    RCC_AHB1PeriphResetCmd                   0x08002011   Thumb Code    82  stm32f4xx_rcc.o(.text)
    RCC_AHB2PeriphResetCmd                   0x08002063   Thumb Code    82  stm32f4xx_rcc.o(.text)
    RCC_AHB3PeriphResetCmd                   0x080020b5   Thumb Code    82  stm32f4xx_rcc.o(.text)
    RCC_APB1PeriphResetCmd                   0x08002107   Thumb Code    82  stm32f4xx_rcc.o(.text)
    RCC_APB2PeriphResetCmd                   0x08002159   Thumb Code    82  stm32f4xx_rcc.o(.text)
    RCC_AHB1PeriphClockLPModeCmd             0x080021ab   Thumb Code    82  stm32f4xx_rcc.o(.text)
    RCC_AHB2PeriphClockLPModeCmd             0x080021fd   Thumb Code    82  stm32f4xx_rcc.o(.text)
    RCC_AHB3PeriphClockLPModeCmd             0x0800224f   Thumb Code    82  stm32f4xx_rcc.o(.text)
    RCC_APB1PeriphClockLPModeCmd             0x080022a1   Thumb Code    82  stm32f4xx_rcc.o(.text)
    RCC_APB2PeriphClockLPModeCmd             0x080022f3   Thumb Code   106  stm32f4xx_rcc.o(.text)
    RCC_ITConfig                             0x0800235d   Thumb Code    74  stm32f4xx_rcc.o(.text)
    RCC_ClearFlag                            0x080023a7   Thumb Code    18  stm32f4xx_rcc.o(.text)
    RCC_GetITStatus                          0x080023b9   Thumb Code    68  stm32f4xx_rcc.o(.text)
    RCC_ClearITPendingBit                    0x080023fd   Thumb Code    34  stm32f4xx_rcc.o(.text)
    TIM_DeInit                               0x08002425   Thumb Code   440  stm32f4xx_tim.o(.text)
    TIM_TimeBaseInit                         0x080025dd   Thumb Code   278  stm32f4xx_tim.o(.text)
    TIM_TimeBaseStructInit                   0x080026f3   Thumb Code    18  stm32f4xx_tim.o(.text)
    TIM_PrescalerConfig                      0x08002705   Thumb Code   128  stm32f4xx_tim.o(.text)
    TIM_CounterModeConfig                    0x08002785   Thumb Code   100  stm32f4xx_tim.o(.text)
    TIM_SetCounter                           0x080027e9   Thumb Code   222  stm32f4xx_tim.o(.text)
    TIM_SetAutoreload                        0x080028c7   Thumb Code   108  stm32f4xx_tim.o(.text)
    TIM_GetCounter                           0x08002933   Thumb Code   106  stm32f4xx_tim.o(.text)
    TIM_GetPrescaler                         0x0800299d   Thumb Code   106  stm32f4xx_tim.o(.text)
    TIM_UpdateDisableConfig                  0x08002a07   Thumb Code   148  stm32f4xx_tim.o(.text)
    TIM_UpdateRequestConfig                  0x08002a9b   Thumb Code   148  stm32f4xx_tim.o(.text)
    TIM_ARRPreloadConfig                     0x08002b2f   Thumb Code   148  stm32f4xx_tim.o(.text)
    TIM_SelectOnePulseMode                   0x08002bc3   Thumb Code   142  stm32f4xx_tim.o(.text)
    TIM_SetClockDivision                     0x08002c51   Thumb Code   192  stm32f4xx_tim.o(.text)
    TIM_Cmd                                  0x08002d11   Thumb Code   148  stm32f4xx_tim.o(.text)
    TIM_OC1Init                              0x08002da5   Thumb Code   416  stm32f4xx_tim.o(.text)
    TIM_OC2Init                              0x08002f45   Thumb Code   486  stm32f4xx_tim.o(.text)
    TIM_OC3Init                              0x0800312b   Thumb Code   416  stm32f4xx_tim.o(.text)
    TIM_OC4Init                              0x080032cb   Thumb Code   300  stm32f4xx_tim.o(.text)
    TIM_OCStructInit                         0x080033f7   Thumb Code    20  stm32f4xx_tim.o(.text)
    TIM_SelectOCxM                           0x0800340b   Thumb Code   256  stm32f4xx_tim.o(.text)
    TIM_SetCompare1                          0x0800350b   Thumb Code   142  stm32f4xx_tim.o(.text)
    TIM_SetCompare2                          0x08003599   Thumb Code    72  stm32f4xx_tim.o(.text)
    TIM_SetCompare3                          0x080035e1   Thumb Code    60  stm32f4xx_tim.o(.text)
    TIM_SetCompare4                          0x0800361d   Thumb Code    60  stm32f4xx_tim.o(.text)
    TIM_ForcedOC1Config                      0x08003659   Thumb Code   130  stm32f4xx_tim.o(.text)
    TIM_ForcedOC2Config                      0x080036db   Thumb Code   114  stm32f4xx_tim.o(.text)
    TIM_ForcedOC3Config                      0x0800374d   Thumb Code    94  stm32f4xx_tim.o(.text)
    TIM_ForcedOC4Config                      0x080037ab   Thumb Code   102  stm32f4xx_tim.o(.text)
    TIM_OC1PreloadConfig                     0x08003811   Thumb Code   124  stm32f4xx_tim.o(.text)
    TIM_OC2PreloadConfig                     0x0800388d   Thumb Code   108  stm32f4xx_tim.o(.text)
    TIM_OC3PreloadConfig                     0x080038f9   Thumb Code   136  stm32f4xx_tim.o(.text)
    TIM_OC4PreloadConfig                     0x08003981   Thumb Code    96  stm32f4xx_tim.o(.text)
    TIM_OC1FastConfig                        0x080039e1   Thumb Code   124  stm32f4xx_tim.o(.text)
    TIM_OC2FastConfig                        0x08003a5d   Thumb Code   108  stm32f4xx_tim.o(.text)
    TIM_OC3FastConfig                        0x08003ac9   Thumb Code    88  stm32f4xx_tim.o(.text)
    TIM_OC4FastConfig                        0x08003b21   Thumb Code    96  stm32f4xx_tim.o(.text)
    TIM_ClearOC1Ref                          0x08003b81   Thumb Code   124  stm32f4xx_tim.o(.text)
    TIM_ClearOC2Ref                          0x08003bfd   Thumb Code   106  stm32f4xx_tim.o(.text)
    TIM_ClearOC3Ref                          0x08003c67   Thumb Code    88  stm32f4xx_tim.o(.text)
    TIM_ClearOC4Ref                          0x08003cbf   Thumb Code    94  stm32f4xx_tim.o(.text)
    TIM_OC1PolarityConfig                    0x08003d1d   Thumb Code   174  stm32f4xx_tim.o(.text)
    TIM_OC1NPolarityConfig                   0x08003dcb   Thumb Code    64  stm32f4xx_tim.o(.text)
    TIM_OC2PolarityConfig                    0x08003e0b   Thumb Code   108  stm32f4xx_tim.o(.text)
    TIM_OC2NPolarityConfig                   0x08003e77   Thumb Code    72  stm32f4xx_tim.o(.text)
    TIM_OC3PolarityConfig                    0x08003ebf   Thumb Code    96  stm32f4xx_tim.o(.text)
    TIM_OC3NPolarityConfig                   0x08003f1f   Thumb Code    72  stm32f4xx_tim.o(.text)
    TIM_OC4PolarityConfig                    0x08003f67   Thumb Code    96  stm32f4xx_tim.o(.text)
    TIM_CCxCmd                               0x08003fc7   Thumb Code   168  stm32f4xx_tim.o(.text)
    TIM_CCxNCmd                              0x0800406f   Thumb Code   104  stm32f4xx_tim.o(.text)
    TIM_SetIC4Prescaler                      0x080040d7   Thumb Code   106  stm32f4xx_tim.o(.text)
    TIM_SetIC3Prescaler                      0x080041c1   Thumb Code    98  stm32f4xx_tim.o(.text)
    TIM_SetIC2Prescaler                      0x0800426b   Thumb Code   118  stm32f4xx_tim.o(.text)
    TIM_SetIC1Prescaler                      0x08004331   Thumb Code   134  stm32f4xx_tim.o(.text)
    TIM_ICInit                               0x080043f1   Thumb Code   508  stm32f4xx_tim.o(.text)
    TIM_ICStructInit                         0x080045ed   Thumb Code    18  stm32f4xx_tim.o(.text)
    TIM_PWMIConfig                           0x080045ff   Thumb Code   184  stm32f4xx_tim.o(.text)
    TIM_GetCapture1                          0x080046b7   Thumb Code    92  stm32f4xx_tim.o(.text)
    TIM_GetCapture2                          0x08004713   Thumb Code    68  stm32f4xx_tim.o(.text)
    TIM_GetCapture3                          0x08004757   Thumb Code    56  stm32f4xx_tim.o(.text)
    TIM_GetCapture4                          0x0800478f   Thumb Code    56  stm32f4xx_tim.o(.text)
    TIM_BDTRConfig                           0x080047c7   Thumb Code   222  stm32f4xx_tim.o(.text)
    TIM_BDTRStructInit                       0x080048a5   Thumb Code    18  stm32f4xx_tim.o(.text)
    TIM_CtrlPWMOutputs                       0x080048b7   Thumb Code    78  stm32f4xx_tim.o(.text)
    TIM_SelectCOM                            0x08004905   Thumb Code    72  stm32f4xx_tim.o(.text)
    TIM_CCPreloadControl                     0x0800494d   Thumb Code    72  stm32f4xx_tim.o(.text)
    TIM_ITConfig                             0x08004995   Thumb Code   218  stm32f4xx_tim.o(.text)
    TIM_GenerateEvent                        0x08004a6f   Thumb Code   126  stm32f4xx_tim.o(.text)
    TIM_GetFlagStatus                        0x08004aed   Thumb Code   188  stm32f4xx_tim.o(.text)
    TIM_ClearFlag                            0x08004ba9   Thumb Code   108  stm32f4xx_tim.o(.text)
    TIM_GetITStatus                          0x08004c15   Thumb Code   186  stm32f4xx_tim.o(.text)
    TIM_ClearITPendingBit                    0x08004ccf   Thumb Code   108  stm32f4xx_tim.o(.text)
    TIM_DMAConfig                            0x08004d3b   Thumb Code   334  stm32f4xx_tim.o(.text)
    TIM_DMACmd                               0x08004e89   Thumb Code   126  stm32f4xx_tim.o(.text)
    TIM_SelectCCDMA                          0x08004f07   Thumb Code    96  stm32f4xx_tim.o(.text)
    TIM_InternalClockConfig                  0x08004f67   Thumb Code    76  stm32f4xx_tim.o(.text)
    TIM_SelectInputTrigger                   0x08004fb3   Thumb Code   148  stm32f4xx_tim.o(.text)
    TIM_ITRxExternalClockConfig              0x08005047   Thumb Code   110  stm32f4xx_tim.o(.text)
    TIM_TIxExternalClockConfig               0x080050b5   Thumb Code   184  stm32f4xx_tim.o(.text)
    TIM_ETRConfig                            0x0800516d   Thumb Code   164  stm32f4xx_tim.o(.text)
    TIM_ETRClockMode1Config                  0x08005211   Thumb Code   228  stm32f4xx_tim.o(.text)
    TIM_ETRClockMode2Config                  0x080052f5   Thumb Code   152  stm32f4xx_tim.o(.text)
    TIM_SelectOutputTrigger                  0x0800538d   Thumb Code   126  stm32f4xx_tim.o(.text)
    TIM_SelectSlaveMode                      0x0800540b   Thumb Code   112  stm32f4xx_tim.o(.text)
    TIM_SelectMasterSlaveMode                0x0800547b   Thumb Code   102  stm32f4xx_tim.o(.text)
    TIM_EncoderInterfaceConfig               0x080054e1   Thumb Code   226  stm32f4xx_tim.o(.text)
    TIM_SelectHallSensor                     0x080055c3   Thumb Code   108  stm32f4xx_tim.o(.text)
    TIM_RemapConfig                          0x0800562f   Thumb Code   138  stm32f4xx_tim.o(.text)
    USART_DeInit                             0x080056b9   Thumb Code   202  stm32f4xx_usart.o(.text)
    USART_Init                               0x08005783   Thumb Code   456  stm32f4xx_usart.o(.text)
    USART_StructInit                         0x0800594b   Thumb Code    24  stm32f4xx_usart.o(.text)
    USART_ClockInit                          0x08005963   Thumb Code   166  stm32f4xx_usart.o(.text)
    USART_ClockStructInit                    0x08005a09   Thumb Code    12  stm32f4xx_usart.o(.text)
    USART_Cmd                                0x08005a15   Thumb Code    96  stm32f4xx_usart.o(.text)
    USART_SetPrescaler                       0x08005a75   Thumb Code   160  stm32f4xx_usart.o(.text)
    USART_OverSampling8Cmd                   0x08005b15   Thumb Code    98  stm32f4xx_usart.o(.text)
    USART_OneBitMethodCmd                    0x08005b77   Thumb Code   100  stm32f4xx_usart.o(.text)
    USART_SendData                           0x08005bdb   Thumb Code    84  stm32f4xx_usart.o(.text)
    USART_ReceiveData                        0x08005c2f   Thumb Code    62  stm32f4xx_usart.o(.text)
    USART_SetAddress                         0x08005c6d   Thumb Code    92  stm32f4xx_usart.o(.text)
    USART_ReceiverWakeUpCmd                  0x08005cc9   Thumb Code   100  stm32f4xx_usart.o(.text)
    USART_WakeUpConfig                       0x08005d2d   Thumb Code    96  stm32f4xx_usart.o(.text)
    USART_LINBreakDetectLengthConfig         0x08005d8d   Thumb Code    94  stm32f4xx_usart.o(.text)
    USART_LINCmd                             0x08005deb   Thumb Code   100  stm32f4xx_usart.o(.text)
    USART_SendBreak                          0x08005e4f   Thumb Code    64  stm32f4xx_usart.o(.text)
    USART_HalfDuplexCmd                      0x08005e8f   Thumb Code   100  stm32f4xx_usart.o(.text)
    USART_SetGuardTime                       0x08005ef3   Thumb Code    86  stm32f4xx_usart.o(.text)
    USART_SmartCardCmd                       0x08005f49   Thumb Code    88  stm32f4xx_usart.o(.text)
    USART_SmartCardNACKCmd                   0x08005fa1   Thumb Code    88  stm32f4xx_usart.o(.text)
    USART_IrDAConfig                         0x08005ff9   Thumb Code    94  stm32f4xx_usart.o(.text)
    USART_IrDACmd                            0x08006057   Thumb Code   100  stm32f4xx_usart.o(.text)
    USART_DMACmd                             0x080060bb   Thumb Code   120  stm32f4xx_usart.o(.text)
    USART_ITConfig                           0x08006133   Thumb Code   268  stm32f4xx_usart.o(.text)
    USART_GetFlagStatus                      0x0800623f   Thumb Code   176  stm32f4xx_usart.o(.text)
    USART_ClearFlag                          0x080062ef   Thumb Code   160  stm32f4xx_usart.o(.text)
    USART_GetITStatus                        0x0800638f   Thumb Code   284  stm32f4xx_usart.o(.text)
    USART_ClearITPendingBit                  0x080064ab   Thumb Code   170  stm32f4xx_usart.o(.text)
    Reset_Handler                            0x0800656d   Thumb Code     8  startup_stm32f4xx.o(.text)
    DebugMon_Handler                         0x08006581   Thumb Code     2  startup_stm32f4xx.o(.text)
    ADC_IRQHandler                           0x08006587   Thumb Code     0  startup_stm32f4xx.o(.text)
    CAN1_RX0_IRQHandler                      0x08006587   Thumb Code     0  startup_stm32f4xx.o(.text)
    CAN1_RX1_IRQHandler                      0x08006587   Thumb Code     0  startup_stm32f4xx.o(.text)
    CAN1_SCE_IRQHandler                      0x08006587   Thumb Code     0  startup_stm32f4xx.o(.text)
    CAN1_TX_IRQHandler                       0x08006587   Thumb Code     0  startup_stm32f4xx.o(.text)
    CAN2_RX0_IRQHandler                      0x08006587   Thumb Code     0  startup_stm32f4xx.o(.text)
    CAN2_RX1_IRQHandler                      0x08006587   Thumb Code     0  startup_stm32f4xx.o(.text)
    CAN2_SCE_IRQHandler                      0x08006587   Thumb Code     0  startup_stm32f4xx.o(.text)
    CAN2_TX_IRQHandler                       0x08006587   Thumb Code     0  startup_stm32f4xx.o(.text)
    CRYP_IRQHandler                          0x08006587   Thumb Code     0  startup_stm32f4xx.o(.text)
    DCMI_IRQHandler                          0x08006587   Thumb Code     0  startup_stm32f4xx.o(.text)
    DMA1_Stream0_IRQHandler                  0x08006587   Thumb Code     0  startup_stm32f4xx.o(.text)
    DMA1_Stream1_IRQHandler                  0x08006587   Thumb Code     0  startup_stm32f4xx.o(.text)
    DMA1_Stream2_IRQHandler                  0x08006587   Thumb Code     0  startup_stm32f4xx.o(.text)
    DMA1_Stream3_IRQHandler                  0x08006587   Thumb Code     0  startup_stm32f4xx.o(.text)
    DMA1_Stream4_IRQHandler                  0x08006587   Thumb Code     0  startup_stm32f4xx.o(.text)
    DMA1_Stream5_IRQHandler                  0x08006587   Thumb Code     0  startup_stm32f4xx.o(.text)
    DMA1_Stream6_IRQHandler                  0x08006587   Thumb Code     0  startup_stm32f4xx.o(.text)
    DMA1_Stream7_IRQHandler                  0x08006587   Thumb Code     0  startup_stm32f4xx.o(.text)
    DMA2_Stream0_IRQHandler                  0x08006587   Thumb Code     0  startup_stm32f4xx.o(.text)
    DMA2_Stream1_IRQHandler                  0x08006587   Thumb Code     0  startup_stm32f4xx.o(.text)
    DMA2_Stream2_IRQHandler                  0x08006587   Thumb Code     0  startup_stm32f4xx.o(.text)
    DMA2_Stream3_IRQHandler                  0x08006587   Thumb Code     0  startup_stm32f4xx.o(.text)
    DMA2_Stream4_IRQHandler                  0x08006587   Thumb Code     0  startup_stm32f4xx.o(.text)
    DMA2_Stream5_IRQHandler                  0x08006587   Thumb Code     0  startup_stm32f4xx.o(.text)
    DMA2_Stream6_IRQHandler                  0x08006587   Thumb Code     0  startup_stm32f4xx.o(.text)
    DMA2_Stream7_IRQHandler                  0x08006587   Thumb Code     0  startup_stm32f4xx.o(.text)
    ETH_IRQHandler                           0x08006587   Thumb Code     0  startup_stm32f4xx.o(.text)
    ETH_WKUP_IRQHandler                      0x08006587   Thumb Code     0  startup_stm32f4xx.o(.text)
    EXTI0_IRQHandler                         0x08006587   Thumb Code     0  startup_stm32f4xx.o(.text)
    EXTI15_10_IRQHandler                     0x08006587   Thumb Code     0  startup_stm32f4xx.o(.text)
    EXTI1_IRQHandler                         0x08006587   Thumb Code     0  startup_stm32f4xx.o(.text)
    EXTI2_IRQHandler                         0x08006587   Thumb Code     0  startup_stm32f4xx.o(.text)
    EXTI3_IRQHandler                         0x08006587   Thumb Code     0  startup_stm32f4xx.o(.text)
    EXTI4_IRQHandler                         0x08006587   Thumb Code     0  startup_stm32f4xx.o(.text)
    EXTI9_5_IRQHandler                       0x08006587   Thumb Code     0  startup_stm32f4xx.o(.text)
    FLASH_IRQHandler                         0x08006587   Thumb Code     0  startup_stm32f4xx.o(.text)
    FPU_IRQHandler                           0x08006587   Thumb Code     0  startup_stm32f4xx.o(.text)
    FSMC_IRQHandler                          0x08006587   Thumb Code     0  startup_stm32f4xx.o(.text)
    HASH_RNG_IRQHandler                      0x08006587   Thumb Code     0  startup_stm32f4xx.o(.text)
    I2C1_ER_IRQHandler                       0x08006587   Thumb Code     0  startup_stm32f4xx.o(.text)
    I2C1_EV_IRQHandler                       0x08006587   Thumb Code     0  startup_stm32f4xx.o(.text)
    I2C2_ER_IRQHandler                       0x08006587   Thumb Code     0  startup_stm32f4xx.o(.text)
    I2C2_EV_IRQHandler                       0x08006587   Thumb Code     0  startup_stm32f4xx.o(.text)
    I2C3_ER_IRQHandler                       0x08006587   Thumb Code     0  startup_stm32f4xx.o(.text)
    I2C3_EV_IRQHandler                       0x08006587   Thumb Code     0  startup_stm32f4xx.o(.text)
    OTG_FS_IRQHandler                        0x08006587   Thumb Code     0  startup_stm32f4xx.o(.text)
    OTG_FS_WKUP_IRQHandler                   0x08006587   Thumb Code     0  startup_stm32f4xx.o(.text)
    OTG_HS_EP1_IN_IRQHandler                 0x08006587   Thumb Code     0  startup_stm32f4xx.o(.text)
    OTG_HS_EP1_OUT_IRQHandler                0x08006587   Thumb Code     0  startup_stm32f4xx.o(.text)
    OTG_HS_IRQHandler                        0x08006587   Thumb Code     0  startup_stm32f4xx.o(.text)
    OTG_HS_WKUP_IRQHandler                   0x08006587   Thumb Code     0  startup_stm32f4xx.o(.text)
    PVD_IRQHandler                           0x08006587   Thumb Code     0  startup_stm32f4xx.o(.text)
    RCC_IRQHandler                           0x08006587   Thumb Code     0  startup_stm32f4xx.o(.text)
    RTC_Alarm_IRQHandler                     0x08006587   Thumb Code     0  startup_stm32f4xx.o(.text)
    RTC_WKUP_IRQHandler                      0x08006587   Thumb Code     0  startup_stm32f4xx.o(.text)
    SDIO_IRQHandler                          0x08006587   Thumb Code     0  startup_stm32f4xx.o(.text)
    SPI1_IRQHandler                          0x08006587   Thumb Code     0  startup_stm32f4xx.o(.text)
    SPI2_IRQHandler                          0x08006587   Thumb Code     0  startup_stm32f4xx.o(.text)
    SPI3_IRQHandler                          0x08006587   Thumb Code     0  startup_stm32f4xx.o(.text)
    TAMP_STAMP_IRQHandler                    0x08006587   Thumb Code     0  startup_stm32f4xx.o(.text)
    TIM1_BRK_TIM9_IRQHandler                 0x08006587   Thumb Code     0  startup_stm32f4xx.o(.text)
    TIM1_CC_IRQHandler                       0x08006587   Thumb Code     0  startup_stm32f4xx.o(.text)
    TIM1_TRG_COM_TIM11_IRQHandler            0x08006587   Thumb Code     0  startup_stm32f4xx.o(.text)
    TIM1_UP_TIM10_IRQHandler                 0x08006587   Thumb Code     0  startup_stm32f4xx.o(.text)
    TIM2_IRQHandler                          0x08006587   Thumb Code     0  startup_stm32f4xx.o(.text)
    TIM3_IRQHandler                          0x08006587   Thumb Code     0  startup_stm32f4xx.o(.text)
    TIM4_IRQHandler                          0x08006587   Thumb Code     0  startup_stm32f4xx.o(.text)
    TIM5_IRQHandler                          0x08006587   Thumb Code     0  startup_stm32f4xx.o(.text)
    TIM6_DAC_IRQHandler                      0x08006587   Thumb Code     0  startup_stm32f4xx.o(.text)
    TIM7_IRQHandler                          0x08006587   Thumb Code     0  startup_stm32f4xx.o(.text)
    TIM8_BRK_TIM12_IRQHandler                0x08006587   Thumb Code     0  startup_stm32f4xx.o(.text)
    TIM8_CC_IRQHandler                       0x08006587   Thumb Code     0  startup_stm32f4xx.o(.text)
    TIM8_TRG_COM_TIM14_IRQHandler            0x08006587   Thumb Code     0  startup_stm32f4xx.o(.text)
    TIM8_UP_TIM13_IRQHandler                 0x08006587   Thumb Code     0  startup_stm32f4xx.o(.text)
    UART4_IRQHandler                         0x08006587   Thumb Code     0  startup_stm32f4xx.o(.text)
    UART5_IRQHandler                         0x08006587   Thumb Code     0  startup_stm32f4xx.o(.text)
    USART6_IRQHandler                        0x08006587   Thumb Code     0  startup_stm32f4xx.o(.text)
    WWDG_IRQHandler                          0x08006587   Thumb Code     0  startup_stm32f4xx.o(.text)
    __user_initial_stackheap                 0x08006589   Thumb Code     0  startup_stm32f4xx.o(.text)
    rt_system_tick_init                      0x080065ad   Thumb Code     2  clock.o(.text)
    rt_tick_get                              0x080065af   Thumb Code     6  clock.o(.text)
    rt_tick_set                              0x080065b5   Thumb Code    22  clock.o(.text)
    rt_tick_increase                         0x080065cb   Thumb Code    42  clock.o(.text)
    rt_tick_from_millisecond                 0x080065f5   Thumb Code    22  clock.o(.text)
    rt_device_find                           0x08006611   Thumb Code    76  device.o(.text)
    rt_device_register                       0x0800665d   Thumb Code    50  device.o(.text)
    rt_device_unregister                     0x0800668f   Thumb Code    44  device.o(.text)
    rt_device_init_all                       0x080066bb   Thumb Code     4  device.o(.text)
    rt_device_init                           0x080066bf   Thumb Code    82  device.o(.text)
    rt_device_open                           0x08006711   Thumb Code   172  device.o(.text)
    rt_device_close                          0x080067bd   Thumb Code    86  device.o(.text)
    rt_device_read                           0x08006813   Thumb Code    90  device.o(.text)
    rt_device_write                          0x0800686d   Thumb Code    90  device.o(.text)
    rt_device_control                        0x080068c7   Thumb Code    60  device.o(.text)
    rt_device_set_rx_indicate                0x08006903   Thumb Code    44  device.o(.text)
    rt_device_set_tx_complete                0x0800692f   Thumb Code    44  device.o(.text)
    rt_thread_idle_sethook                   0x08006a01   Thumb Code     6  idle.o(.text)
    rt_thread_idle_excute                    0x08006a07   Thumb Code   172  idle.o(.text)
    rt_thread_idle_init                      0x08006ac7   Thumb Code    38  idle.o(.text)
    rt_sem_init                              0x08006c11   Thumb Code    64  ipc.o(.text)
    rt_sem_detach                            0x08006c51   Thumb Code    52  ipc.o(.text)
    rt_sem_create                            0x08006c85   Thumb Code   102  ipc.o(.text)
    rt_sem_delete                            0x08006ceb   Thumb Code   114  ipc.o(.text)
    rt_sem_take                              0x08006d5d   Thumb Code   324  ipc.o(.text)
    rt_sem_trytake                           0x08006ea1   Thumb Code    14  ipc.o(.text)
    rt_sem_release                           0x08006eaf   Thumb Code    80  ipc.o(.text)
    rt_sem_control                           0x08006eff   Thumb Code    86  ipc.o(.text)
    rt_mutex_init                            0x08006f55   Thumb Code    76  ipc.o(.text)
    rt_mutex_detach                          0x08006fa1   Thumb Code    54  ipc.o(.text)
    rt_mutex_create                          0x08006fd7   Thumb Code   328  ipc.o(.text)
    rt_mutex_delete                          0x0800711f   Thumb Code   124  ipc.o(.text)
    rt_mutex_take                            0x0800719b   Thumb Code   408  ipc.o(.text)
    rt_mutex_release                         0x08007333   Thumb Code   314  ipc.o(.text)
    rt_mutex_control                         0x0800746d   Thumb Code     8  ipc.o(.text)
    rt_event_init                            0x08007475   Thumb Code    66  ipc.o(.text)
    rt_event_detach                          0x080074b7   Thumb Code    56  ipc.o(.text)
    rt_event_create                          0x080074ef   Thumb Code   164  ipc.o(.text)
    rt_event_delete                          0x08007593   Thumb Code   124  ipc.o(.text)
    rt_event_send                            0x0800760f   Thumb Code   232  ipc.o(.text)
    rt_event_recv                            0x080076f7   Thumb Code   450  ipc.o(.text)
    rt_event_control                         0x080078b9   Thumb Code    86  ipc.o(.text)
    rt_mb_init                               0x0800790f   Thumb Code    96  ipc.o(.text)
    rt_mb_detach                             0x0800796f   Thumb Code   120  ipc.o(.text)
    rt_mb_create                             0x080079e7   Thumb Code   148  ipc.o(.text)
    rt_mb_delete                             0x08007a7b   Thumb Code   138  ipc.o(.text)
    rt_mb_send_wait                          0x08007b05   Thumb Code   444  ipc.o(.text)
    rt_mb_send                               0x08007cc1   Thumb Code    18  ipc.o(.text)
    rt_mb_recv                               0x08007cd3   Thumb Code   506  ipc.o(.text)
    rt_mb_control                            0x08007ecd   Thumb Code    98  ipc.o(.text)
    rt_mq_init                               0x08007f2f   Thumb Code   138  ipc.o(.text)
    rt_mq_detach                             0x08007fb9   Thumb Code    56  ipc.o(.text)
    rt_mq_delete                             0x08007ff1   Thumb Code   126  ipc.o(.text)
    rt_mq_create                             0x0800806f   Thumb Code   190  ipc.o(.text)
    rt_mq_send                               0x0800812d   Thumb Code   254  ipc.o(.text)
    rt_mq_urgent                             0x0800822b   Thumb Code   342  ipc.o(.text)
    rt_mq_recv                               0x08008381   Thumb Code   530  ipc.o(.text)
    rt_mq_control                            0x08008593   Thumb Code   116  ipc.o(.text)
    rt_interrupt_enter                       0x0800865d   Thumb Code    30  irq.o(.text)
    rt_interrupt_leave                       0x0800867b   Thumb Code    30  irq.o(.text)
    rt_interrupt_get_nest                    0x08008699   Thumb Code     6  irq.o(.text)
    rt_get_errno                             0x080086a5   Thumb Code    32  kservice.o(.text)
    rt_set_errno                             0x080086c5   Thumb Code    36  kservice.o(.text)
    _rt_errno                                0x080086e9   Thumb Code    30  kservice.o(.text)
    rt_memset                                0x08008707   Thumb Code    72  kservice.o(.text)
    rt_memcpy                                0x0800874f   Thumb Code   124  kservice.o(.text)
    rt_memmove                               0x080087cb   Thumb Code    66  kservice.o(.text)
    rt_memcmp                                0x0800880d   Thumb Code    38  kservice.o(.text)
    rt_strlen                                0x08008833   Thumb Code    18  kservice.o(.text)
    rt_strstr                                0x08008845   Thumb Code    58  kservice.o(.text)
    rt_strcasecmp                            0x0800887f   Thumb Code    48  kservice.o(.text)
    rt_strncpy                               0x080088af   Thumb Code    52  kservice.o(.text)
    rt_strncmp                               0x080088e3   Thumb Code    40  kservice.o(.text)
    rt_strcmp                                0x0800890b   Thumb Code    28  kservice.o(.text)
    rt_strdup                                0x08008927   Thumb Code    40  kservice.o(.text)
    rt_hw_console_output                     0x0800894f   Thumb Code     2  kservice.o(.text)
    rt_vsnprintf                             0x08008b07   Thumb Code   800  kservice.o(.text)
    rt_kprintf                               0x08008e27   Thumb Code    96  kservice.o(.text)
    rt_show_version                          0x08008e87   Thumb Code    38  kservice.o(.text)
    rt_snprintf                              0x08008ead   Thumb Code    38  kservice.o(.text)
    rt_vsprintf                              0x08008ed3   Thumb Code    22  kservice.o(.text)
    rt_sprintf                               0x08008ee9   Thumb Code    34  kservice.o(.text)
    rt_console_get_device                    0x08008f0b   Thumb Code     6  kservice.o(.text)
    rt_console_set_device                    0x08008f11   Thumb Code    48  kservice.o(.text)
    rt_malloc_align                          0x08008f41   Thumb Code    66  kservice.o(.text)
    rt_free_align                            0x08008f83   Thumb Code    16  kservice.o(.text)
    __rt_ffs                                 0x08008f93   Thumb Code    70  kservice.o(.text)
    rt_malloc_sethook                        0x08009075   Thumb Code     6  mem.o(.text)
    rt_free_sethook                          0x0800907b   Thumb Code     6  mem.o(.text)
    rt_system_heap_init                      0x08009157   Thumb Code   222  mem.o(.text)
    rt_malloc                                0x08009235   Thumb Code   940  mem.o(.text)
    rt_free                                  0x080095e1   Thumb Code   346  mem.o(.text)
    rt_realloc                               0x0800973b   Thumb Code   330  mem.o(.text)
    rt_calloc                                0x08009885   Thumb Code    98  mem.o(.text)
    rt_memory_info                           0x080098e7   Thumb Code    26  mem.o(.text)
    list_mem                                 0x08009901   Thumb Code    34  mem.o(.text)
    rt_object_attach_sethook                 0x08009a49   Thumb Code     6  object.o(.text)
    rt_object_detach_sethook                 0x08009a4f   Thumb Code     6  object.o(.text)
    rt_object_trytake_sethook                0x08009a55   Thumb Code     6  object.o(.text)
    rt_object_take_sethook                   0x08009a5b   Thumb Code     6  object.o(.text)
    rt_object_put_sethook                    0x08009a61   Thumb Code     6  object.o(.text)
    rt_system_object_init                    0x08009a67   Thumb Code     2  object.o(.text)
    rt_object_get_information                0x08009a69   Thumb Code    10  object.o(.text)
    rt_object_init                           0x08009a73   Thumb Code    76  object.o(.text)
    rt_object_detach                         0x08009abf   Thumb Code    74  object.o(.text)
    rt_object_allocate                       0x08009b09   Thumb Code   150  object.o(.text)
    rt_object_delete                         0x08009b9f   Thumb Code   120  object.o(.text)
    rt_object_is_systemobject                0x08009c17   Thumb Code    52  object.o(.text)
    rt_object_find                           0x08009c4b   Thumb Code   138  object.o(.text)
    rt_scheduler_sethook                     0x08009d89   Thumb Code     6  scheduler.o(.text)
    rt_system_scheduler_init                 0x08009df3   Thumb Code    56  scheduler.o(.text)
    rt_system_scheduler_start                0x08009e2b   Thumb Code    36  scheduler.o(.text)
    rt_schedule                              0x08009e4f   Thumb Code   134  scheduler.o(.text)
    rt_schedule_insert_thread                0x08009ed5   Thumb Code   100  scheduler.o(.text)
    rt_schedule_remove_thread                0x08009f39   Thumb Code   112  scheduler.o(.text)
    rt_enter_critical                        0x08009fa9   Thumb Code    28  scheduler.o(.text)
    rt_exit_critical                         0x08009fc5   Thumb Code    54  scheduler.o(.text)
    rt_critical_level                        0x08009ffb   Thumb Code     8  scheduler.o(.text)
    rt_thread_timeout                        0x0800a129   Thumb Code   102  thread.o(.text)
    rt_thread_init                           0x0800a22d   Thumb Code   110  thread.o(.text)
    rt_thread_self                           0x0800a29b   Thumb Code     6  thread.o(.text)
    rt_thread_resume                         0x0800a2a1   Thumb Code    96  thread.o(.text)
    rt_thread_startup                        0x0800a301   Thumb Code   116  thread.o(.text)
    rt_thread_detach                         0x0800a375   Thumb Code    90  thread.o(.text)
    rt_thread_create                         0x0800a3cf   Thumb Code    80  thread.o(.text)
    rt_thread_delete                         0x0800a41f   Thumb Code    82  thread.o(.text)
    rt_thread_yield                          0x0800a471   Thumb Code   314  thread.o(.text)
    rt_thread_suspend                        0x0800a5ab   Thumb Code    98  thread.o(.text)
    rt_thread_sleep                          0x0800a60d   Thumb Code   100  thread.o(.text)
    rt_thread_delay                          0x0800a671   Thumb Code    12  thread.o(.text)
    rt_thread_control                        0x0800a67d   Thumb Code   146  thread.o(.text)
    rt_thread_find                           0x0800a70f   Thumb Code    76  thread.o(.text)
    rt_timer_timeout_sethook                 0x0800a77f   Thumb Code     6  timer.o(.text)
    rt_timer_init                            0x0800a811   Thumb Code    76  timer.o(.text)
    rt_timer_detach                          0x0800a85d   Thumb Code    62  timer.o(.text)
    rt_timer_create                          0x0800a89b   Thumb Code    54  timer.o(.text)
    rt_timer_delete                          0x0800a8d1   Thumb Code    64  timer.o(.text)
    rt_timer_start                           0x0800a911   Thumb Code   342  timer.o(.text)
    rt_timer_stop                            0x0800aa67   Thumb Code    98  timer.o(.text)
    rt_timer_control                         0x0800aac9   Thumb Code    94  timer.o(.text)
    rt_timer_check                           0x0800ab27   Thumb Code   282  timer.o(.text)
    rt_timer_next_timeout_tick               0x0800ac41   Thumb Code    10  timer.o(.text)
    rt_system_timer_init                     0x0800ac4b   Thumb Code    24  timer.o(.text)
    rt_system_timer_thread_init              0x0800ac63   Thumb Code     2  timer.o(.text)
    rt_hw_stack_init                         0x0800ac81   Thumb Code    74  cpuport.o(.text)
    rt_hw_exception_install                  0x0800accb   Thumb Code     6  cpuport.o(.text)
    rt_hw_hard_fault_exception               0x0800acd1   Thumb Code   112  cpuport.o(.text)
    rt_hw_cpu_shutdown                       0x0800ad41   Thumb Code    36  cpuport.o(.text)
    rt_hw_interrupt_disable                  0x0800ae41   Thumb Code     8  context_rvds.o(.text)
    rt_hw_interrupt_enable                   0x0800ae49   Thumb Code     6  context_rvds.o(.text)
    rt_hw_context_switch                     0x0800ae4f   Thumb Code    32  context_rvds.o(.text)
    rt_hw_context_switch_interrupt           0x0800ae4f   Thumb Code     0  context_rvds.o(.text)
    PendSV_Handler                           0x0800ae6f   Thumb Code   108  context_rvds.o(.text)
    rt_hw_context_switch_to                  0x0800aedb   Thumb Code    70  context_rvds.o(.text)
    rt_hw_interrupt_thread_switch            0x0800af21   Thumb Code     4  context_rvds.o(.text)
    HardFault_Handler                        0x0800af25   Thumb Code    20  context_rvds.o(.text)
    finsh_set_device                         0x0800af85   Thumb Code   142  shell.o(.text)
    finsh_get_device                         0x0800b013   Thumb Code    46  shell.o(.text)
    finsh_set_echo                           0x0800b041   Thumb Code    48  shell.o(.text)
    finsh_get_echo                           0x0800b071   Thumb Code    50  shell.o(.text)
    finsh_run_line                           0x0800b0bf   Thumb Code   150  shell.o(.text)
    finsh_thread_entry                       0x0800b211   Thumb Code  1670  shell.o(.text)
    finsh_system_function_init               0x0800b897   Thumb Code    10  shell.o(.text)
    finsh_system_var_init                    0x0800b8a1   Thumb Code    10  shell.o(.text)
    finsh_system_init                        0x0800b8ab   Thumb Code   122  shell.o(.text)
    hello                                    0x0800b98d   Thumb Code    12  cmd.o(.text)
    version                                  0x0800b999   Thumb Code    10  cmd.o(.text)
    list_thread                              0x0800ba4f   Thumb Code    10  cmd.o(.text)
    list_sem                                 0x0800baed   Thumb Code    12  cmd.o(.text)
    list_event                               0x0800bb59   Thumb Code    12  cmd.o(.text)
    list_mutex                               0x0800bba7   Thumb Code    12  cmd.o(.text)
    list_mailbox                             0x0800bc2b   Thumb Code    12  cmd.o(.text)
    list_msgqueue                            0x0800bca3   Thumb Code    12  cmd.o(.text)
    list_mempool                             0x0800bd15   Thumb Code    12  cmd.o(.text)
    list_timer                               0x0800c159   Thumb Code    10  cmd.o(.text)
    list_device                              0x0800c1b5   Thumb Code    12  cmd.o(.text)
    list                                     0x0800c1c1   Thumb Code   126  cmd.o(.text)
    list_prefix                              0x0800c281   Thumb Code   434  cmd.o(.text)
    finsh_compiler_run                       0x0800dceb   Thumb Code    88  finsh_compiler.o(.text)
    finsh_error_init                         0x0800dd55   Thumb Code     8  finsh_error.o(.text)
    finsh_error_set                          0x0800dd5d   Thumb Code    10  finsh_error.o(.text)
    finsh_errno                              0x0800dd67   Thumb Code     6  finsh_error.o(.text)
    finsh_error_string                       0x0800dd6d   Thumb Code    10  finsh_error.o(.text)
    finsh_heap_init                          0x0800dd81   Thumb Code    36  finsh_heap.o(.text)
    finsh_heap_free                          0x0800dea5   Thumb Code    34  finsh_heap.o(.text)
    finsh_heap_allocate                      0x0800df15   Thumb Code   106  finsh_heap.o(.text)
    finsh_init                               0x0800df91   Thumb Code    30  finsh_init.o(.text)
    finsh_stack_bottom                       0x0800dfaf   Thumb Code     6  finsh_init.o(.text)
    finsh_flush                              0x0800dfb5   Thumb Code    22  finsh_init.o(.text)
    finsh_reset                              0x0800dfcb   Thumb Code    24  finsh_init.o(.text)
    finsh_node_init                          0x0800dfe9   Thumb Code    16  finsh_node.o(.text)
    finsh_node_allocate                      0x0800dff9   Thumb Code    56  finsh_node.o(.text)
    finsh_node_new_id                        0x0800e031   Thumb Code   118  finsh_node.o(.text)
    finsh_node_new_char                      0x0800e0a7   Thumb Code    30  finsh_node.o(.text)
    finsh_node_new_int                       0x0800e0c5   Thumb Code    30  finsh_node.o(.text)
    finsh_node_new_long                      0x0800e0e3   Thumb Code    30  finsh_node.o(.text)
    finsh_node_new_string                    0x0800e101   Thumb Code    74  finsh_node.o(.text)
    finsh_node_new_ptr                       0x0800e14b   Thumb Code    30  finsh_node.o(.text)
    OP_no_op                                 0x0800e16d   Thumb Code     2  finsh_ops.o(.text)
    OP_add_byte                              0x0800e16f   Thumb Code    42  finsh_ops.o(.text)
    OP_add_word                              0x0800e199   Thumb Code    44  finsh_ops.o(.text)
    OP_add_dword                             0x0800e1c5   Thumb Code    42  finsh_ops.o(.text)
    OP_sub_byte                              0x0800e1ef   Thumb Code    42  finsh_ops.o(.text)
    OP_sub_word                              0x0800e219   Thumb Code    44  finsh_ops.o(.text)
    OP_sub_dword                             0x0800e245   Thumb Code    42  finsh_ops.o(.text)
    OP_div_byte                              0x0800e26f   Thumb Code    44  finsh_ops.o(.text)
    OP_div_word                              0x0800e29b   Thumb Code    46  finsh_ops.o(.text)
    OP_div_dword                             0x0800e2c9   Thumb Code    44  finsh_ops.o(.text)
    OP_mod_byte                              0x0800e2f5   Thumb Code    48  finsh_ops.o(.text)
    OP_mod_word                              0x0800e325   Thumb Code    48  finsh_ops.o(.text)
    OP_mod_dword                             0x0800e355   Thumb Code    48  finsh_ops.o(.text)
    OP_mul_byte                              0x0800e385   Thumb Code    44  finsh_ops.o(.text)
    OP_mul_word                              0x0800e3b1   Thumb Code    46  finsh_ops.o(.text)
    OP_mul_dword                             0x0800e3df   Thumb Code    42  finsh_ops.o(.text)
    OP_and_byte                              0x0800e409   Thumb Code    42  finsh_ops.o(.text)
    OP_and_word                              0x0800e433   Thumb Code    42  finsh_ops.o(.text)
    OP_and_dword                             0x0800e45d   Thumb Code    42  finsh_ops.o(.text)
    OP_or_byte                               0x0800e487   Thumb Code    42  finsh_ops.o(.text)
    OP_or_word                               0x0800e4b1   Thumb Code    42  finsh_ops.o(.text)
    OP_or_dword                              0x0800e4db   Thumb Code    42  finsh_ops.o(.text)
    OP_xor_byte                              0x0800e505   Thumb Code    42  finsh_ops.o(.text)
    OP_xor_word                              0x0800e52f   Thumb Code    46  finsh_ops.o(.text)
    OP_xor_dword                             0x0800e55d   Thumb Code    42  finsh_ops.o(.text)
    OP_bw_byte                               0x0800e587   Thumb Code    20  finsh_ops.o(.text)
    OP_bw_word                               0x0800e59b   Thumb Code    20  finsh_ops.o(.text)
    OP_bw_dword                              0x0800e5af   Thumb Code    20  finsh_ops.o(.text)
    OP_shl_byte                              0x0800e5c3   Thumb Code    42  finsh_ops.o(.text)
    OP_shl_word                              0x0800e5ed   Thumb Code    44  finsh_ops.o(.text)
    OP_shl_dword                             0x0800e619   Thumb Code    42  finsh_ops.o(.text)
    OP_shr_byte                              0x0800e643   Thumb Code    42  finsh_ops.o(.text)
    OP_shr_word                              0x0800e66d   Thumb Code    42  finsh_ops.o(.text)
    OP_shr_dword                             0x0800e697   Thumb Code    42  finsh_ops.o(.text)
    OP_ld_byte                               0x0800e6c1   Thumb Code    34  finsh_ops.o(.text)
    OP_ld_word                               0x0800e6e3   Thumb Code    46  finsh_ops.o(.text)
    OP_ld_dword                              0x0800e711   Thumb Code    64  finsh_ops.o(.text)
    OP_ld_value_byte                         0x0800e751   Thumb Code    66  finsh_ops.o(.text)
    OP_ld_value_byte_stack                   0x0800e793   Thumb Code    20  finsh_ops.o(.text)
    OP_ld_value_word                         0x0800e7a7   Thumb Code    66  finsh_ops.o(.text)
    OP_ld_value_word_stack                   0x0800e7e9   Thumb Code    20  finsh_ops.o(.text)
    OP_ld_value_dword                        0x0800e7fd   Thumb Code    66  finsh_ops.o(.text)
    OP_ld_value_dword_stack                  0x0800e83f   Thumb Code    20  finsh_ops.o(.text)
    OP_st_byte                               0x0800e853   Thumb Code    30  finsh_ops.o(.text)
    OP_st_word                               0x0800e871   Thumb Code    30  finsh_ops.o(.text)
    OP_st_dword                              0x0800e88f   Thumb Code    30  finsh_ops.o(.text)
    OP_pop                                   0x0800e8ad   Thumb Code    12  finsh_ops.o(.text)
    OP_call                                  0x0800e8b9   Thumb Code   906  finsh_ops.o(.text)
    finsh_parser_run                         0x0800f4d9   Thumb Code   220  finsh_parser.o(.text)
    finsh_parser_init                        0x0800f5b5   Thumb Code    16  finsh_parser.o(.text)
    finsh_var_init                           0x0800f5c5   Thumb Code    14  finsh_var.o(.text)
    finsh_var_insert                         0x0800f5d3   Thumb Code   114  finsh_var.o(.text)
    finsh_var_delete                         0x0800f645   Thumb Code    68  finsh_var.o(.text)
    finsh_var_lookup                         0x0800f689   Thumb Code    58  finsh_var.o(.text)
    finsh_sysvar_append                      0x0800f6c3   Thumb Code    62  finsh_var.o(.text)
    finsh_sysvar_lookup                      0x0800f701   Thumb Code    78  finsh_var.o(.text)
    finsh_vm_run                             0x0800f761   Thumb Code    62  finsh_vm.o(.text)
    finsh_syscall_append                     0x0800f79f   Thumb Code    54  finsh_vm.o(.text)
    finsh_syscall_lookup                     0x0800f7d5   Thumb Code    78  finsh_vm.o(.text)
    finsh_token_init                         0x0800f845   Thumb Code    20  finsh_token.o(.text)
    token_get_string                         0x0800fc35   Thumb Code   120  finsh_token.o(.text)
    finsh_token_token                        0x0800fe6d   Thumb Code    24  finsh_token.o(.text)
    finsh_token_get_token                    0x0800fe85   Thumb Code    20  finsh_token.o(.text)
    rt_hw_serial_register                    0x080105e5   Thumb Code    98  serial.o(.text)
    rt_hw_serial_isr                         0x08010647   Thumb Code   468  serial.o(.text)
    rt_completion_init                       0x0801095d   Thumb Code    60  completion.o(.text)
    rt_completion_wait                       0x08010999   Thumb Code   256  completion.o(.text)
    rt_completion_done                       0x08010a99   Thumb Code    94  completion.o(.text)
    rt_data_queue_init                       0x08010bb3   Thumb Code    92  dataqueue.o(.text)
    rt_data_queue_push                       0x08010c0f   Thumb Code   314  dataqueue.o(.text)
    rt_data_queue_pop                        0x08010d49   Thumb Code   414  dataqueue.o(.text)
    rt_data_queue_peak                       0x08010ee7   Thumb Code   112  dataqueue.o(.text)
    rt_data_queue_reset                      0x08010f57   Thumb Code   252  dataqueue.o(.text)
    atoi                                     0x08011069   Thumb Code    26  atoi.o(.text)
    strlen                                   0x08011083   Thumb Code    62  strlen.o(.text)
    strncmp                                  0x080110c1   Thumb Code   150  strncmp.o(.text)
    __aeabi_memcpy                           0x08011157   Thumb Code     0  rt_memcpy_v6.o(.text)
    __rt_memcpy                              0x08011157   Thumb Code   138  rt_memcpy_v6.o(.text)
    _memcpy_lastbytes                        0x080111bd   Thumb Code     0  rt_memcpy_v6.o(.text)
    __aeabi_memcpy4                          0x080111e1   Thumb Code     0  rt_memcpy_w.o(.text)
    __aeabi_memcpy8                          0x080111e1   Thumb Code     0  rt_memcpy_w.o(.text)
    __rt_memcpy_w                            0x080111e1   Thumb Code   100  rt_memcpy_w.o(.text)
    _memcpy_lastbytes_aligned                0x08011229   Thumb Code     0  rt_memcpy_w.o(.text)
    __aeabi_memclr                           0x08011245   Thumb Code     0  rt_memclr.o(.text)
    __rt_memclr                              0x08011245   Thumb Code    68  rt_memclr.o(.text)
    _memset                                  0x08011249   Thumb Code     0  rt_memclr.o(.text)
    __aeabi_memclr4                          0x08011289   Thumb Code     0  rt_memclr_w.o(.text)
    __aeabi_memclr8                          0x08011289   Thumb Code     0  rt_memclr_w.o(.text)
    __rt_memclr_w                            0x08011289   Thumb Code    78  rt_memclr_w.o(.text)
    _memset_w                                0x0801128d   Thumb Code     0  rt_memclr_w.o(.text)
    strncpy                                  0x080112d7   Thumb Code    86  strncpy.o(.text)
    strcmp                                   0x0801132d   Thumb Code   128  strcmpv7m.o(.text)
    __use_two_region_memory                  0x080113ad   Thumb Code     2  heapauxi.o(.text)
    __rt_heap_escrow$2region                 0x080113af   Thumb Code     2  heapauxi.o(.text)
    __rt_heap_expand$2region                 0x080113b1   Thumb Code     2  heapauxi.o(.text)
    __aeabi_errno_addr                       0x080113b5   Thumb Code     8  rt_errno_addr_intlibspace.o(.text)
    __errno$intlibspace                      0x080113b5   Thumb Code     0  rt_errno_addr_intlibspace.o(.text)
    __rt_errno_addr$intlibspace              0x080113b5   Thumb Code     0  rt_errno_addr_intlibspace.o(.text)
    strtol                                   0x080113bd   Thumb Code   112  strtol.o(.text)
    __user_libspace                          0x0801142d   Thumb Code     8  libspace.o(.text)
    __user_perproc_libspace                  0x0801142d   Thumb Code     0  libspace.o(.text)
    __user_perthread_libspace                0x0801142d   Thumb Code     0  libspace.o(.text)
    __rt_ctype_table                         0x08011435   Thumb Code    16  rt_ctype_table.o(.text)
    _strtoul                                 0x08011445   Thumb Code   158  _strtoul.o(.text)
    __user_setup_stackheap                   0x080114e3   Thumb Code    74  sys_stackheap_outer.o(.text)
    __rt_locale                              0x0801152d   Thumb Code     8  rt_locale_intlibspace.o(.text)
    _chval                                   0x08011535   Thumb Code    28  _chval.o(.text)
    exit                                     0x08011551   Thumb Code    12  exit.o(.text)
    _sys_exit                                0x0801155d   Thumb Code     8  sys_exit.o(.text)
    __I$use$semihosting                      0x08011569   Thumb Code     0  use_no_semi.o(.text)
    __use_no_semihosting_swi                 0x08011569   Thumb Code     2  use_no_semi.o(.text)
    __semihosting_library_function           0x0801156b   Thumb Code     0  indicate_semi.o(.text)
    _get_lc_ctype                            0x0801156d   Thumb Code    44  lc_ctype_c.o(locale$$code)
    _fp_init                                 0x08011599   Thumb Code    10  fpinit.o(x$fpl$fpinit)
    __fplib_config_fpu_vfp                   0x080115a1   Thumb Code     0  fpinit.o(x$fpl$fpinit)
    __fplib_config_pureend_doubles           0x080115a1   Thumb Code     0  fpinit.o(x$fpl$fpinit)
    __lowest_bit_bitmap                      0x08011889   Data         256  kservice.o(.constdata)
    __fsym_list_mem_name                     0x080119ab   Data           9  mem.o(.constdata)
    __fsym_list_mem_desc                     0x080119b4   Data          30  mem.o(.constdata)
    __fsym_hello_name                        0x08011c40   Data           6  cmd.o(.constdata)
    __fsym_hello_desc                        0x08011c46   Data          16  cmd.o(.constdata)
    __fsym_version_name                      0x08011c56   Data           8  cmd.o(.constdata)
    __fsym_version_desc                      0x08011c5e   Data          35  cmd.o(.constdata)
    __fsym_list_thread_name                  0x08011c81   Data          12  cmd.o(.constdata)
    __fsym_list_thread_desc                  0x08011c8d   Data          12  cmd.o(.constdata)
    __fsym_list_sem_name                     0x08011c99   Data           9  cmd.o(.constdata)
    __fsym_list_sem_desc                     0x08011ca2   Data          25  cmd.o(.constdata)
    __fsym_list_event_name                   0x08011cbb   Data          11  cmd.o(.constdata)
    __fsym_list_event_desc                   0x08011cc6   Data          21  cmd.o(.constdata)
    __fsym_list_mutex_name                   0x08011cdb   Data          11  cmd.o(.constdata)
    __fsym_list_mutex_desc                   0x08011ce6   Data          21  cmd.o(.constdata)
    __fsym_list_mailbox_name                 0x08011cfb   Data          13  cmd.o(.constdata)
    __fsym_list_mailbox_desc                 0x08011d08   Data          24  cmd.o(.constdata)
    __fsym_list_msgqueue_name                0x08011d20   Data          14  cmd.o(.constdata)
    __fsym_list_msgqueue_desc                0x08011d2e   Data          29  cmd.o(.constdata)
    __fsym_list_mempool_name                 0x08011d4b   Data          13  cmd.o(.constdata)
    __fsym_list_mempool_desc                 0x08011d58   Data          27  cmd.o(.constdata)
    __fsym_list_timer_name                   0x08011d73   Data          11  cmd.o(.constdata)
    __fsym_list_timer_desc                   0x08011d7e   Data          21  cmd.o(.constdata)
    __fsym_list_device_name                  0x08011d93   Data          12  cmd.o(.constdata)
    __fsym_list_device_desc                  0x08011d9f   Data          22  cmd.o(.constdata)
    __fsym_list_name                         0x08011db5   Data           5  cmd.o(.constdata)
    __fsym_list_desc                         0x08011dba   Data          26  cmd.o(.constdata)
    __vsym_dummy_name                        0x08011dd4   Data           6  cmd.o(.constdata)
    __vsym_dummy_desc                        0x08011dda   Data          25  cmd.o(.constdata)
    op_table                                 0x08011e40   Data         196  finsh_ops.o(.constdata)
    FSymTab$$Base                            0x08012460   Number         0  mem.o(FSymTab)
    __fsym_list_mem                          0x08012460   Data          12  mem.o(FSymTab)
    __fsym_hello                             0x0801246c   Data          12  cmd.o(FSymTab)
    __fsym_version                           0x08012478   Data          12  cmd.o(FSymTab)
    __fsym_list_thread                       0x08012484   Data          12  cmd.o(FSymTab)
    __fsym_list_sem                          0x08012490   Data          12  cmd.o(FSymTab)
    __fsym_list_event                        0x0801249c   Data          12  cmd.o(FSymTab)
    __fsym_list_mutex                        0x080124a8   Data          12  cmd.o(FSymTab)
    __fsym_list_mailbox                      0x080124b4   Data          12  cmd.o(FSymTab)
    __fsym_list_msgqueue                     0x080124c0   Data          12  cmd.o(FSymTab)
    __fsym_list_mempool                      0x080124cc   Data          12  cmd.o(FSymTab)
    __fsym_list_timer                        0x080124d8   Data          12  cmd.o(FSymTab)
    __fsym_list_device                       0x080124e4   Data          12  cmd.o(FSymTab)
    __fsym_list                              0x080124f0   Data          12  cmd.o(FSymTab)
    FSymTab$$Limit                           0x080124fc   Number         0  cmd.o(FSymTab)
    Region$$Table$$Base                      0x080124fc   Number         0  anon$$obj.o(Region$$Table)
    Region$$Table$$Limit                     0x0801251c   Number         0  anon$$obj.o(Region$$Table)
    VSymTab$$Base                            0x0801251c   Number         0  cmd.o(VSymTab)
    __vsym_dummy                             0x0801251c   Data          16  cmd.o(VSymTab)
    VSymTab$$Limit                           0x0801252c   Number         0  cmd.o(VSymTab)
    __ctype                                  0x08012539   Data           0  lc_ctype_c.o(locale$$data)
    uart1                                    0x20000000   Data           8  usart.o(.data)
    uart2                                    0x20000008   Data           8  usart.o(.data)
    uart3                                    0x20000010   Data           8  usart.o(.data)
    SystemCoreClock                          0x20000018   Data           4  system_stm32f4xx.o(.data)
    AHBPrescTable                            0x2000001c   Data          16  system_stm32f4xx.o(.data)
    rt_interrupt_nest                        0x20000044   Data           1  irq.o(.data)
    rt_object_container                      0x20000070   Data         144  object.o(.data)
    rt_object_trytake_hook                   0x20000108   Data           4  object.o(.data)
    rt_object_take_hook                      0x2000010c   Data           4  object.o(.data)
    rt_object_put_hook                       0x20000110   Data           4  object.o(.data)
    rt_current_thread                        0x20000118   Data           4  scheduler.o(.data)
    rt_current_priority                      0x2000011c   Data           1  scheduler.o(.data)
    rt_thread_ready_priority_group           0x20000120   Data           4  scheduler.o(.data)
    rt_thread_defunct                        0x20000124   Data           8  scheduler.o(.data)
    rt_interrupt_from_thread                 0x20000140   Data           4  cpuport.o(.data)
    rt_interrupt_to_thread                   0x20000144   Data           4  cpuport.o(.data)
    rt_thread_switch_interrupt_flag          0x20000148   Data           4  cpuport.o(.data)
    shell                                    0x20000150   Data           4  shell.o(.data)
    _syscall_table_begin                     0x20000154   Data           4  symbol.o(.data)
    _syscall_table_end                       0x20000158   Data           4  symbol.o(.data)
    _sysvar_table_begin                      0x2000015c   Data           4  symbol.o(.data)
    _sysvar_table_end                        0x20000160   Data           4  symbol.o(.data)
    finsh_compile_sp                         0x20000168   Data           4  finsh_compiler.o(.data)
    finsh_compile_pc                         0x2000016c   Data           4  finsh_compiler.o(.data)
    global_errno                             0x20000170   Data           1  finsh_error.o(.data)
    global_sysvar_list                       0x200001b8   Data           4  finsh_var.o(.data)
    finsh_sp                                 0x200001bc   Data           4  finsh_vm.o(.data)
    finsh_pc                                 0x200001c0   Data           4  finsh_vm.o(.data)
    global_syscall_list                      0x200001c4   Data           4  finsh_vm.o(.data)
    thread_heartbeat                         0x200003c8   Data         128  debug_led.o(.bss)
    serial1                                  0x20000448   Data          84  usart.o(.bss)
    serial2                                  0x2000049c   Data          84  usart.o(.bss)
    serial3                                  0x200004f0   Data          84  usart.o(.bss)
    rt_thread_priority_table                 0x20000a64   Data         256  scheduler.o(.bss)
    finsh_heap                               0x200013e4   Data         128  finsh_heap.o(.bss)
    global_node_table                        0x20001464   Data         320  finsh_node.o(.bss)
    global_variable                          0x200015a4   Data         192  finsh_var.o(.bss)
    finsh_vm_stack                           0x20001664   Data         256  finsh_vm.o(.bss)
    text_segment                             0x20001764   Data         128  finsh_vm.o(.bss)
    __libspace_start                         0x200017e4   Data          96  libspace.o(.bss)
    __temporary_stack_top$libspace           0x20001844   Data           0  libspace.o(.bss)
    Image$$RW_IRAM1$$ZI$$Limit               0x20001e48   Number         0  anon$$obj.o ABSOLUTE



==============================================================================

Memory Map of the image

  Image Entry point : 0x08000189

  Load Region LR_IROM1 (Base: 0x08000000, Size: 0x00012804, Max: 0x00100000, ABSOLUTE, COMPRESSED[0x000126e0])

    Execution Region ER_IROM1 (Base: 0x08000000, Size: 0x0001263c, Max: 0x00100000, ABSOLUTE)

    Base Addr    Size         Type   Attr      Idx    E Section Name        Object

    0x08000000   0x00000188   Data   RO          852    RESET               startup_stm32f4xx.o
    0x08000188   0x00000008   Code   RO         1532  * !!!main             c_w.l(__main.o)
    0x08000190   0x00000034   Code   RO         1711    !!!scatter          c_w.l(__scatter.o)
    0x080001c4   0x0000005a   Code   RO         1709    !!dczerorl2         c_w.l(__dczerorl2.o)
    0x0800021e   0x00000002   PAD
    0x08000220   0x0000001c   Code   RO         1713    !!handler_zi        c_w.l(__scatter_zi.o)
    0x0800023c   0x00000002   Code   RO         1583    .ARM.Collect$$libinit$$00000000  c_w.l(libinit.o)
    0x0800023e   0x00000004   Code   RO         1586    .ARM.Collect$$libinit$$00000001  c_w.l(libinit2.o)
    0x08000242   0x00000000   Code   RO         1589    .ARM.Collect$$libinit$$00000004  c_w.l(libinit2.o)
    0x08000242   0x00000000   Code   RO         1592    .ARM.Collect$$libinit$$0000000A  c_w.l(libinit2.o)
    0x08000242   0x00000000   Code   RO         1594    .ARM.Collect$$libinit$$0000000C  c_w.l(libinit2.o)
    0x08000242   0x00000000   Code   RO         1596    .ARM.Collect$$libinit$$0000000E  c_w.l(libinit2.o)
    0x08000242   0x00000006   Code   RO         1597    .ARM.Collect$$libinit$$0000000F  c_w.l(libinit2.o)
    0x08000248   0x00000000   Code   RO         1599    .ARM.Collect$$libinit$$00000011  c_w.l(libinit2.o)
    0x08000248   0x0000000c   Code   RO         1600    .ARM.Collect$$libinit$$00000012  c_w.l(libinit2.o)
    0x08000254   0x00000000   Code   RO         1601    .ARM.Collect$$libinit$$00000013  c_w.l(libinit2.o)
    0x08000254   0x00000000   Code   RO         1603    .ARM.Collect$$libinit$$00000015  c_w.l(libinit2.o)
    0x08000254   0x00000000   Code   RO         1605    .ARM.Collect$$libinit$$00000017  c_w.l(libinit2.o)
    0x08000254   0x00000000   Code   RO         1607    .ARM.Collect$$libinit$$00000019  c_w.l(libinit2.o)
    0x08000254   0x00000000   Code   RO         1609    .ARM.Collect$$libinit$$0000001B  c_w.l(libinit2.o)
    0x08000254   0x00000000   Code   RO         1611    .ARM.Collect$$libinit$$0000001D  c_w.l(libinit2.o)
    0x08000254   0x00000000   Code   RO         1613    .ARM.Collect$$libinit$$0000001F  c_w.l(libinit2.o)
    0x08000254   0x00000000   Code   RO         1615    .ARM.Collect$$libinit$$00000021  c_w.l(libinit2.o)
    0x08000254   0x00000000   Code   RO         1617    .ARM.Collect$$libinit$$00000023  c_w.l(libinit2.o)
    0x08000254   0x00000000   Code   RO         1619    .ARM.Collect$$libinit$$00000025  c_w.l(libinit2.o)
    0x08000254   0x00000000   Code   RO         1623    .ARM.Collect$$libinit$$0000002C  c_w.l(libinit2.o)
    0x08000254   0x00000000   Code   RO         1625    .ARM.Collect$$libinit$$0000002E  c_w.l(libinit2.o)
    0x08000254   0x00000000   Code   RO         1627    .ARM.Collect$$libinit$$00000030  c_w.l(libinit2.o)
    0x08000254   0x00000000   Code   RO         1629    .ARM.Collect$$libinit$$00000032  c_w.l(libinit2.o)
    0x08000254   0x00000002   Code   RO         1630    .ARM.Collect$$libinit$$00000033  c_w.l(libinit2.o)
    0x08000256   0x00000002   Code   RO         1650    .ARM.Collect$$libshutdown$$00000000  c_w.l(libshutdown.o)
    0x08000258   0x00000000   Code   RO         1664    .ARM.Collect$$libshutdown$$00000003  c_w.l(libshutdown2.o)
    0x08000258   0x00000000   Code   RO         1667    .ARM.Collect$$libshutdown$$00000006  c_w.l(libshutdown2.o)
    0x08000258   0x00000000   Code   RO         1670    .ARM.Collect$$libshutdown$$00000009  c_w.l(libshutdown2.o)
    0x08000258   0x00000000   Code   RO         1672    .ARM.Collect$$libshutdown$$0000000B  c_w.l(libshutdown2.o)
    0x08000258   0x00000000   Code   RO         1675    .ARM.Collect$$libshutdown$$0000000E  c_w.l(libshutdown2.o)
    0x08000258   0x00000002   Code   RO         1676    .ARM.Collect$$libshutdown$$0000000F  c_w.l(libshutdown2.o)
    0x0800025a   0x00000000   Code   RO         1534    .ARM.Collect$$rtentry$$00000000  c_w.l(__rtentry.o)
    0x0800025a   0x00000000   Code   RO         1546    .ARM.Collect$$rtentry$$00000002  c_w.l(__rtentry2.o)
    0x0800025a   0x00000006   Code   RO         1558    .ARM.Collect$$rtentry$$00000004  c_w.l(__rtentry4.o)
    0x08000260   0x00000000   Code   RO         1548    .ARM.Collect$$rtentry$$00000009  c_w.l(__rtentry2.o)
    0x08000260   0x00000004   Code   RO         1549    .ARM.Collect$$rtentry$$0000000A  c_w.l(__rtentry2.o)
    0x08000264   0x00000000   Code   RO         1551    .ARM.Collect$$rtentry$$0000000C  c_w.l(__rtentry2.o)
    0x08000264   0x00000008   Code   RO         1552    .ARM.Collect$$rtentry$$0000000D  c_w.l(__rtentry2.o)
    0x0800026c   0x00000002   Code   RO         1584    .ARM.Collect$$rtexit$$00000000  c_w.l(rtexit.o)
    0x0800026e   0x00000000   Code   RO         1632    .ARM.Collect$$rtexit$$00000002  c_w.l(rtexit2.o)
    0x0800026e   0x00000004   Code   RO         1633    .ARM.Collect$$rtexit$$00000003  c_w.l(rtexit2.o)
    0x08000272   0x00000006   Code   RO         1634    .ARM.Collect$$rtexit$$00000004  c_w.l(rtexit2.o)
    0x08000278   0x0000003c   Code   RO            2    .text               application.o
    0x080002b4   0x000000cc   Code   RO          149    .text               startup.o
    0x08000380   0x000000f0   Code   RO          169    .text               debug_led.o
    0x08000470   0x000000b0   Code   RO          192    .text               board.o
    0x08000520   0x00000010   Code   RO          218    .text               stm32f4xx_it.o
    0x08000530   0x00000458   Code   RO          234    .text               usart.o
    0x08000988   0x0000000a   Code   RO          312    .text               platform.o
    0x08000992   0x00000002   PAD
    0x08000994   0x00000210   Code   RO          331    .text               system_stm32f4xx.o
    0x08000ba4   0x000001ec   Code   RO          353    .text               misc.o
    0x08000d90   0x00000916   Code   RO          593    .text               stm32f4xx_gpio.o
    0x080016a6   0x00000002   PAD
    0x080016a8   0x00000d7c   Code   RO          705    .text               stm32f4xx_rcc.o
    0x08002424   0x00003294   Code   RO          803    .text               stm32f4xx_tim.o
    0x080056b8   0x00000eb4   Code   RO          819    .text               stm32f4xx_usart.o
    0x0800656c   0x00000040   Code   RO          853    .text               startup_stm32f4xx.o
    0x080065ac   0x00000064   Code   RO          857    .text               clock.o
    0x08006610   0x000003f0   Code   RO          871    .text               device.o
    0x08006a00   0x00000164   Code   RO          885    .text               idle.o
    0x08006b64   0x00001af8   Code   RO          905    .text               ipc.o
    0x0800865c   0x00000048   Code   RO          922    .text               irq.o
    0x080086a4   0x000009d0   Code   RO          937    .text               kservice.o
    0x08009074   0x000009b4   Code   RO          954    .text               mem.o
    0x08009a28   0x00000360   Code   RO         1005    .text               object.o
    0x08009d88   0x00000334   Code   RO         1024    .text               scheduler.o
    0x0800a0bc   0x000006b4   Code   RO         1045    .text               thread.o
    0x0800a770   0x00000510   Code   RO         1062    .text               timer.o
    0x0800ac80   0x000001c0   Code   RO         1081    .text               cpuport.o
    0x0800ae40   0x00000110   Code   RO         1097    .text               context_rvds.o
    0x0800af50   0x00000a28   Code   RO         1135    .text               shell.o
    0x0800b978   0x00000bc4   Code   RO         1169    .text               cmd.o
    0x0800c53c   0x00001818   Code   RO         1192    .text               finsh_compiler.o
    0x0800dd54   0x0000002c   Code   RO         1229    .text               finsh_error.o
    0x0800dd80   0x00000210   Code   RO         1245    .text               finsh_heap.o
    0x0800df90   0x00000058   Code   RO         1261    .text               finsh_init.o
    0x0800dfe8   0x00000184   Code   RO         1279    .text               finsh_node.o
    0x0800e16c   0x00000adc   Code   RO         1294    .text               finsh_ops.o
    0x0800ec48   0x0000097c   Code   RO         1312    .text               finsh_parser.o
    0x0800f5c4   0x0000019c   Code   RO         1327    .text               finsh_var.o
    0x0800f760   0x000000e4   Code   RO         1350    .text               finsh_vm.o
    0x0800f844   0x00000658   Code   RO         1377    .text               finsh_token.o
    0x0800fe9c   0x00000ac0   Code   RO         1392    .text               serial.o
    0x0801095c   0x00000248   Code   RO         1405    .text               completion.o
    0x08010ba4   0x000004c4   Code   RO         1421    .text               dataqueue.o
    0x08011068   0x0000001a   Code   RO         1512    .text               c_w.l(atoi.o)
    0x08011082   0x0000003e   Code   RO         1514    .text               c_w.l(strlen.o)
    0x080110c0   0x00000096   Code   RO         1516    .text               c_w.l(strncmp.o)
    0x08011156   0x0000008a   Code   RO         1518    .text               c_w.l(rt_memcpy_v6.o)
    0x080111e0   0x00000064   Code   RO         1520    .text               c_w.l(rt_memcpy_w.o)
    0x08011244   0x00000044   Code   RO         1522    .text               c_w.l(rt_memclr.o)
    0x08011288   0x0000004e   Code   RO         1524    .text               c_w.l(rt_memclr_w.o)
    0x080112d6   0x00000056   Code   RO         1526    .text               c_w.l(strncpy.o)
    0x0801132c   0x00000080   Code   RO         1528    .text               c_w.l(strcmpv7m.o)
    0x080113ac   0x00000006   Code   RO         1530    .text               c_w.l(heapauxi.o)
    0x080113b2   0x00000002   PAD
    0x080113b4   0x00000008   Code   RO         1538    .text               c_w.l(rt_errno_addr_intlibspace.o)
    0x080113bc   0x00000070   Code   RO         1540    .text               c_w.l(strtol.o)
    0x0801142c   0x00000008   Code   RO         1542    .text               c_w.l(libspace.o)
    0x08011434   0x00000010   Code   RO         1560    .text               c_w.l(rt_ctype_table.o)
    0x08011444   0x0000009e   Code   RO         1562    .text               c_w.l(_strtoul.o)
    0x080114e2   0x0000004a   Code   RO         1564    .text               c_w.l(sys_stackheap_outer.o)
    0x0801152c   0x00000008   Code   RO         1569    .text               c_w.l(rt_locale_intlibspace.o)
    0x08011534   0x0000001c   Code   RO         1571    .text               c_w.l(_chval.o)
    0x08011550   0x0000000c   Code   RO         1576    .text               c_w.l(exit.o)
    0x0801155c   0x0000000c   Code   RO         1642    .text               c_w.l(sys_exit.o)
    0x08011568   0x00000002   Code   RO         1653    .text               c_w.l(use_no_semi.o)
    0x0801156a   0x00000000   Code   RO         1655    .text               c_w.l(indicate_semi.o)
    0x0801156a   0x00000002   PAD
    0x0801156c   0x0000002c   Code   RO         1574    locale$$code        c_w.l(lc_ctype_c.o)
    0x08011598   0x0000000a   Code   RO         1640    x$fpl$fpinit        fz_wm.l(fpinit.o)
    0x080115a2   0x00000002   PAD
    0x080115a4   0x00000050   Data   RO          236    .constdata          usart.o
    0x080115f4   0x000000a8   Data   RO          872    .constdata          device.o
    0x0801169c   0x00000016   Data   RO          887    .constdata          idle.o
    0x080116b2   0x000001d7   Data   RO          906    .constdata          ipc.o
    0x08011889   0x00000122   Data   RO          939    .constdata          kservice.o
    0x080119ab   0x0000006d   Data   RO          956    .constdata          mem.o
    0x08011a18   0x0000005e   Data   RO         1006    .constdata          object.o
    0x08011a76   0x0000004e   Data   RO         1026    .constdata          scheduler.o
    0x08011ac4   0x000000aa   Data   RO         1046    .constdata          thread.o
    0x08011b6e   0x0000005c   Data   RO         1063    .constdata          timer.o
    0x08011bca   0x00000013   Data   RO         1082    .constdata          cpuport.o
    0x08011bdd   0x00000060   Data   RO         1137    .constdata          shell.o
    0x08011c3d   0x00000003   PAD
    0x08011c40   0x00000200   Data   RO         1170    .constdata          cmd.o
    0x08011e40   0x000000c4   Data   RO         1295    .constdata          finsh_ops.o
    0x08011f04   0x00000040   Data   RO         1378    .constdata          finsh_token.o
    0x08011f44   0x000000d3   Data   RO         1393    .constdata          serial.o
    0x08012017   0x00000039   Data   RO         1406    .constdata          completion.o
    0x08012050   0x0000004b   Data   RO         1422    .constdata          dataqueue.o
    0x0801209b   0x00000001   PAD
    0x0801209c   0x000000ed   Data   RO          957    .conststring        mem.o
    0x08012189   0x00000003   PAD
    0x0801218c   0x0000019d   Data   RO         1171    .conststring        cmd.o
    0x08012329   0x00000003   PAD
    0x0801232c   0x000000f3   Data   RO         1230    .conststring        finsh_error.o
    0x0801241f   0x00000001   PAD
    0x08012420   0x0000003e   Data   RO         1379    .conststring        finsh_token.o
    0x0801245e   0x00000002   PAD
    0x08012460   0x0000000c   Data   RO          959    FSymTab             mem.o
    0x0801246c   0x00000090   Data   RO         1173    FSymTab             cmd.o
    0x080124fc   0x00000020   Data   RO         1707    Region$$Table       anon$$obj.o
    0x0801251c   0x00000010   Data   RO         1174    VSymTab             cmd.o
    0x0801252c   0x00000110   Data   RO         1573    locale$$data        c_w.l(lc_ctype_c.o)


    Execution Region RW_IRAM1 (Base: 0x20000000, Size: 0x00001e48, Max: 0x00020000, ABSOLUTE, COMPRESSED[0x000000a4])

    Base Addr    Size         Type   Attr      Idx    E Section Name        Object

    0x20000000   0x00000018   Data   RW          237    .data               usart.o
    0x20000018   0x00000014   Data   RW          332    .data               system_stm32f4xx.o
    0x2000002c   0x00000010   Data   RW          706    .data               stm32f4xx_rcc.o
    0x2000003c   0x00000004   Data   RW          858    .data               clock.o
    0x20000040   0x00000004   Data   RW          888    .data               idle.o
    0x20000044   0x00000001   Data   RW          923    .data               irq.o
    0x20000045   0x00000003   PAD
    0x20000048   0x00000008   Data   RW          940    .data               kservice.o
    0x20000050   0x00000020   Data   RW          958    .data               mem.o
    0x20000070   0x000000a4   Data   RW         1007    .data               object.o
    0x20000114   0x0000001c   Data   RW         1027    .data               scheduler.o
    0x20000130   0x00000010   Data   RW         1064    .data               timer.o
    0x20000140   0x00000010   Data   RW         1083    .data               cpuport.o
    0x20000150   0x00000004   Data   RW         1138    .data               shell.o
    0x20000154   0x00000010   Data   RW         1156    .data               symbol.o
    0x20000164   0x00000004   Data   RW         1172    .data               cmd.o
    0x20000168   0x00000008   Data   RW         1193    .data               finsh_compiler.o
    0x20000170   0x00000040   Data   RW         1231    .data               finsh_error.o
    0x200001b0   0x00000008   Data   RW         1247    .data               finsh_heap.o
    0x200001b8   0x00000004   Data   RW         1329    .data               finsh_var.o
    0x200001bc   0x0000000c   Data   RW         1352    .data               finsh_vm.o
    0x200001c8   0x00000280   Zero   RW          170    .bss                debug_led.o
    0x20000448   0x000000fc   Zero   RW          235    .bss                usart.o
    0x20000544   0x00000480   Zero   RW          886    .bss                idle.o
    0x200009c4   0x00000080   Zero   RW          938    .bss                kservice.o
    0x20000a44   0x00000020   Zero   RW          955    .bss                mem.o
    0x20000a64   0x00000100   Zero   RW         1025    .bss                scheduler.o
    0x20000b64   0x00000880   Zero   RW         1136    .bss                shell.o
    0x200013e4   0x00000080   Zero   RW         1246    .bss                finsh_heap.o
    0x20001464   0x00000140   Zero   RW         1280    .bss                finsh_node.o
    0x200015a4   0x000000c0   Zero   RW         1328    .bss                finsh_var.o
    0x20001664   0x00000180   Zero   RW         1351    .bss                finsh_vm.o
    0x200017e4   0x00000060   Zero   RW         1543    .bss                c_w.l(libspace.o)
    0x20001844   0x00000004   PAD
    0x20001848   0x00000200   Zero   RW          851    HEAP                startup_stm32f4xx.o
    0x20001a48   0x00000400   Zero   RW          850    STACK               startup_stm32f4xx.o


==============================================================================

Image component sizes


      Code (inc. data)   RO Data    RW Data    ZI Data      Debug   Object Name

        60         10          0          0          0     268195   application.o
       176         18          0          0          0      19287   board.o
       100          6          0          4          0       1604   clock.o
      3012       1244       1085          4          0      10487   cmd.o
       584        158         57          0          0       3091   completion.o
       272         24          0          0          0        832   context_rvds.o
       448        220         19         16          0       3803   cpuport.o
      1220        144         75          0          0       6517   dataqueue.o
       240         34          0          0        640       1858   debug_led.o
      1008        166        168          0          0       5089   device.o
      6168        154          0          8          0      10886   finsh_compiler.o
        44         10        243         64          0       1753   finsh_error.o
       528         18          0          8        128       3443   finsh_heap.o
        88          6          0          0          0       1696   finsh_init.o
       388          4          0          0        320       3444   finsh_node.o
      2780         36        196          0          0       8944   finsh_ops.o
      2428         32          0          0          0       9609   finsh_parser.o
      1624         16        126          0          0       6016   finsh_token.o
       412         18          0          4        192       7329   finsh_var.o
       228         34          0         12        384       7018   finsh_vm.o
       356        104         22          4       1152       3023   idle.o
      6904        466        471          0          0      21431   ipc.o
        72          6          0          1          0       1462   irq.o
      2512        168        290          8        128      11056   kservice.o
      2484        592        358         32         32      11498   mem.o
       492         74          0          0          0       2033   misc.o
       864        180         94        164          0       5960   object.o
        10          0          0          0          0        444   platform.o
       820        180         78         28        256       4925   scheduler.o
      2752        394        211          0          0       8241   serial.o
      2600        306         96          4       2176       6219   shell.o
       204         98          0          0          0       1339   startup.o
        64         26        392          0       1536        888   startup_stm32f4xx.o
      2326        132          0          0          0       5213   stm32f4xx_gpio.o
        16          0          0          0          0        828   stm32f4xx_it.o
      3452        262          0         16          0      12911   stm32f4xx_rcc.o
     12948        670          0          0          0      29244   stm32f4xx_tim.o
      3764        164          0          0          0       9588   stm32f4xx_usart.o
         0          0          0         16          0       4221   symbol.o
       528         46          0         20          0       1995   system_stm32f4xx.o
      1716        246        170          0          0       7902   thread.o
      1296        138         92         16          0       7007   timer.o
      1112        158         80         24        252      27499   usart.o

    ----------------------------------------------------------------------
     69104       6762       4368        456       7196     565828   Object Totals
         0          0         32          0          0          0   (incl. Generated)
         4          0         13          3          0          0   (incl. Padding)

    ----------------------------------------------------------------------

      Code (inc. data)   RO Data    RW Data    ZI Data      Debug   Library Member Name

        90          0          0          0          0          0   __dczerorl2.o
         8          0          0          0          0         68   __main.o
         0          0          0          0          0          0   __rtentry.o
        12          0          0          0          0          0   __rtentry2.o
         6          0          0          0          0          0   __rtentry4.o
        52          8          0          0          0          0   __scatter.o
        28          0          0          0          0          0   __scatter_zi.o
        28          0          0          0          0         68   _chval.o
       158          0          0          0          0         92   _strtoul.o
        26          0          0          0          0         80   atoi.o
        12          0          0          0          0         72   exit.o
         6          0          0          0          0        152   heapauxi.o
         0          0          0          0          0          0   indicate_semi.o
        44         10        272          0          0         76   lc_ctype_c.o
         2          0          0          0          0          0   libinit.o
        24          0          0          0          0          0   libinit2.o
         2          0          0          0          0          0   libshutdown.o
         2          0          0          0          0          0   libshutdown2.o
         8          4          0          0         96         68   libspace.o
        16          4          0          0          0         76   rt_ctype_table.o
         8          4          0          0          0         68   rt_errno_addr_intlibspace.o
         8          4          0          0          0         68   rt_locale_intlibspace.o
        68          0          0          0          0         68   rt_memclr.o
        78          0          0          0          0         80   rt_memclr_w.o
       138          0          0          0          0         68   rt_memcpy_v6.o
       100          0          0          0          0         80   rt_memcpy_w.o
         2          0          0          0          0          0   rtexit.o
        10          0          0          0          0          0   rtexit2.o
       128          0          0          0          0         68   strcmpv7m.o
        62          0          0          0          0         76   strlen.o
       150          0          0          0          0         80   strncmp.o
        86          0          0          0          0         76   strncpy.o
       112          0          0          0          0         88   strtol.o
        12          4          0          0          0         68   sys_exit.o
        74          0          0          0          0         80   sys_stackheap_outer.o
         2          0          0          0          0         68   use_no_semi.o
        10          0          0          0          0        116   fpinit.o

    ----------------------------------------------------------------------
      1580         38        272          0        100       1904   Library Totals
         8          0          0          0          4          0   (incl. Padding)

    ----------------------------------------------------------------------

      Code (inc. data)   RO Data    RW Data    ZI Data      Debug   Library Name

      1562         38        272          0         96       1788   c_w.l
        10          0          0          0          0        116   fz_wm.l

    ----------------------------------------------------------------------
      1580         38        272          0        100       1904   Library Totals

    ----------------------------------------------------------------------

==============================================================================


      Code (inc. data)   RO Data    RW Data    ZI Data      Debug   

     70684       6800       4640        456       7296     559744   Grand Totals
     70684       6800       4640        164       7296     559744   ELF Image Totals (compressed)
     70684       6800       4640        164          0          0   ROM Totals

==============================================================================

    Total RO  Size (Code + RO Data)                75324 (  73.56kB)
    Total RW  Size (RW Data + ZI Data)              7752 (   7.57kB)
    Total ROM Size (Code + RO Data + RW Data)      75488 (  73.72kB)

==============================================================================

