Component: ARM Compiler 5.05 update 1 (build 106) Tool: armlink [4d0efa]

==============================================================================

Section Cross References

    application.o(.text) refers to thread.o(.text) for rt_thread_create
    startup.o(.text) refers to kservice.o(.text) for rt_kprintf
    startup.o(.text) refers to board.o(.text) for rt_hw_board_init
    startup.o(.text) refers to clock.o(.text) for rt_system_tick_init
    startup.o(.text) refers to object.o(.text) for rt_system_object_init
    startup.o(.text) refers to timer.o(.text) for rt_system_timer_init
    startup.o(.text) refers to mem.o(.text) for rt_system_heap_init
    startup.o(.text) refers to scheduler.o(.text) for rt_system_scheduler_init
    startup.o(.text) refers to application.o(.text) for rt_application_init
    startup.o(.text) refers to shell.o(.text) for finsh_system_init
    startup.o(.text) refers to idle.o(.text) for rt_thread_idle_init
    startup.o(.text) refers to context_rvds.o(.text) for rt_hw_interrupt_disable
    board.o(.text) refers to misc.o(.text) for NVIC_SetVectorTable
    board.o(.text) refers to stm32f4xx_rcc.o(.text) for RCC_GetClocksFreq
    board.o(.text) refers to irq.o(.text) for rt_interrupt_enter
    board.o(.text) refers to clock.o(.text) for rt_tick_increase
    board.o(.text) refers to usart.o(.text) for stm32_hw_usart_init
    board.o(.text) refers to kservice.o(.text) for rt_console_set_device
    usart.o(.text) refers to kservice.o(.text) for rt_kprintf
    usart.o(.text) refers to stm32f4xx_usart.o(.text) for USART_Init
    usart.o(.text) refers to irq.o(.text) for rt_interrupt_enter
    usart.o(.text) refers to serial.o(.text) for rt_hw_serial_isr
    usart.o(.text) refers to stm32f4xx_rcc.o(.text) for RCC_AHB1PeriphClockCmd
    usart.o(.text) refers to stm32f4xx_gpio.o(.text) for GPIO_Init
    usart.o(.text) refers to misc.o(.text) for NVIC_Init
    usart.o(.text) refers to usart.o(.constdata) for __FUNCTION__
    usart.o(.text) refers to usart.o(.data) for uart1
    usart.o(.text) refers to usart.o(.bss) for serial1
    usart.o(.constdata) refers to usart.o(.text) for stm32_configure
    system_stm32f4xx.o(.text) refers to system_stm32f4xx.o(.data) for SystemCoreClock
    misc.o(.text) refers to startup.o(.text) for assert_failed
    stm32f4xx_adc.o(.text) refers to stm32f4xx_rcc.o(.text) for RCC_APB2PeriphResetCmd
    stm32f4xx_adc.o(.text) refers to startup.o(.text) for assert_failed
    stm32f4xx_can.o(.text) refers to startup.o(.text) for assert_failed
    stm32f4xx_can.o(.text) refers to stm32f4xx_rcc.o(.text) for RCC_APB1PeriphResetCmd
    stm32f4xx_cryp.o(.text) refers to stm32f4xx_rcc.o(.text) for RCC_AHB2PeriphResetCmd
    stm32f4xx_cryp.o(.text) refers to startup.o(.text) for assert_failed
    stm32f4xx_cryp_aes.o(.text) refers to stm32f4xx_cryp.o(.text) for CRYP_KeyStructInit
    stm32f4xx_cryp_des.o(.text) refers to stm32f4xx_cryp.o(.text) for CRYP_KeyStructInit
    stm32f4xx_cryp_tdes.o(.text) refers to stm32f4xx_cryp.o(.text) for CRYP_KeyStructInit
    stm32f4xx_dac.o(.text) refers to stm32f4xx_rcc.o(.text) for RCC_APB1PeriphResetCmd
    stm32f4xx_dac.o(.text) refers to startup.o(.text) for assert_failed
    stm32f4xx_dbgmcu.o(.text) refers to startup.o(.text) for assert_failed
    stm32f4xx_dcmi.o(.text) refers to startup.o(.text) for assert_failed
    stm32f4xx_dma.o(.text) refers to startup.o(.text) for assert_failed
    stm32f4xx_exti.o(.text) refers to startup.o(.text) for assert_failed
    stm32f4xx_flash.o(.text) refers to startup.o(.text) for assert_failed
    stm32f4xx_fsmc.o(.text) refers to startup.o(.text) for assert_failed
    stm32f4xx_gpio.o(.text) refers to startup.o(.text) for assert_failed
    stm32f4xx_gpio.o(.text) refers to stm32f4xx_rcc.o(.text) for RCC_AHB1PeriphResetCmd
    stm32f4xx_hash.o(.text) refers to stm32f4xx_rcc.o(.text) for RCC_AHB2PeriphResetCmd
    stm32f4xx_hash.o(.text) refers to startup.o(.text) for assert_failed
    stm32f4xx_hash_md5.o(.text) refers to stm32f4xx_hash.o(.text) for HASH_DeInit
    stm32f4xx_hash_sha1.o(.text) refers to stm32f4xx_hash.o(.text) for HASH_DeInit
    stm32f4xx_i2c.o(.text) refers to startup.o(.text) for assert_failed
    stm32f4xx_i2c.o(.text) refers to stm32f4xx_rcc.o(.text) for RCC_APB1PeriphResetCmd
    stm32f4xx_iwdg.o(.text) refers to startup.o(.text) for assert_failed
    stm32f4xx_pwr.o(.text) refers to stm32f4xx_rcc.o(.text) for RCC_APB1PeriphResetCmd
    stm32f4xx_pwr.o(.text) refers to startup.o(.text) for assert_failed
    stm32f4xx_rcc.o(.text) refers to startup.o(.text) for assert_failed
    stm32f4xx_rcc.o(.text) refers to stm32f4xx_rcc.o(.data) for APBAHBPrescTable
    stm32f4xx_rng.o(.text) refers to stm32f4xx_rcc.o(.text) for RCC_AHB2PeriphResetCmd
    stm32f4xx_rng.o(.text) refers to startup.o(.text) for assert_failed
    stm32f4xx_rtc.o(.text) refers to startup.o(.text) for assert_failed
[...]
    random_nr                                0x2000013c   Data           4  timer.o(.data)
    .data                                    0x20000140   Section       16  cpuport.o(.data)
    rt_exception_hook                        0x2000014c   Data           4  cpuport.o(.data)
    .data                                    0x20000150   Section        4  shell.o(.data)
    .data                                    0x20000154   Section       16  symbol.o(.data)
    .data                                    0x20000164   Section        4  cmd.o(.data)
    dummy                                    0x20000164   Data           4  cmd.o(.data)
    .data                                    0x20000168   Section        8  finsh_compiler.o(.data)
    .data                                    0x20000170   Section       64  finsh_error.o(.data)
    finsh_error_string_table                 0x20000174   Data          60  finsh_error.o(.data)
    .data                                    0x200001b0   Section        8  finsh_heap.o(.data)
    free_list                                0x200001b0   Data           4  finsh_heap.o(.data)
    allocate_list                            0x200001b4   Data           4  finsh_heap.o(.data)
    .data                                    0x200001b8   Section        4  finsh_var.o(.data)
    .data                                    0x200001bc   Section       12  finsh_vm.o(.data)
    .bss                                     0x200001c8   Section      252  usart.o(.bss)
    .bss                                     0x200002c4   Section     1152  idle.o(.bss)
    idle                                     0x200002c4   Data         128  idle.o(.bss)
    rt_thread_stack                          0x20000344   Data        1024  idle.o(.bss)
    .bss                                     0x20000744   Section      128  kservice.o(.bss)
    rt_log_buf                               0x20000744   Data         128  kservice.o(.bss)
    .bss                                     0x200007c4   Section       32  mem.o(.bss)
    heap_sem                                 0x200007c4   Data          32  mem.o(.bss)
    .bss                                     0x200007e4   Section      256  scheduler.o(.bss)
    .bss                                     0x200008e4   Section     2176  shell.o(.bss)
    finsh_thread                             0x200008e4   Data         128  shell.o(.bss)
    finsh_thread_stack                       0x20000964   Data        2048  shell.o(.bss)
    .bss                                     0x20001164   Section      128  finsh_heap.o(.bss)
    .bss                                     0x200011e4   Section      320  finsh_node.o(.bss)
    .bss                                     0x20001324   Section      192  finsh_var.o(.bss)
    .bss                                     0x200013e4   Section      384  finsh_vm.o(.bss)
    .bss                                     0x20001564   Section       96  libspace.o(.bss)
    HEAP                                     0x200015c8   Section      512  startup_stm32f4xx.o(HEAP)
    Heap_Mem                                 0x200015c8   Data         512  startup_stm32f4xx.o(HEAP)
    STACK                                    0x200017c8   Section     1024  startup_stm32f4xx.o(STACK)
    Stack_Mem                                0x200017c8   Data        1024  startup_stm32f4xx.o(STACK)
    __initial_sp                             0x20001bc8   Data           0  startup_stm32f4xx.o(STACK)

    Global Symbols

    Symbol Name                              Value     Ov Type        Size  Object(Section)

    BuildAttributes$$THM_ISAv4$E$P$D$K$B$S$7EM$VFPi3$EXTD16$VFPS$VFMA$PE$A:L22UL41UL21$X:L11$S22US41US21$IEEE1$IW$USESV6$~STKCKD$USESV7$~SHL$OSPACE$ROPI$EBA8$UX$STANDARDLIB$REQ8$PRES8$EABIv2 0x00000000   Number         0  anon$$obj.o ABSOLUTE
    __ARM_use_no_argv                        0x00000000   Number         0  startup.o ABSOLUTE
    __ARM_exceptions_init                     - Undefined Weak Reference
    __alloca_initialize                       - Undefined Weak Reference
    __arm_preinit_                            - Undefined Weak Reference
    __cpp_initialize__aeabi_                  - Undefined Weak Reference
    __cxa_finalize                            - Undefined Weak Reference
    __sigvec_lookup                           - Undefined Weak Reference
    _atexit_init                              - Undefined Weak Reference
    _call_atexit_fns                          - Undefined Weak Reference
    _clock_init                               - Undefined Weak Reference
    _fp_trap_init                             - Undefined Weak Reference
    _fp_trap_shutdown                         - Undefined Weak Reference
    _get_lc_collate                           - Undefined Weak Reference
    _get_lc_monetary                          - Undefined Weak Reference
    _get_lc_numeric                           - Undefined Weak Reference
    _get_lc_time                              - Undefined Weak Reference
    _getenv_init                              - Undefined Weak Reference
    _handle_redirection                       - Undefined Weak Reference
    _init_alloc                               - Undefined Weak Reference
    _init_user_alloc                          - Undefined Weak Reference
    _initio                                   - Undefined Weak Reference
    _rand_init                                - Undefined Weak Reference
    _signal_finish                            - Undefined Weak Reference
    _signal_init                              - Undefined Weak Reference
    _terminate_alloc                          - Undefined Weak Reference
    _terminate_user_alloc                     - Undefined Weak Reference
    _terminateio                              - Undefined Weak Reference
    __Vectors_Size                           0x00000188   Number         0  startup_stm32f4xx.o ABSOLUTE
    __Vectors                                0x08000000   Data           4  startup_stm32f4xx.o(RESET)
    __Vectors_End                            0x08000188   Data           0  startup_stm32f4xx.o(RESET)
    __main                                   0x08000189   Thumb Code     8  __main.o(!!!main)
    __scatterload                            0x08000191   Thumb Code     0  __scatter.o(!!!scatter)
    __scatterload_rt2                        0x08000191   Thumb Code    44  __scatter.o(!!!scatter)
    __scatterload_rt2_thumb_only             0x08000191   Thumb Code     0  __scatter.o(!!!scatter)
    __scatterload_null                       0x0800019f   Thumb Code     0  __scatter.o(!!!scatter)
    __decompress                             0x080001c5   Thumb Code    90  __dczerorl2.o(!!dczerorl2)
    __decompress1                            0x080001c5   Thumb Code     0  __dczerorl2.o(!!dczerorl2)
    __scatterload_zeroinit                   0x08000221   Thumb Code    28  __scatter_zi.o(!!handler_zi)
    __rt_lib_init                            0x0800023d   Thumb Code     0  libinit.o(.ARM.Collect$$libinit$$00000000)
    __rt_lib_init_fp_1                       0x0800023f   Thumb Code     0  libinit2.o(.ARM.Collect$$libinit$$00000001)
    __rt_lib_init_heap_1                     0x08000243   Thumb Code     0  libinit2.o(.ARM.Collect$$libinit$$0000000A)
    __rt_lib_init_lc_common                  0x08000243   Thumb Code     0  libinit2.o(.ARM.Collect$$libinit$$0000000F)
    __rt_lib_init_preinit_1                  0x08000243   Thumb Code     0  libinit2.o(.ARM.Collect$$libinit$$00000004)
    __rt_lib_init_rand_1                     0x08000243   Thumb Code     0  libinit2.o(.ARM.Collect$$libinit$$0000000E)
    __rt_lib_init_user_alloc_1               0x08000243   Thumb Code     0  libinit2.o(.ARM.Collect$$libinit$$0000000C)
    __rt_lib_init_lc_collate_1               0x08000249   Thumb Code     0  libinit2.o(.ARM.Collect$$libinit$$00000011)
    __rt_lib_init_lc_ctype_2                 0x08000249   Thumb Code     0  libinit2.o(.ARM.Collect$$libinit$$00000012)
    __rt_lib_init_alloca_1                   0x08000255   Thumb Code     0  libinit2.o(.ARM.Collect$$libinit$$0000002E)
    __rt_lib_init_argv_1                     0x08000255   Thumb Code     0  libinit2.o(.ARM.Collect$$libinit$$0000002C)
    __rt_lib_init_atexit_1                   0x08000255   Thumb Code     0  libinit2.o(.ARM.Collect$$libinit$$0000001B)
    __rt_lib_init_clock_1                    0x08000255   Thumb Code     0  libinit2.o(.ARM.Collect$$libinit$$00000021)
    __rt_lib_init_cpp_1                      0x08000255   Thumb Code     0  libinit2.o(.ARM.Collect$$libinit$$00000032)
    __rt_lib_init_exceptions_1               0x08000255   Thumb Code     0  libinit2.o(.ARM.Collect$$libinit$$00000030)
    __rt_lib_init_fp_trap_1                  0x08000255   Thumb Code     0  libinit2.o(.ARM.Collect$$libinit$$0000001F)
    __rt_lib_init_getenv_1                   0x08000255   Thumb Code     0  libinit2.o(.ARM.Collect$$libinit$$00000023)
    __rt_lib_init_lc_ctype_1                 0x08000255   Thumb Code     0  libinit2.o(.ARM.Collect$$libinit$$00000013)
    __rt_lib_init_lc_monetary_1              0x08000255   Thumb Code     0  libinit2.o(.ARM.Collect$$libinit$$00000015)
    __rt_lib_init_lc_numeric_1               0x08000255   Thumb Code     0  libinit2.o(.ARM.Collect$$libinit$$00000017)
    __rt_lib_init_lc_time_1                  0x08000255   Thumb Code     0  libinit2.o(.ARM.Collect$$libinit$$00000019)
    __rt_lib_init_return                     0x08000255   Thumb Code     0  libinit2.o(.ARM.Collect$$libinit$$00000033)
    __rt_lib_init_signal_1                   0x08000255   Thumb Code     0  libinit2.o(.ARM.Collect$$libinit$$0000001D)
    __rt_lib_init_stdio_1                    0x08000255   Thumb Code     0  libinit2.o(.ARM.Collect$$libinit$$00000025)
    __rt_lib_shutdown                        0x08000257   Thumb Code     0  libshutdown.o(.ARM.Collect$$libshutdown$$00000000)
    __rt_lib_shutdown_fp_trap_1              0x08000259   Thumb Code     0  libshutdown2.o(.ARM.Collect$$libshutdown$$00000006)
    __rt_lib_shutdown_heap_1                 0x08000259   Thumb Code     0  libshutdown2.o(.ARM.Collect$$libshutdown$$0000000E)
    __rt_lib_shutdown_return                 0x08000259   Thumb Code     0  libshutdown2.o(.ARM.Collect$$libshutdown$$0000000F)
    __rt_lib_shutdown_signal_1               0x08000259   Thumb Code     0  libshutdown2.o(.ARM.Collect$$libshutdown$$00000009)
    __rt_lib_shutdown_stdio_1                0x08000259   Thumb Code     0  libshutdown2.o(.ARM.Collect$$libshutdown$$00000003)
    __rt_lib_shutdown_user_alloc_1           0x08000259   Thumb Code     0  libshutdown2.o(.ARM.Collect$$libshutdown$$0000000B)
    __rt_entry                               0x0800025b   Thumb Code     0  __rtentry.o(.ARM.Collect$$rtentry$$00000000)
    __rt_entry_presh_1                       0x0800025b   Thumb Code     0  __rtentry2.o(.ARM.Collect$$rtentry$$00000002)
    __rt_entry_sh                            0x0800025b   Thumb Code     0  __rtentry4.o(.ARM.Collect$$rtentry$$00000004)
    __rt_entry_li                            0x08000261   Thumb Code     0  __rtentry2.o(.ARM.Collect$$rtentry$$0000000A)
    __rt_entry_postsh_1                      0x08000261   Thumb Code     0  __rtentry2.o(.ARM.Collect$$rtentry$$00000009)
    __rt_entry_main                          0x08000265   Thumb Code     0  __rtentry2.o(.ARM.Collect$$rtentry$$0000000D)
    __rt_entry_postli_1                      0x08000265   Thumb Code     0  __rtentry2.o(.ARM.Collect$$rtentry$$0000000C)
    __rt_exit                                0x0800026d   Thumb Code     0  rtexit.o(.ARM.Collect$$rtexit$$00000000)
    __rt_exit_ls                             0x0800026f   Thumb Code     0  rtexit2.o(.ARM.Collect$$rtexit$$00000003)
    __rt_exit_prels_1                        0x0800026f   Thumb Code     0  rtexit2.o(.ARM.Collect$$rtexit$$00000002)
    __rt_exit_exit                           0x08000273   Thumb Code     0  rtexit2.o(.ARM.Collect$$rtexit$$00000004)
    rt_init_thread_entry                     0x08000279   Thumb Code     2  application.o(.text)
    rt_application_init                      0x0800027b   Thumb Code    40  application.o(.text)
    assert_failed                            0x080002ad   Thumb Code    30  startup.o(.text)
    rtthread_startup                         0x080002cb   Thumb Code    62  startup.o(.text)
    main                                     0x08000309   Thumb Code    14  startup.o(.text)
    NVIC_Configuration                       0x08000379   Thumb Code    22  board.o(.text)
    SysTick_Configuration                    0x0800038f   Thumb Code    98  board.o(.text)
    SysTick_Handler                          0x080003f1   Thumb Code    16  board.o(.text)
    rt_hw_board_init                         0x08000401   Thumb Code    22  board.o(.text)
    NMI_Handler                              0x08000429   Thumb Code     2  stm32f4xx_it.o(.text)
    MemManage_Handler                        0x0800042b   Thumb Code     4  stm32f4xx_it.o(.text)
    BusFault_Handler                         0x0800042f   Thumb Code     4  stm32f4xx_it.o(.text)
    UsageFault_Handler                       0x08000433   Thumb Code     4  stm32f4xx_it.o(.text)
    SVC_Handler                              0x08000437   Thumb Code     2  stm32f4xx_it.o(.text)
    USART1_IRQHandler                        0x080005ed   Thumb Code    56  usart.o(.text)
    USART2_IRQHandler                        0x08000625   Thumb Code    56  usart.o(.text)
    USART3_IRQHandler                        0x0800065d   Thumb Code    56  usart.o(.text)
    stm32_hw_usart_init                      0x0800076b   Thumb Code   136  usart.o(.text)
    SystemInit                               0x0800096d   Thumb Code    88  system_stm32f4xx.o(.text)
    SystemCoreClockUpdate                    0x080009c5   Thumb Code   174  system_stm32f4xx.o(.text)
    NVIC_PriorityGroupConfig                 0x08000aa1   Thumb Code    54  misc.o(.text)
    NVIC_Init                                0x08000ad7   Thumb Code   164  misc.o(.text)
    NVIC_SetVectorTable                      0x08000b7b   Thumb Code    60  misc.o(.text)
    NVIC_SystemLPConfig                      0x08000bb7   Thumb Code    78  misc.o(.text)
    SysTick_CLKSourceConfig                  0x08000c05   Thumb Code    62  misc.o(.text)
    GPIO_DeInit                              0x08000c8d   Thumb Code   284  stm32f4xx_gpio.o(.text)
    GPIO_Init                                0x08000da9   Thumb Code   342  stm32f4xx_gpio.o(.text)
    GPIO_StructInit                          0x08000eff   Thumb Code    18  stm32f4xx_gpio.o(.text)
    GPIO_PinLockConfig                       0x08000f11   Thumb Code   122  stm32f4xx_gpio.o(.text)
    GPIO_ReadInputDataBit                    0x08000f8b   Thumb Code   182  stm32f4xx_gpio.o(.text)
    GPIO_ReadInputData                       0x08001041   Thumb Code   174  stm32f4xx_gpio.o(.text)
    GPIO_ReadOutputDataBit                   0x080010ef   Thumb Code   186  stm32f4xx_gpio.o(.text)
    GPIO_ReadOutputData                      0x080011a9   Thumb Code    78  stm32f4xx_gpio.o(.text)
    GPIO_SetBits                             0x080011f7   Thumb Code    98  stm32f4xx_gpio.o(.text)
    GPIO_ResetBits                           0x08001259   Thumb Code    98  stm32f4xx_gpio.o(.text)
    GPIO_WriteBit                            0x080012bb   Thumb Code   200  stm32f4xx_gpio.o(.text)
    GPIO_Write                               0x08001383   Thumb Code    78  stm32f4xx_gpio.o(.text)
    GPIO_ToggleBits                          0x080013d1   Thumb Code    82  stm32f4xx_gpio.o(.text)
    GPIO_PinAFConfig                         0x08001423   Thumb Code   384  stm32f4xx_gpio.o(.text)
    RCC_DeInit                               0x080015a5   Thumb Code    60  stm32f4xx_rcc.o(.text)
    RCC_HSEConfig                            0x080015e1   Thumb Code    38  stm32f4xx_rcc.o(.text)
    RCC_GetFlagStatus                        0x08001607   Thumb Code   130  stm32f4xx_rcc.o(.text)
    RCC_WaitForHSEStartUp                    0x08001689   Thumb Code    56  stm32f4xx_rcc.o(.text)
    RCC_AdjustHSICalibrationValue            0x080016c1   Thumb Code    38  stm32f4xx_rcc.o(.text)
    RCC_HSICmd                               0x080016e7   Thumb Code    28  stm32f4xx_rcc.o(.text)
    RCC_LSEConfig                            0x08001703   Thumb Code    72  stm32f4xx_rcc.o(.text)
    RCC_LSICmd                               0x0800174b   Thumb Code    28  stm32f4xx_rcc.o(.text)
    RCC_PLLConfig                            0x08001767   Thumb Code   156  stm32f4xx_rcc.o(.text)
    RCC_PLLCmd                               0x08001803   Thumb Code    28  stm32f4xx_rcc.o(.text)
    RCC_PLLI2SConfig                         0x0800181f   Thumb Code    62  stm32f4xx_rcc.o(.text)
    RCC_PLLI2SCmd                            0x0800185d   Thumb Code    28  stm32f4xx_rcc.o(.text)
    RCC_ClockSecuritySystemCmd               0x08001879   Thumb Code    28  stm32f4xx_rcc.o(.text)
    RCC_MCO1Config                           0x08001895   Thumb Code   102  stm32f4xx_rcc.o(.text)
    RCC_MCO2Config                           0x080018fb   Thumb Code   102  stm32f4xx_rcc.o(.text)
    RCC_SYSCLKConfig                         0x08001961   Thumb Code   124  stm32f4xx_rcc.o(.text)
    RCC_GetSYSCLKSource                      0x080019dd   Thumb Code    10  stm32f4xx_rcc.o(.text)
    RCC_HCLKConfig                           0x080019e7   Thumb Code    68  stm32f4xx_rcc.o(.text)
    RCC_PCLK1Config                          0x08001a2b   Thumb Code    60  stm32f4xx_rcc.o(.text)
    RCC_PCLK2Config                          0x08001a67   Thumb Code    62  stm32f4xx_rcc.o(.text)
    RCC_GetClocksFreq                        0x08001aa5   Thumb Code   214  stm32f4xx_rcc.o(.text)
    RCC_RTCCLKConfig                         0x08001b7b   Thumb Code   262  stm32f4xx_rcc.o(.text)
    RCC_RTCCLKCmd                            0x08001c81   Thumb Code    30  stm32f4xx_rcc.o(.text)
    RCC_BackupResetCmd                       0x08001c9f   Thumb Code    32  stm32f4xx_rcc.o(.text)
    RCC_I2SCLKConfig                         0x08001cbf   Thumb Code    30  stm32f4xx_rcc.o(.text)
    RCC_AHB1PeriphClockCmd                   0x08001cdd   Thumb Code    82  stm32f4xx_rcc.o(.text)
    RCC_AHB2PeriphClockCmd                   0x08001d2f   Thumb Code    82  stm32f4xx_rcc.o(.text)
    RCC_AHB3PeriphClockCmd                   0x08001d81   Thumb Code   232  stm32f4xx_rcc.o(.text)
    RCC_APB1PeriphClockCmd                   0x08001e69   Thumb Code    82  stm32f4xx_rcc.o(.text)
    RCC_APB2PeriphClockCmd                   0x08001ebb   Thumb Code    82  stm32f4xx_rcc.o(.text)
    RCC_AHB1PeriphResetCmd                   0x08001f0d   Thumb Code    82  stm32f4xx_rcc.o(.text)
    RCC_AHB2PeriphResetCmd                   0x08001f5f   Thumb Code    82  stm32f4xx_rcc.o(.text)
    RCC_AHB3PeriphResetCmd                   0x08001fb1   Thumb Code    82  stm32f4xx_rcc.o(.text)
    RCC_APB1PeriphResetCmd                   0x08002003   Thumb Code    82  stm32f4xx_rcc.o(.text)
    RCC_APB2PeriphResetCmd                   0x08002055   Thumb Code    82  stm32f4xx_rcc.o(.text)
    RCC_AHB1PeriphClockLPModeCmd             0x080020a7   Thumb Code    82  stm32f4xx_rcc.o(.text)
    RCC_AHB2PeriphClockLPModeCmd             0x080020f9   Thumb Code    82  stm32f4xx_rcc.o(.text)
    RCC_AHB3PeriphClockLPModeCmd             0x0800214b   Thumb Code    82  stm32f4xx_rcc.o(.text)
    RCC_APB1PeriphClockLPModeCmd             0x0800219d   Thumb Code    82  stm32f4xx_rcc.o(.text)
    RCC_APB2PeriphClockLPModeCmd             0x080021ef   Thumb Code   106  stm32f4xx_rcc.o(.text)
    RCC_ITConfig                             0x08002259   Thumb Code    74  stm32f4xx_rcc.o(.text)
    RCC_ClearFlag                            0x080022a3   Thumb Code    18  stm32f4xx_rcc.o(.text)
    RCC_GetITStatus                          0x080022b5   Thumb Code    68  stm32f4xx_rcc.o(.text)
    RCC_ClearITPendingBit                    0x080022f9   Thumb Code    34  stm32f4xx_rcc.o(.text)
    USART_DeInit                             0x08002321   Thumb Code   202  stm32f4xx_usart.o(.text)
    USART_Init                               0x080023eb   Thumb Code   456  stm32f4xx_usart.o(.text)
    USART_StructInit                         0x080025b3   Thumb Code    24  stm32f4xx_usart.o(.text)
    USART_ClockInit                          0x080025cb   Thumb Code   166  stm32f4xx_usart.o(.text)
    USART_ClockStructInit                    0x08002671   Thumb Code    12  stm32f4xx_usart.o(.text)
    USART_Cmd                                0x0800267d   Thumb Code    96  stm32f4xx_usart.o(.text)
    USART_SetPrescaler                       0x080026dd   Thumb Code   160  stm32f4xx_usart.o(.text)
    USART_OverSampling8Cmd                   0x0800277d   Thumb Code    98  stm32f4xx_usart.o(.text)
    USART_OneBitMethodCmd                    0x080027df   Thumb Code   100  stm32f4xx_usart.o(.text)
    USART_SendData                           0x08002843   Thumb Code    84  stm32f4xx_usart.o(.text)
    USART_ReceiveData                        0x08002897   Thumb Code    62  stm32f4xx_usart.o(.text)
    USART_SetAddress                         0x080028d5   Thumb Code    92  stm32f4xx_usart.o(.text)
    USART_ReceiverWakeUpCmd                  0x08002931   Thumb Code   100  stm32f4xx_usart.o(.text)
    USART_WakeUpConfig                       0x08002995   Thumb Code    96  stm32f4xx_usart.o(.text)
    USART_LINBreakDetectLengthConfig         0x080029f5   Thumb Code    94  stm32f4xx_usart.o(.text)
    USART_LINCmd                             0x08002a53   Thumb Code   100  stm32f4xx_usart.o(.text)
    USART_SendBreak                          0x08002ab7   Thumb Code    64  stm32f4xx_usart.o(.text)
    USART_HalfDuplexCmd                      0x08002af7   Thumb Code   100  stm32f4xx_usart.o(.text)
    USART_SetGuardTime                       0x08002b5b   Thumb Code    86  stm32f4xx_usart.o(.text)
    USART_SmartCardCmd                       0x08002bb1   Thumb Code    88  stm32f4xx_usart.o(.text)
    USART_SmartCardNACKCmd                   0x08002c09   Thumb Code    88  stm32f4xx_usart.o(.text)
    USART_IrDAConfig                         0x08002c61   Thumb Code    94  stm32f4xx_usart.o(.text)
    USART_IrDACmd                            0x08002cbf   Thumb Code   100  stm32f4xx_usart.o(.text)
    USART_DMACmd                             0x08002d23   Thumb Code   120  stm32f4xx_usart.o(.text)
    USART_ITConfig                           0x08002d9b   Thumb Code   268  stm32f4xx_usart.o(.text)
    USART_GetFlagStatus                      0x08002ea7   Thumb Code   176  stm32f4xx_usart.o(.text)
    USART_ClearFlag                          0x08002f57   Thumb Code   160  stm32f4xx_usart.o(.text)
    USART_GetITStatus                        0x08002ff7   Thumb Code   284  stm32f4xx_usart.o(.text)
    USART_ClearITPendingBit                  0x08003113   Thumb Code   170  stm32f4xx_usart.o(.text)
    Reset_Handler                            0x080031d5   Thumb Code     8  startup_stm32f4xx.o(.text)
    DebugMon_Handler                         0x080031e9   Thumb Code     2  startup_stm32f4xx.o(.text)
    ADC_IRQHandler                           0x080031ef   Thumb Code     0  startup_stm32f4xx.o(.text)
    CAN1_RX0_IRQHandler                      0x080031ef   Thumb Code     0  startup_stm32f4xx.o(.text)
    CAN1_RX1_IRQHandler                      0x080031ef   Thumb Code     0  startup_stm32f4xx.o(.text)
    CAN1_SCE_IRQHandler                      0x080031ef   Thumb Code     0  startup_stm32f4xx.o(.text)
    CAN1_TX_IRQHandler                       0x080031ef   Thumb Code     0  startup_stm32f4xx.o(.text)
    CAN2_RX0_IRQHandler                      0x080031ef   Thumb Code     0  startup_stm32f4xx.o(.text)
    CAN2_RX1_IRQHandler                      0x080031ef   Thumb Code     0  startup_stm32f4xx.o(.text)
    CAN2_SCE_IRQHandler                      0x080031ef   Thumb Code     0  startup_stm32f4xx.o(.text)
    CAN2_TX_IRQHandler                       0x080031ef   Thumb Code     0  startup_stm32f4xx.o(.text)
    CRYP_IRQHandler                          0x080031ef   Thumb Code     0  startup_stm32f4xx.o(.text)
    DCMI_IRQHandler                          0x080031ef   Thumb Code     0  startup_stm32f4xx.o(.text)
    DMA1_Stream0_IRQHandler                  0x080031ef   Thumb Code     0  startup_stm32f4xx.o(.text)
    DMA1_Stream1_IRQHandler                  0x080031ef   Thumb Code     0  startup_stm32f4xx.o(.text)
    DMA1_Stream2_IRQHandler                  0x080031ef   Thumb Code     0  startup_stm32f4xx.o(.text)
    DMA1_Stream3_IRQHandler                  0x080031ef   Thumb Code     0  startup_stm32f4xx.o(.text)
    DMA1_Stream4_IRQHandler                  0x080031ef   Thumb Code     0  startup_stm32f4xx.o(.text)
    DMA1_Stream5_IRQHandler                  0x080031ef   Thumb Code     0  startup_stm32f4xx.o(.text)
    DMA1_Stream6_IRQHandler                  0x080031ef   Thumb Code     0  startup_stm32f4xx.o(.text)
    DMA1_Stream7_IRQHandler                  0x080031ef   Thumb Code     0  startup_stm32f4xx.o(.text)
    DMA2_Stream0_IRQHandler                  0x080031ef   Thumb Code     0  startup_stm32f4xx.o(.text)
    DMA2_Stream1_IRQHandler                  0x080031ef   Thumb Code     0  startup_stm32f4xx.o(.text)
    DMA2_Stream2_IRQHandler                  0x080031ef   Thumb Code     0  startup_stm32f4xx.o(.text)
    DMA2_Stream3_IRQHandler                  0x080031ef   Thumb Code     0  startup_stm32f4xx.o(.text)
    DMA2_Stream4_IRQHandler                  0x080031ef   Thumb Code     0  startup_stm32f4xx.o(.text)
    DMA2_Stream5_IRQHandler                  0x080031ef   Thumb Code     0  startup_stm32f4xx.o(.text)
    DMA2_Stream6_IRQHandler                  0x080031ef   Thumb Code     0  startup_stm32f4xx.o(.text)
    DMA2_Stream7_IRQHandler                  0x080031ef   Thumb Code     0  startup_stm32f4xx.o(.text)
    ETH_IRQHandler                           0x080031ef   Thumb Code     0  startup_stm32f4xx.o(.text)
    ETH_WKUP_IRQHandler                      0x080031ef   Thumb Code     0  startup_stm32f4xx.o(.text)
    EXTI0_IRQHandler                         0x080031ef   Thumb Code     0  startup_stm32f4xx.o(.text)
    EXTI15_10_IRQHandler                     0x080031ef   Thumb Code     0  startup_stm32f4xx.o(.text)
    EXTI1_IRQHandler                         0x080031ef   Thumb Code     0  startup_stm32f4xx.o(.text)
    EXTI2_IRQHandler                         0x080031ef   Thumb Code     0  startup_stm32f4xx.o(.text)
    EXTI3_IRQHandler                         0x080031ef   Thumb Code     0  startup_stm32f4xx.o(.text)
    EXTI4_IRQHandler                         0x080031ef   Thumb Code     0  startup_stm32f4xx.o(.text)
    EXTI9_5_IRQHandler                       0x080031ef   Thumb Code     0  startup_stm32f4xx.o(.text)
    FLASH_IRQHandler                         0x080031ef   Thumb Code     0  startup_stm32f4xx.o(.text)
    FPU_IRQHandler                           0x080031ef   Thumb Code     0  startup_stm32f4xx.o(.text)
    FSMC_IRQHandler                          0x080031ef   Thumb Code     0  startup_stm32f4xx.o(.text)
    HASH_RNG_IRQHandler                      0x080031ef   Thumb Code     0  startup_stm32f4xx.o(.text)
    I2C1_ER_IRQHandler                       0x080031ef   Thumb Code     0  startup_stm32f4xx.o(.text)
    I2C1_EV_IRQHandler                       0x080031ef   Thumb Code     0  startup_stm32f4xx.o(.text)
    I2C2_ER_IRQHandler                       0x080031ef   Thumb Code     0  startup_stm32f4xx.o(.text)
    I2C2_EV_IRQHandler                       0x080031ef   Thumb Code     0  startup_stm32f4xx.o(.text)
    I2C3_ER_IRQHandler                       0x080031ef   Thumb Code     0  startup_stm32f4xx.o(.text)
    I2C3_EV_IRQHandler                       0x080031ef   Thumb Code     0  startup_stm32f4xx.o(.text)
    OTG_FS_IRQHandler                        0x080031ef   Thumb Code     0  startup_stm32f4xx.o(.text)
    OTG_FS_WKUP_IRQHandler                   0x080031ef   Thumb Code     0  startup_stm32f4xx.o(.text)
    OTG_HS_EP1_IN_IRQHandler                 0x080031ef   Thumb Code     0  startup_stm32f4xx.o(.text)
    OTG_HS_EP1_OUT_IRQHandler                0x080031ef   Thumb Code     0  startup_stm32f4xx.o(.text)
    OTG_HS_IRQHandler                        0x080031ef   Thumb Code     0  startup_stm32f4xx.o(.text)
    OTG_HS_WKUP_IRQHandler                   0x080031ef   Thumb Code     0  startup_stm32f4xx.o(.text)
    PVD_IRQHandler                           0x080031ef   Thumb Code     0  startup_stm32f4xx.o(.text)
    RCC_IRQHandler                           0x080031ef   Thumb Code     0  startup_stm32f4xx.o(.text)
    RTC_Alarm_IRQHandler                     0x080031ef   Thumb Code     0  startup_stm32f4xx.o(.text)
    RTC_WKUP_IRQHandler                      0x080031ef   Thumb Code     0  startup_stm32f4xx.o(.text)
    SDIO_IRQHandler                          0x080031ef   Thumb Code     0  startup_stm32f4xx.o(.text)
    SPI1_IRQHandler                          0x080031ef   Thumb Code     0  startup_stm32f4xx.o(.text)
    SPI2_IRQHandler                          0x080031ef   Thumb Code     0  startup_stm32f4xx.o(.text)
    SPI3_IRQHandler                          0x080031ef   Thumb Code     0  startup_stm32f4xx.o(.text)
    TAMP_STAMP_IRQHandler                    0x080031ef   Thumb Code     0  startup_stm32f4xx.o(.text)
    TIM1_BRK_TIM9_IRQHandler                 0x080031ef   Thumb Code     0  startup_stm32f4xx.o(.text)
    TIM1_CC_IRQHandler                       0x080031ef   Thumb Code     0  startup_stm32f4xx.o(.text)
    TIM1_TRG_COM_TIM11_IRQHandler            0x080031ef   Thumb Code     0  startup_stm32f4xx.o(.text)
    TIM1_UP_TIM10_IRQHandler                 0x080031ef   Thumb Code     0  startup_stm32f4xx.o(.text)
    TIM2_IRQHandler                          0x080031ef   Thumb Code     0  startup_stm32f4xx.o(.text)
    TIM3_IRQHandler                          0x080031ef   Thumb Code     0  startup_stm32f4xx.o(.text)
    TIM4_IRQHandler                          0x080031ef   Thumb Code     0  startup_stm32f4xx.o(.text)
    TIM5_IRQHandler                          0x080031ef   Thumb Code     0  startup_stm32f4xx.o(.text)
    TIM6_DAC_IRQHandler                      0x080031ef   Thumb Code     0  startup_stm32f4xx.o(.text)
    TIM7_IRQHandler                          0x080031ef   Thumb Code     0  startup_stm32f4xx.o(.text)
    TIM8_BRK_TIM12_IRQHandler                0x080031ef   Thumb Code     0  startup_stm32f4xx.o(.text)
    TIM8_CC_IRQHandler                       0x080031ef   Thumb Code     0  startup_stm32f4xx.o(.text)
    TIM8_TRG_COM_TIM14_IRQHandler            0x080031ef   Thumb Code     0  startup_stm32f4xx.o(.text)
    TIM8_UP_TIM13_IRQHandler                 0x080031ef   Thumb Code     0  startup_stm32f4xx.o(.text)
    UART4_IRQHandler                         0x080031ef   Thumb Code     0  startup_stm32f4xx.o(.text)
    UART5_IRQHandler                         0x080031ef   Thumb Code     0  startup_stm32f4xx.o(.text)
    USART6_IRQHandler                        0x080031ef   Thumb Code     0  startup_stm32f4xx.o(.text)
    WWDG_IRQHandler                          0x080031ef   Thumb Code     0  startup_stm32f4xx.o(.text)
    __user_initial_stackheap                 0x080031f1   Thumb Code     0  startup_stm32f4xx.o(.text)
    rt_system_tick_init                      0x08003215   Thumb Code     2  clock.o(.text)
    rt_tick_get                              0x08003217   Thumb Code     6  clock.o(.text)
    rt_tick_set                              0x0800321d   Thumb Code    22  clock.o(.text)
    rt_tick_increase                         0x08003233   Thumb Code    42  clock.o(.text)
    rt_tick_from_millisecond                 0x0800325d   Thumb Code    22  clock.o(.text)
    rt_device_find                           0x08003279   Thumb Code    76  device.o(.text)
    rt_device_register                       0x080032c5   Thumb Code    50  device.o(.text)
    rt_device_unregister                     0x080032f7   Thumb Code    44  device.o(.text)
    rt_device_init_all                       0x08003323   Thumb Code     4  device.o(.text)
    rt_device_init                           0x08003327   Thumb Code    82  device.o(.text)
    rt_device_open                           0x08003379   Thumb Code   172  device.o(.text)
    rt_device_close                          0x08003425   Thumb Code    86  device.o(.text)
    rt_device_read                           0x0800347b   Thumb Code    90  device.o(.text)
    rt_device_write                          0x080034d5   Thumb Code    90  device.o(.text)
    rt_device_control                        0x0800352f   Thumb Code    60  device.o(.text)
    rt_device_set_rx_indicate                0x0800356b   Thumb Code    44  device.o(.text)
    rt_device_set_tx_complete                0x08003597   Thumb Code    44  device.o(.text)
    rt_thread_idle_sethook                   0x08003669   Thumb Code     6  idle.o(.text)
    rt_thread_idle_excute                    0x0800366f   Thumb Code   172  idle.o(.text)
    rt_thread_idle_init                      0x0800372f   Thumb Code    38  idle.o(.text)
    rt_sem_init                              0x08003879   Thumb Code    64  ipc.o(.text)
    rt_sem_detach                            0x080038b9   Thumb Code    52  ipc.o(.text)
    rt_sem_create                            0x080038ed   Thumb Code   102  ipc.o(.text)
    rt_sem_delete                            0x08003953   Thumb Code   114  ipc.o(.text)
    rt_sem_take                              0x080039c5   Thumb Code   324  ipc.o(.text)
    rt_sem_trytake                           0x08003b09   Thumb Code    14  ipc.o(.text)
    rt_sem_release                           0x08003b17   Thumb Code    80  ipc.o(.text)
    rt_sem_control                           0x08003b67   Thumb Code    86  ipc.o(.text)
    rt_mutex_init                            0x08003bbd   Thumb Code    76  ipc.o(.text)
    rt_mutex_detach                          0x08003c09   Thumb Code    54  ipc.o(.text)
    rt_mutex_create                          0x08003c3f   Thumb Code   328  ipc.o(.text)
    rt_mutex_delete                          0x08003d87   Thumb Code   124  ipc.o(.text)
    rt_mutex_take                            0x08003e03   Thumb Code   408  ipc.o(.text)
    rt_mutex_release                         0x08003f9b   Thumb Code   314  ipc.o(.text)
    rt_mutex_control                         0x080040d5   Thumb Code     8  ipc.o(.text)
    rt_event_init                            0x080040dd   Thumb Code    66  ipc.o(.text)
    rt_event_detach                          0x0800411f   Thumb Code    56  ipc.o(.text)
    rt_event_create                          0x08004157   Thumb Code   164  ipc.o(.text)
    rt_event_delete                          0x080041fb   Thumb Code   124  ipc.o(.text)
    rt_event_send                            0x08004277   Thumb Code   232  ipc.o(.text)
    rt_event_recv                            0x0800435f   Thumb Code   450  ipc.o(.text)
    rt_event_control                         0x08004521   Thumb Code    86  ipc.o(.text)
    rt_mb_init                               0x08004577   Thumb Code    96  ipc.o(.text)
    rt_mb_detach                             0x080045d7   Thumb Code   120  ipc.o(.text)
    rt_mb_create                             0x0800464f   Thumb Code   148  ipc.o(.text)
    rt_mb_delete                             0x080046e3   Thumb Code   138  ipc.o(.text)
    rt_mb_send_wait                          0x0800476d   Thumb Code   444  ipc.o(.text)
    rt_mb_send                               0x08004929   Thumb Code    18  ipc.o(.text)
    rt_mb_recv                               0x0800493b   Thumb Code   506  ipc.o(.text)
    rt_mb_control                            0x08004b35   Thumb Code    98  ipc.o(.text)
    rt_mq_init                               0x08004b97   Thumb Code   138  ipc.o(.text)
    rt_mq_detach                             0x08004c21   Thumb Code    56  ipc.o(.text)
    rt_mq_delete                             0x08004c59   Thumb Code   126  ipc.o(.text)
    rt_mq_create                             0x08004cd7   Thumb Code   190  ipc.o(.text)
    rt_mq_send                               0x08004d95   Thumb Code   254  ipc.o(.text)
    rt_mq_urgent                             0x08004e93   Thumb Code   342  ipc.o(.text)
    rt_mq_recv                               0x08004fe9   Thumb Code   530  ipc.o(.text)
    rt_mq_control                            0x080051fb   Thumb Code   116  ipc.o(.text)
    rt_interrupt_enter                       0x080052c5   Thumb Code    30  irq.o(.text)
    rt_interrupt_leave                       0x080052e3   Thumb Code    30  irq.o(.text)
    rt_interrupt_get_nest                    0x08005301   Thumb Code     6  irq.o(.text)
    rt_get_errno                             0x0800530d   Thumb Code    32  kservice.o(.text)
    rt_set_errno                             0x0800532d   Thumb Code    36  kservice.o(.text)
    _rt_errno                                0x08005351   Thumb Code    30  kservice.o(.text)
    rt_memset                                0x0800536f   Thumb Code    72  kservice.o(.text)
    rt_memcpy                                0x080053b7   Thumb Code   124  kservice.o(.text)
    rt_memmove                               0x08005433   Thumb Code    66  kservice.o(.text)
    rt_memcmp                                0x08005475   Thumb Code    38  kservice.o(.text)
    rt_strlen                                0x0800549b   Thumb Code    18  kservice.o(.text)
    rt_strstr                                0x080054ad   Thumb Code    58  kservice.o(.text)
    rt_strcasecmp                            0x080054e7   Thumb Code    48  kservice.o(.text)
    rt_strncpy                               0x08005517   Thumb Code    52  kservice.o(.text)
    rt_strncmp                               0x0800554b   Thumb Code    40  kservice.o(.text)
    rt_strcmp                                0x08005573   Thumb Code    28  kservice.o(.text)
    rt_strdup                                0x0800558f   Thumb Code    40  kservice.o(.text)
    rt_hw_console_output                     0x080055b7   Thumb Code     2  kservice.o(.text)
    rt_vsnprintf                             0x0800576f   Thumb Code   800  kservice.o(.text)
    rt_kprintf                               0x08005a8f   Thumb Code    96  kservice.o(.text)
    rt_show_version                          0x08005aef   Thumb Code    38  kservice.o(.text)
    rt_snprintf                              0x08005b15   Thumb Code    38  kservice.o(.text)
    rt_vsprintf                              0x08005b3b   Thumb Code    22  kservice.o(.text)
    rt_sprintf                               0x08005b51   Thumb Code    34  kservice.o(.text)
    rt_console_get_device                    0x08005b73   Thumb Code     6  kservice.o(.text)
    rt_console_set_device                    0x08005b79   Thumb Code    48  kservice.o(.text)
    rt_malloc_align                          0x08005ba9   Thumb Code    66  kservice.o(.text)
    rt_free_align                            0x08005beb   Thumb Code    16  kservice.o(.text)
    __rt_ffs                                 0x08005bfb   Thumb Code    70  kservice.o(.text)
    rt_malloc_sethook                        0x08005cdd   Thumb Code     6  mem.o(.text)
    rt_free_sethook                          0x08005ce3   Thumb Code     6  mem.o(.text)
    rt_system_heap_init                      0x08005dbf   Thumb Code   222  mem.o(.text)
    rt_malloc                                0x08005e9d   Thumb Code   940  mem.o(.text)
    rt_free                                  0x08006249   Thumb Code   346  mem.o(.text)
    rt_realloc                               0x080063a3   Thumb Code   330  mem.o(.text)
    rt_calloc                                0x080064ed   Thumb Code    98  mem.o(.text)
    rt_memory_info                           0x0800654f   Thumb Code    26  mem.o(.text)
    list_mem                                 0x08006569   Thumb Code    34  mem.o(.text)
    rt_object_attach_sethook                 0x080066b1   Thumb Code     6  object.o(.text)
    rt_object_detach_sethook                 0x080066b7   Thumb Code     6  object.o(.text)
    rt_object_trytake_sethook                0x080066bd   Thumb Code     6  object.o(.text)
    rt_object_take_sethook                   0x080066c3   Thumb Code     6  object.o(.text)
    rt_object_put_sethook                    0x080066c9   Thumb Code     6  object.o(.text)
    rt_system_object_init                    0x080066cf   Thumb Code     2  object.o(.text)
    rt_object_get_information                0x080066d1   Thumb Code    10  object.o(.text)
    rt_object_init                           0x080066db   Thumb Code    76  object.o(.text)
    rt_object_detach                         0x08006727   Thumb Code    74  object.o(.text)
    rt_object_allocate                       0x08006771   Thumb Code   150  object.o(.text)
    rt_object_delete                         0x08006807   Thumb Code   120  object.o(.text)
    rt_object_is_systemobject                0x0800687f   Thumb Code    52  object.o(.text)
    rt_object_find                           0x080068b3   Thumb Code   138  object.o(.text)
    rt_scheduler_sethook                     0x080069f1   Thumb Code     6  scheduler.o(.text)
    rt_system_scheduler_init                 0x08006a5b   Thumb Code    56  scheduler.o(.text)
    rt_system_scheduler_start                0x08006a93   Thumb Code    36  scheduler.o(.text)
    rt_schedule                              0x08006ab7   Thumb Code   134  scheduler.o(.text)
    rt_schedule_insert_thread                0x08006b3d   Thumb Code   100  scheduler.o(.text)
    rt_schedule_remove_thread                0x08006ba1   Thumb Code   112  scheduler.o(.text)
    rt_enter_critical                        0x08006c11   Thumb Code    28  scheduler.o(.text)
    rt_exit_critical                         0x08006c2d   Thumb Code    54  scheduler.o(.text)
    rt_critical_level                        0x08006c63   Thumb Code     8  scheduler.o(.text)
    rt_thread_timeout                        0x08006d91   Thumb Code   102  thread.o(.text)
    rt_thread_init                           0x08006e95   Thumb Code   110  thread.o(.text)
    rt_thread_self                           0x08006f03   Thumb Code     6  thread.o(.text)
    rt_thread_resume                         0x08006f09   Thumb Code    96  thread.o(.text)
    rt_thread_startup                        0x08006f69   Thumb Code   116  thread.o(.text)
    rt_thread_detach                         0x08006fdd   Thumb Code    90  thread.o(.text)
    rt_thread_create                         0x08007037   Thumb Code    80  thread.o(.text)
    rt_thread_delete                         0x08007087   Thumb Code    82  thread.o(.text)
    rt_thread_yield                          0x080070d9   Thumb Code   314  thread.o(.text)
    rt_thread_suspend                        0x08007213   Thumb Code    98  thread.o(.text)
    rt_thread_sleep                          0x08007275   Thumb Code   100  thread.o(.text)
    rt_thread_delay                          0x080072d9   Thumb Code    12  thread.o(.text)
    rt_thread_control                        0x080072e5   Thumb Code   146  thread.o(.text)
    rt_thread_find                           0x08007377   Thumb Code    76  thread.o(.text)
    rt_timer_timeout_sethook                 0x080073e7   Thumb Code     6  timer.o(.text)
    rt_timer_init                            0x08007479   Thumb Code    76  timer.o(.text)
    rt_timer_detach                          0x080074c5   Thumb Code    62  timer.o(.text)
    rt_timer_create                          0x08007503   Thumb Code    54  timer.o(.text)
    rt_timer_delete                          0x08007539   Thumb Code    64  timer.o(.text)
    rt_timer_start                           0x08007579   Thumb Code   342  timer.o(.text)
    rt_timer_stop                            0x080076cf   Thumb Code    98  timer.o(.text)
    rt_timer_control                         0x08007731   Thumb Code    94  timer.o(.text)
    rt_timer_check                           0x0800778f   Thumb Code   282  timer.o(.text)
    rt_timer_next_timeout_tick               0x080078a9   Thumb Code    10  timer.o(.text)
    rt_system_timer_init                     0x080078b3   Thumb Code    24  timer.o(.text)
    rt_system_timer_thread_init              0x080078cb   Thumb Code     2  timer.o(.text)
    rt_hw_stack_init                         0x080078e9   Thumb Code    74  cpuport.o(.text)
    rt_hw_exception_install                  0x08007933   Thumb Code     6  cpuport.o(.text)
    rt_hw_hard_fault_exception               0x08007939   Thumb Code   112  cpuport.o(.text)
    rt_hw_cpu_shutdown                       0x080079a9   Thumb Code    36  cpuport.o(.text)
    rt_hw_interrupt_disable                  0x08007aa9   Thumb Code     8  context_rvds.o(.text)
    rt_hw_interrupt_enable                   0x08007ab1   Thumb Code     6  context_rvds.o(.text)
    rt_hw_context_switch                     0x08007ab7   Thumb Code    32  context_rvds.o(.text)
    rt_hw_context_switch_interrupt           0x08007ab7   Thumb Code     0  context_rvds.o(.text)
    PendSV_Handler                           0x08007ad7   Thumb Code   108  context_rvds.o(.text)
    rt_hw_context_switch_to                  0x08007b43   Thumb Code    70  context_rvds.o(.text)
    rt_hw_interrupt_thread_switch            0x08007b89   Thumb Code     4  context_rvds.o(.text)
    HardFault_Handler                        0x08007b8d   Thumb Code    20  context_rvds.o(.text)
    finsh_set_device                         0x08007bed   Thumb Code   142  shell.o(.text)
    finsh_get_device                         0x08007c7b   Thumb Code    46  shell.o(.text)
    finsh_set_echo                           0x08007ca9   Thumb Code    48  shell.o(.text)
    finsh_get_echo                           0x08007cd9   Thumb Code    50  shell.o(.text)
    finsh_run_line                           0x08007d27   Thumb Code   150  shell.o(.text)
    finsh_thread_entry                       0x08007e79   Thumb Code  1670  shell.o(.text)
    finsh_system_function_init               0x080084ff   Thumb Code    10  shell.o(.text)
    finsh_system_var_init                    0x08008509   Thumb Code    10  shell.o(.text)
    finsh_system_init                        0x08008513   Thumb Code   122  shell.o(.text)
    hello                                    0x080085f5   Thumb Code    12  cmd.o(.text)
    version                                  0x08008601   Thumb Code    10  cmd.o(.text)
    list_thread                              0x080086b7   Thumb Code    10  cmd.o(.text)
    list_sem                                 0x08008755   Thumb Code    12  cmd.o(.text)
    list_event                               0x080087c1   Thumb Code    12  cmd.o(.text)
    list_mutex                               0x0800880f   Thumb Code    12  cmd.o(.text)
    list_mailbox                             0x08008893   Thumb Code    12  cmd.o(.text)
    list_msgqueue                            0x0800890b   Thumb Code    12  cmd.o(.text)
    list_mempool                             0x0800897d   Thumb Code    12  cmd.o(.text)
    list_timer                               0x08008dc1   Thumb Code    10  cmd.o(.text)
    list_device                              0x08008e1d   Thumb Code    12  cmd.o(.text)
    list                                     0x08008e29   Thumb Code   126  cmd.o(.text)
    list_prefix                              0x08008ee9   Thumb Code   434  cmd.o(.text)
    finsh_compiler_run                       0x0800a953   Thumb Code    88  finsh_compiler.o(.text)
    finsh_error_init                         0x0800a9bd   Thumb Code     8  finsh_error.o(.text)
    finsh_error_set                          0x0800a9c5   Thumb Code    10  finsh_error.o(.text)
    finsh_errno                              0x0800a9cf   Thumb Code     6  finsh_error.o(.text)
    finsh_error_string                       0x0800a9d5   Thumb Code    10  finsh_error.o(.text)
    finsh_heap_init                          0x0800a9e9   Thumb Code    36  finsh_heap.o(.text)
    finsh_heap_free                          0x0800ab0d   Thumb Code    34  finsh_heap.o(.text)
    finsh_heap_allocate                      0x0800ab7d   Thumb Code   106  finsh_heap.o(.text)
    finsh_init                               0x0800abf9   Thumb Code    30  finsh_init.o(.text)
    finsh_stack_bottom                       0x0800ac17   Thumb Code     6  finsh_init.o(.text)
    finsh_flush                              0x0800ac1d   Thumb Code    22  finsh_init.o(.text)
    finsh_reset                              0x0800ac33   Thumb Code    24  finsh_init.o(.text)
    finsh_node_init                          0x0800ac51   Thumb Code    16  finsh_node.o(.text)
    finsh_node_allocate                      0x0800ac61   Thumb Code    56  finsh_node.o(.text)
    finsh_node_new_id                        0x0800ac99   Thumb Code   118  finsh_node.o(.text)
    finsh_node_new_char                      0x0800ad0f   Thumb Code    30  finsh_node.o(.text)
    finsh_node_new_int                       0x0800ad2d   Thumb Code    30  finsh_node.o(.text)
    finsh_node_new_long                      0x0800ad4b   Thumb Code    30  finsh_node.o(.text)
    finsh_node_new_string                    0x0800ad69   Thumb Code    74  finsh_node.o(.text)
    finsh_node_new_ptr                       0x0800adb3   Thumb Code    30  finsh_node.o(.text)
    OP_no_op                                 0x0800add5   Thumb Code     2  finsh_ops.o(.text)
    OP_add_byte                              0x0800add7   Thumb Code    42  finsh_ops.o(.text)
    OP_add_word                              0x0800ae01   Thumb Code    44  finsh_ops.o(.text)
    OP_add_dword                             0x0800ae2d   Thumb Code    42  finsh_ops.o(.text)
    OP_sub_byte                              0x0800ae57   Thumb Code    42  finsh_ops.o(.text)
    OP_sub_word                              0x0800ae81   Thumb Code    44  finsh_ops.o(.text)
    OP_sub_dword                             0x0800aead   Thumb Code    42  finsh_ops.o(.text)
    OP_div_byte                              0x0800aed7   Thumb Code    44  finsh_ops.o(.text)
    OP_div_word                              0x0800af03   Thumb Code    46  finsh_ops.o(.text)
    OP_div_dword                             0x0800af31   Thumb Code    44  finsh_ops.o(.text)
    OP_mod_byte                              0x0800af5d   Thumb Code    48  finsh_ops.o(.text)
    OP_mod_word                              0x0800af8d   Thumb Code    48  finsh_ops.o(.text)
    OP_mod_dword                             0x0800afbd   Thumb Code    48  finsh_ops.o(.text)
    OP_mul_byte                              0x0800afed   Thumb Code    44  finsh_ops.o(.text)
    OP_mul_word                              0x0800b019   Thumb Code    46  finsh_ops.o(.text)
    OP_mul_dword                             0x0800b047   Thumb Code    42  finsh_ops.o(.text)
    OP_and_byte                              0x0800b071   Thumb Code    42  finsh_ops.o(.text)
    OP_and_word                              0x0800b09b   Thumb Code    42  finsh_ops.o(.text)
    OP_and_dword                             0x0800b0c5   Thumb Code    42  finsh_ops.o(.text)
    OP_or_byte                               0x0800b0ef   Thumb Code    42  finsh_ops.o(.text)
    OP_or_word                               0x0800b119   Thumb Code    42  finsh_ops.o(.text)
    OP_or_dword                              0x0800b143   Thumb Code    42  finsh_ops.o(.text)
    OP_xor_byte                              0x0800b16d   Thumb Code    42  finsh_ops.o(.text)
    OP_xor_word                              0x0800b197   Thumb Code    46  finsh_ops.o(.text)
    OP_xor_dword                             0x0800b1c5   Thumb Code    42  finsh_ops.o(.text)
    OP_bw_byte                               0x0800b1ef   Thumb Code    20  finsh_ops.o(.text)
    OP_bw_word                               0x0800b203   Thumb Code    20  finsh_ops.o(.text)
    OP_bw_dword                              0x0800b217   Thumb Code    20  finsh_ops.o(.text)
    OP_shl_byte                              0x0800b22b   Thumb Code    42  finsh_ops.o(.text)
    OP_shl_word                              0x0800b255   Thumb Code    44  finsh_ops.o(.text)
    OP_shl_dword                             0x0800b281   Thumb Code    42  finsh_ops.o(.text)
    OP_shr_byte                              0x0800b2ab   Thumb Code    42  finsh_ops.o(.text)
    OP_shr_word                              0x0800b2d5   Thumb Code    42  finsh_ops.o(.text)
    OP_shr_dword                             0x0800b2ff   Thumb Code    42  finsh_ops.o(.text)
    OP_ld_byte                               0x0800b329   Thumb Code    34  finsh_ops.o(.text)
    OP_ld_word                               0x0800b34b   Thumb Code    46  finsh_ops.o(.text)
    OP_ld_dword                              0x0800b379   Thumb Code    64  finsh_ops.o(.text)
    OP_ld_value_byte                         0x0800b3b9   Thumb Code    66  finsh_ops.o(.text)
    OP_ld_value_byte_stack                   0x0800b3fb   Thumb Code    20  finsh_ops.o(.text)
    OP_ld_value_word                         0x0800b40f   Thumb Code    66  finsh_ops.o(.text)
    OP_ld_value_word_stack                   0x0800b451   Thumb Code    20  finsh_ops.o(.text)
    OP_ld_value_dword                        0x0800b465   Thumb Code    66  finsh_ops.o(.text)
    OP_ld_value_dword_stack                  0x0800b4a7   Thumb Code    20  finsh_ops.o(.text)
    OP_st_byte                               0x0800b4bb   Thumb Code    30  finsh_ops.o(.text)
    OP_st_word                               0x0800b4d9   Thumb Code    30  finsh_ops.o(.text)
    OP_st_dword                              0x0800b4f7   Thumb Code    30  finsh_ops.o(.text)
    OP_pop                                   0x0800b515   Thumb Code    12  finsh_ops.o(.text)
    OP_call                                  0x0800b521   Thumb Code   906  finsh_ops.o(.text)
    finsh_parser_run                         0x0800c141   Thumb Code   220  finsh_parser.o(.text)
    finsh_parser_init                        0x0800c21d   Thumb Code    16  finsh_parser.o(.text)
    finsh_var_init                           0x0800c22d   Thumb Code    14  finsh_var.o(.text)
    finsh_var_insert                         0x0800c23b   Thumb Code   114  finsh_var.o(.text)
    finsh_var_delete                         0x0800c2ad   Thumb Code    68  finsh_var.o(.text)
    finsh_var_lookup                         0x0800c2f1   Thumb Code    58  finsh_var.o(.text)
    finsh_sysvar_append                      0x0800c32b   Thumb Code    62  finsh_var.o(.text)
    finsh_sysvar_lookup                      0x0800c369   Thumb Code    78  finsh_var.o(.text)
    finsh_vm_run                             0x0800c3c9   Thumb Code    62  finsh_vm.o(.text)
    finsh_syscall_append                     0x0800c407   Thumb Code    54  finsh_vm.o(.text)
    finsh_syscall_lookup                     0x0800c43d   Thumb Code    78  finsh_vm.o(.text)
    finsh_token_init                         0x0800c4ad   Thumb Code    20  finsh_token.o(.text)
    token_get_string                         0x0800c89d   Thumb Code   120  finsh_token.o(.text)
    finsh_token_token                        0x0800cad5   Thumb Code    24  finsh_token.o(.text)
    finsh_token_get_token                    0x0800caed   Thumb Code    20  finsh_token.o(.text)
    rt_hw_serial_register                    0x0800d24d   Thumb Code    98  serial.o(.text)
    rt_hw_serial_isr                         0x0800d2af   Thumb Code   468  serial.o(.text)
    rt_completion_init                       0x0800d5c5   Thumb Code    60  completion.o(.text)
    rt_completion_wait                       0x0800d601   Thumb Code   256  completion.o(.text)
    rt_completion_done                       0x0800d701   Thumb Code    94  completion.o(.text)
    rt_data_queue_init                       0x0800d81b   Thumb Code    92  dataqueue.o(.text)
    rt_data_queue_push                       0x0800d877   Thumb Code   314  dataqueue.o(.text)
    rt_data_queue_pop                        0x0800d9b1   Thumb Code   414  dataqueue.o(.text)
    rt_data_queue_peak                       0x0800db4f   Thumb Code   112  dataqueue.o(.text)
    rt_data_queue_reset                      0x0800dbbf   Thumb Code   252  dataqueue.o(.text)
    atoi                                     0x0800dcd1   Thumb Code    26  atoi.o(.text)
    strlen                                   0x0800dceb   Thumb Code    62  strlen.o(.text)
    strncmp                                  0x0800dd29   Thumb Code   150  strncmp.o(.text)
    __aeabi_memcpy                           0x0800ddbf   Thumb Code     0  rt_memcpy_v6.o(.text)
    __rt_memcpy                              0x0800ddbf   Thumb Code   138  rt_memcpy_v6.o(.text)
    _memcpy_lastbytes                        0x0800de25   Thumb Code     0  rt_memcpy_v6.o(.text)
    __aeabi_memcpy4                          0x0800de49   Thumb Code     0  rt_memcpy_w.o(.text)
    __aeabi_memcpy8                          0x0800de49   Thumb Code     0  rt_memcpy_w.o(.text)
    __rt_memcpy_w                            0x0800de49   Thumb Code   100  rt_memcpy_w.o(.text)
    _memcpy_lastbytes_aligned                0x0800de91   Thumb Code     0  rt_memcpy_w.o(.text)
    __aeabi_memclr                           0x0800dead   Thumb Code     0  rt_memclr.o(.text)
    __rt_memclr                              0x0800dead   Thumb Code    68  rt_memclr.o(.text)
    _memset                                  0x0800deb1   Thumb Code     0  rt_memclr.o(.text)
    __aeabi_memclr4                          0x0800def1   Thumb Code     0  rt_memclr_w.o(.text)
    __aeabi_memclr8                          0x0800def1   Thumb Code     0  rt_memclr_w.o(.text)
    __rt_memclr_w                            0x0800def1   Thumb Code    78  rt_memclr_w.o(.text)
    _memset_w                                0x0800def5   Thumb Code     0  rt_memclr_w.o(.text)
    strncpy                                  0x0800df3f   Thumb Code    86  strncpy.o(.text)
    strcmp                                   0x0800df95   Thumb Code   128  strcmpv7m.o(.text)
    __use_two_region_memory                  0x0800e015   Thumb Code     2  heapauxi.o(.text)
    __rt_heap_escrow$2region                 0x0800e017   Thumb Code     2  heapauxi.o(.text)
    __rt_heap_expand$2region                 0x0800e019   Thumb Code     2  heapauxi.o(.text)
    __aeabi_errno_addr                       0x0800e01d   Thumb Code     8  rt_errno_addr_intlibspace.o(.text)
    __errno$intlibspace                      0x0800e01d   Thumb Code     0  rt_errno_addr_intlibspace.o(.text)
    __rt_errno_addr$intlibspace              0x0800e01d   Thumb Code     0  rt_errno_addr_intlibspace.o(.text)
    strtol                                   0x0800e025   Thumb Code   112  strtol.o(.text)
    __user_libspace                          0x0800e095   Thumb Code     8  libspace.o(.text)
    __user_perproc_libspace                  0x0800e095   Thumb Code     0  libspace.o(.text)
    __user_perthread_libspace                0x0800e095   Thumb Code     0  libspace.o(.text)
    __rt_ctype_table                         0x0800e09d   Thumb Code    16  rt_ctype_table.o(.text)
    _strtoul                                 0x0800e0ad   Thumb Code   158  _strtoul.o(.text)
    __user_setup_stackheap                   0x0800e14b   Thumb Code    74  sys_stackheap_outer.o(.text)
    __rt_locale                              0x0800e195   Thumb Code     8  rt_locale_intlibspace.o(.text)
    _chval                                   0x0800e19d   Thumb Code    28  _chval.o(.text)
    exit                                     0x0800e1b9   Thumb Code    12  exit.o(.text)
    _sys_exit                                0x0800e1c5   Thumb Code     8  sys_exit.o(.text)
    __I$use$semihosting                      0x0800e1d1   Thumb Code     0  use_no_semi.o(.text)
    __use_no_semihosting_swi                 0x0800e1d1   Thumb Code     2  use_no_semi.o(.text)
    __semihosting_library_function           0x0800e1d3   Thumb Code     0  indicate_semi.o(.text)
    _get_lc_ctype                            0x0800e1d5   Thumb Code    44  lc_ctype_c.o(locale$$code)
    _fp_init                                 0x0800e201   Thumb Code    10  fpinit.o(x$fpl$fpinit)
    __fplib_config_fpu_vfp                   0x0800e209   Thumb Code     0  fpinit.o(x$fpl$fpinit)
    __fplib_config_pureend_doubles           0x0800e209   Thumb Code     0  fpinit.o(x$fpl$fpinit)
    __lowest_bit_bitmap                      0x0800e4f1   Data         256  kservice.o(.constdata)
    __fsym_list_mem_name                     0x0800e613   Data           9  mem.o(.constdata)
    __fsym_list_mem_desc                     0x0800e61c   Data          30  mem.o(.constdata)
    __fsym_hello_name                        0x0800e8a8   Data           6  cmd.o(.constdata)
    __fsym_hello_desc                        0x0800e8ae   Data          16  cmd.o(.constdata)
    __fsym_version_name                      0x0800e8be   Data           8  cmd.o(.constdata)
    __fsym_version_desc                      0x0800e8c6   Data          35  cmd.o(.constdata)
    __fsym_list_thread_name                  0x0800e8e9   Data          12  cmd.o(.constdata)
    __fsym_list_thread_desc                  0x0800e8f5   Data          12  cmd.o(.constdata)
    __fsym_list_sem_name                     0x0800e901   Data           9  cmd.o(.constdata)
    __fsym_list_sem_desc                     0x0800e90a   Data          25  cmd.o(.constdata)
    __fsym_list_event_name                   0x0800e923   Data          11  cmd.o(.constdata)
    __fsym_list_event_desc                   0x0800e92e   Data          21  cmd.o(.constdata)
    __fsym_list_mutex_name                   0x0800e943   Data          11  cmd.o(.constdata)
    __fsym_list_mutex_desc                   0x0800e94e   Data          21  cmd.o(.constdata)
    __fsym_list_mailbox_name                 0x0800e963   Data          13  cmd.o(.constdata)
    __fsym_list_mailbox_desc                 0x0800e970   Data          24  cmd.o(.constdata)
    __fsym_list_msgqueue_name                0x0800e988   Data          14  cmd.o(.constdata)
    __fsym_list_msgqueue_desc                0x0800e996   Data          29  cmd.o(.constdata)
    __fsym_list_mempool_name                 0x0800e9b3   Data          13  cmd.o(.constdata)
    __fsym_list_mempool_desc                 0x0800e9c0   Data          27  cmd.o(.constdata)
    __fsym_list_timer_name                   0x0800e9db   Data          11  cmd.o(.constdata)
    __fsym_list_timer_desc                   0x0800e9e6   Data          21  cmd.o(.constdata)
    __fsym_list_device_name                  0x0800e9fb   Data          12  cmd.o(.constdata)
    __fsym_list_device_desc                  0x0800ea07   Data          22  cmd.o(.constdata)
    __fsym_list_name                         0x0800ea1d   Data           5  cmd.o(.constdata)
    __fsym_list_desc                         0x0800ea22   Data          26  cmd.o(.constdata)
    __vsym_dummy_name                        0x0800ea3c   Data           6  cmd.o(.constdata)
    __vsym_dummy_desc                        0x0800ea42   Data          25  cmd.o(.constdata)
    op_table                                 0x0800eaa8   Data         196  finsh_ops.o(.constdata)
    FSymTab$$Base                            0x0800f0c8   Number         0  mem.o(FSymTab)
    __fsym_list_mem                          0x0800f0c8   Data          12  mem.o(FSymTab)
    __fsym_hello                             0x0800f0d4   Data          12  cmd.o(FSymTab)
    __fsym_version                           0x0800f0e0   Data          12  cmd.o(FSymTab)
    __fsym_list_thread                       0x0800f0ec   Data          12  cmd.o(FSymTab)
    __fsym_list_sem                          0x0800f0f8   Data          12  cmd.o(FSymTab)
    __fsym_list_event                        0x0800f104   Data          12  cmd.o(FSymTab)
    __fsym_list_mutex                        0x0800f110   Data          12  cmd.o(FSymTab)
    __fsym_list_mailbox                      0x0800f11c   Data          12  cmd.o(FSymTab)
    __fsym_list_msgqueue                     0x0800f128   Data          12  cmd.o(FSymTab)
    __fsym_list_mempool                      0x0800f134   Data          12  cmd.o(FSymTab)
    __fsym_list_timer                        0x0800f140   Data          12  cmd.o(FSymTab)
    __fsym_list_device                       0x0800f14c   Data          12  cmd.o(FSymTab)
    __fsym_list                              0x0800f158   Data          12  cmd.o(FSymTab)
    FSymTab$$Limit                           0x0800f164   Number         0  cmd.o(FSymTab)
    Region$$Table$$Base                      0x0800f164   Number         0  anon$$obj.o(Region$$Table)
    Region$$Table$$Limit                     0x0800f184   Number         0  anon$$obj.o(Region$$Table)
    VSymTab$$Base                            0x0800f184   Number         0  cmd.o(VSymTab)
    __vsym_dummy                             0x0800f184   Data          16  cmd.o(VSymTab)
    VSymTab$$Limit                           0x0800f194   Number         0  cmd.o(VSymTab)
    __ctype                                  0x0800f1a1   Data           0  lc_ctype_c.o(locale$$data)
    uart1                                    0x20000000   Data           8  usart.o(.data)
    uart2                                    0x20000008   Data           8  usart.o(.data)
    uart3                                    0x20000010   Data           8  usart.o(.data)
    SystemCoreClock                          0x20000018   Data           4  system_stm32f4xx.o(.data)
    AHBPrescTable                            0x2000001c   Data          16  system_stm32f4xx.o(.data)
    rt_interrupt_nest                        0x20000044   Data           1  irq.o(.data)
    rt_object_container                      0x20000070   Data         144  object.o(.data)
    rt_object_trytake_hook                   0x20000108   Data           4  object.o(.data)
    rt_object_take_hook                      0x2000010c   Data           4  object.o(.data)
    rt_object_put_hook                       0x20000110   Data           4  object.o(.data)
    rt_current_thread                        0x20000118   Data           4  scheduler.o(.data)
    rt_current_priority                      0x2000011c   Data           1  scheduler.o(.data)
    rt_thread_ready_priority_group           0x20000120   Data           4  scheduler.o(.data)
    rt_thread_defunct                        0x20000124   Data           8  scheduler.o(.data)
    rt_interrupt_from_thread                 0x20000140   Data           4  cpuport.o(.data)
    rt_interrupt_to_thread                   0x20000144   Data           4  cpuport.o(.data)
    rt_thread_switch_interrupt_flag          0x20000148   Data           4  cpuport.o(.data)
    shell                                    0x20000150   Data           4  shell.o(.data)
    _syscall_table_begin                     0x20000154   Data           4  symbol.o(.data)
    _syscall_table_end                       0x20000158   Data           4  symbol.o(.data)
    _sysvar_table_begin                      0x2000015c   Data           4  symbol.o(.data)
    _sysvar_table_end                        0x20000160   Data           4  symbol.o(.data)
    finsh_compile_sp                         0x20000168   Data           4  finsh_compiler.o(.data)
    finsh_compile_pc                         0x2000016c   Data           4  finsh_compiler.o(.data)
    global_errno                             0x20000170   Data           1  finsh_error.o(.data)
    global_sysvar_list                       0x200001b8   Data           4  finsh_var.o(.data)
    finsh_sp                                 0x200001bc   Data           4  finsh_vm.o(.data)
    finsh_pc                                 0x200001c0   Data           4  finsh_vm.o(.data)
    global_syscall_list                      0x200001c4   Data           4  finsh_vm.o(.data)
    serial1                                  0x200001c8   Data          84  usart.o(.bss)
    serial2                                  0x2000021c   Data          84  usart.o(.bss)
    serial3                                  0x20000270   Data          84  usart.o(.bss)
    rt_thread_priority_table                 0x200007e4   Data         256  scheduler.o(.bss)
    finsh_heap                               0x20001164   Data         128  finsh_heap.o(.bss)
    global_node_table                        0x200011e4   Data         320  finsh_node.o(.bss)
    global_variable                          0x20001324   Data         192  finsh_var.o(.bss)
    finsh_vm_stack                           0x200013e4   Data         256  finsh_vm.o(.bss)
    text_segment                             0x200014e4   Data         128  finsh_vm.o(.bss)
    __libspace_start                         0x20001564   Data          96  libspace.o(.bss)
    __temporary_stack_top$libspace           0x200015c4   Data           0  libspace.o(.bss)
    Image$$RW_IRAM1$$ZI$$Limit               0x20001bc8   Number         0  anon$$obj.o ABSOLUTE



==============================================================================

Memory Map of the image

  Image Entry point : 0x08000189

  Load Region LR_IROM1 (Base: 0x08000000, Size: 0x0000f46c, Max: 0x00100000, ABSOLUTE, COMPRESSED[0x0000f348])

    Execution Region ER_IROM1 (Base: 0x08000000, Size: 0x0000f2a4, Max: 0x00100000, ABSOLUTE)

    Base Addr    Size         Type   Attr      Idx    E Section Name        Object

    0x08000000   0x00000188   Data   RO          766    RESET               startup_stm32f4xx.o
    0x08000188   0x00000008   Code   RO         1446  * !!!main             c_w.l(__main.o)
    0x08000190   0x00000034   Code   RO         1625    !!!scatter          c_w.l(__scatter.o)
    0x080001c4   0x0000005a   Code   RO         1623    !!dczerorl2         c_w.l(__dczerorl2.o)
    0x0800021e   0x00000002   PAD
    0x08000220   0x0000001c   Code   RO         1627    !!handler_zi        c_w.l(__scatter_zi.o)
    0x0800023c   0x00000002   Code   RO         1497    .ARM.Collect$$libinit$$00000000  c_w.l(libinit.o)
    0x0800023e   0x00000004   Code   RO         1500    .ARM.Collect$$libinit$$00000001  c_w.l(libinit2.o)
    0x08000242   0x00000000   Code   RO         1503    .ARM.Collect$$libinit$$00000004  c_w.l(libinit2.o)
    0x08000242   0x00000000   Code   RO         1506    .ARM.Collect$$libinit$$0000000A  c_w.l(libinit2.o)
    0x08000242   0x00000000   Code   RO         1508    .ARM.Collect$$libinit$$0000000C  c_w.l(libinit2.o)
    0x08000242   0x00000000   Code   RO         1510    .ARM.Collect$$libinit$$0000000E  c_w.l(libinit2.o)
    0x08000242   0x00000006   Code   RO         1511    .ARM.Collect$$libinit$$0000000F  c_w.l(libinit2.o)
    0x08000248   0x00000000   Code   RO         1513    .ARM.Collect$$libinit$$00000011  c_w.l(libinit2.o)
    0x08000248   0x0000000c   Code   RO         1514    .ARM.Collect$$libinit$$00000012  c_w.l(libinit2.o)
    0x08000254   0x00000000   Code   RO         1515    .ARM.Collect$$libinit$$00000013  c_w.l(libinit2.o)
    0x08000254   0x00000000   Code   RO         1517    .ARM.Collect$$libinit$$00000015  c_w.l(libinit2.o)
    0x08000254   0x00000000   Code   RO         1519    .ARM.Collect$$libinit$$00000017  c_w.l(libinit2.o)
    0x08000254   0x00000000   Code   RO         1521    .ARM.Collect$$libinit$$00000019  c_w.l(libinit2.o)
    0x08000254   0x00000000   Code   RO         1523    .ARM.Collect$$libinit$$0000001B  c_w.l(libinit2.o)
    0x08000254   0x00000000   Code   RO         1525    .ARM.Collect$$libinit$$0000001D  c_w.l(libinit2.o)
    0x08000254   0x00000000   Code   RO         1527    .ARM.Collect$$libinit$$0000001F  c_w.l(libinit2.o)
    0x08000254   0x00000000   Code   RO         1529    .ARM.Collect$$libinit$$00000021  c_w.l(libinit2.o)
    0x08000254   0x00000000   Code   RO         1531    .ARM.Collect$$libinit$$00000023  c_w.l(libinit2.o)
    0x08000254   0x00000000   Code   RO         1533    .ARM.Collect$$libinit$$00000025  c_w.l(libinit2.o)
    0x08000254   0x00000000   Code   RO         1537    .ARM.Collect$$libinit$$0000002C  c_w.l(libinit2.o)
    0x08000254   0x00000000   Code   RO         1539    .ARM.Collect$$libinit$$0000002E  c_w.l(libinit2.o)
    0x08000254   0x00000000   Code   RO         1541    .ARM.Collect$$libinit$$00000030  c_w.l(libinit2.o)
    0x08000254   0x00000000   Code   RO         1543    .ARM.Collect$$libinit$$00000032  c_w.l(libinit2.o)
    0x08000254   0x00000002   Code   RO         1544    .ARM.Collect$$libinit$$00000033  c_w.l(libinit2.o)
    0x08000256   0x00000002   Code   RO         1564    .ARM.Collect$$libshutdown$$00000000  c_w.l(libshutdown.o)
    0x08000258   0x00000000   Code   RO         1578    .ARM.Collect$$libshutdown$$00000003  c_w.l(libshutdown2.o)
    0x08000258   0x00000000   Code   RO         1581    .ARM.Collect$$libshutdown$$00000006  c_w.l(libshutdown2.o)
    0x08000258   0x00000000   Code   RO         1584    .ARM.Collect$$libshutdown$$00000009  c_w.l(libshutdown2.o)
    0x08000258   0x00000000   Code   RO         1586    .ARM.Collect$$libshutdown$$0000000B  c_w.l(libshutdown2.o)
    0x08000258   0x00000000   Code   RO         1589    .ARM.Collect$$libshutdown$$0000000E  c_w.l(libshutdown2.o)
    0x08000258   0x00000002   Code   RO         1590    .ARM.Collect$$libshutdown$$0000000F  c_w.l(libshutdown2.o)
    0x0800025a   0x00000000   Code   RO         1448    .ARM.Collect$$rtentry$$00000000  c_w.l(__rtentry.o)
    0x0800025a   0x00000000   Code   RO         1460    .ARM.Collect$$rtentry$$00000002  c_w.l(__rtentry2.o)
    0x0800025a   0x00000006   Code   RO         1472    .ARM.Collect$$rtentry$$00000004  c_w.l(__rtentry4.o)
    0x08000260   0x00000000   Code   RO         1462    .ARM.Collect$$rtentry$$00000009  c_w.l(__rtentry2.o)
    0x08000260   0x00000004   Code   RO         1463    .ARM.Collect$$rtentry$$0000000A  c_w.l(__rtentry2.o)
    0x08000264   0x00000000   Code   RO         1465    .ARM.Collect$$rtentry$$0000000C  c_w.l(__rtentry2.o)
    0x08000264   0x00000008   Code   RO         1466    .ARM.Collect$$rtentry$$0000000D  c_w.l(__rtentry2.o)
    0x0800026c   0x00000002   Code   RO         1498    .ARM.Collect$$rtexit$$00000000  c_w.l(rtexit.o)
    0x0800026e   0x00000000   Code   RO         1546    .ARM.Collect$$rtexit$$00000002  c_w.l(rtexit2.o)
    0x0800026e   0x00000004   Code   RO         1547    .ARM.Collect$$rtexit$$00000003  c_w.l(rtexit2.o)
    0x08000272   0x00000006   Code   RO         1548    .ARM.Collect$$rtexit$$00000004  c_w.l(rtexit2.o)
    0x08000278   0x00000034   Code   RO            2    .text               application.o
    0x080002ac   0x000000cc   Code   RO          149    .text               startup.o
    0x08000378   0x000000b0   Code   RO          169    .text               board.o
    0x08000428   0x00000010   Code   RO          195    .text               stm32f4xx_it.o
    0x08000438   0x00000458   Code   RO          211    .text               usart.o
    0x08000890   0x00000210   Code   RO          245    .text               system_stm32f4xx.o
    0x08000aa0   0x000001ec   Code   RO          267    .text               misc.o
    0x08000c8c   0x00000916   Code   RO          507    .text               stm32f4xx_gpio.o
    0x080015a2   0x00000002   PAD
    0x080015a4   0x00000d7c   Code   RO          619    .text               stm32f4xx_rcc.o
    0x08002320   0x00000eb4   Code   RO          733    .text               stm32f4xx_usart.o
    0x080031d4   0x00000040   Code   RO          767    .text               startup_stm32f4xx.o
    0x08003214   0x00000064   Code   RO          771    .text               clock.o
    0x08003278   0x000003f0   Code   RO          785    .text               device.o
    0x08003668   0x00000164   Code   RO          799    .text               idle.o
    0x080037cc   0x00001af8   Code   RO          819    .text               ipc.o
    0x080052c4   0x00000048   Code   RO          836    .text               irq.o
    0x0800530c   0x000009d0   Code   RO          851    .text               kservice.o
    0x08005cdc   0x000009b4   Code   RO          868    .text               mem.o
    0x08006690   0x00000360   Code   RO          919    .text               object.o
    0x080069f0   0x00000334   Code   RO          938    .text               scheduler.o
    0x08006d24   0x000006b4   Code   RO          959    .text               thread.o
    0x080073d8   0x00000510   Code   RO          976    .text               timer.o
    0x080078e8   0x000001c0   Code   RO          995    .text               cpuport.o
    0x08007aa8   0x00000110   Code   RO         1011    .text               context_rvds.o
    0x08007bb8   0x00000a28   Code   RO         1049    .text               shell.o
    0x080085e0   0x00000bc4   Code   RO         1083    .text               cmd.o
    0x080091a4   0x00001818   Code   RO         1106    .text               finsh_compiler.o
    0x0800a9bc   0x0000002c   Code   RO         1143    .text               finsh_error.o
    0x0800a9e8   0x00000210   Code   RO         1159    .text               finsh_heap.o
    0x0800abf8   0x00000058   Code   RO         1175    .text               finsh_init.o
    0x0800ac50   0x00000184   Code   RO         1193    .text               finsh_node.o
    0x0800add4   0x00000adc   Code   RO         1208    .text               finsh_ops.o
    0x0800b8b0   0x0000097c   Code   RO         1226    .text               finsh_parser.o
    0x0800c22c   0x0000019c   Code   RO         1241    .text               finsh_var.o
    0x0800c3c8   0x000000e4   Code   RO         1264    .text               finsh_vm.o
    0x0800c4ac   0x00000658   Code   RO         1291    .text               finsh_token.o
    0x0800cb04   0x00000ac0   Code   RO         1306    .text               serial.o
    0x0800d5c4   0x00000248   Code   RO         1319    .text               completion.o
    0x0800d80c   0x000004c4   Code   RO         1335    .text               dataqueue.o
    0x0800dcd0   0x0000001a   Code   RO         1426    .text               c_w.l(atoi.o)
    0x0800dcea   0x0000003e   Code   RO         1428    .text               c_w.l(strlen.o)
    0x0800dd28   0x00000096   Code   RO         1430    .text               c_w.l(strncmp.o)
    0x0800ddbe   0x0000008a   Code   RO         1432    .text               c_w.l(rt_memcpy_v6.o)
    0x0800de48   0x00000064   Code   RO         1434    .text               c_w.l(rt_memcpy_w.o)
    0x0800deac   0x00000044   Code   RO         1436    .text               c_w.l(rt_memclr.o)
    0x0800def0   0x0000004e   Code   RO         1438    .text               c_w.l(rt_memclr_w.o)
    0x0800df3e   0x00000056   Code   RO         1440    .text               c_w.l(strncpy.o)
    0x0800df94   0x00000080   Code   RO         1442    .text               c_w.l(strcmpv7m.o)
    0x0800e014   0x00000006   Code   RO         1444    .text               c_w.l(heapauxi.o)
    0x0800e01a   0x00000002   PAD
    0x0800e01c   0x00000008   Code   RO         1452    .text               c_w.l(rt_errno_addr_intlibspace.o)
    0x0800e024   0x00000070   Code   RO         1454    .text               c_w.l(strtol.o)
    0x0800e094   0x00000008   Code   RO         1456    .text               c_w.l(libspace.o)
    0x0800e09c   0x00000010   Code   RO         1474    .text               c_w.l(rt_ctype_table.o)
    0x0800e0ac   0x0000009e   Code   RO         1476    .text               c_w.l(_strtoul.o)
    0x0800e14a   0x0000004a   Code   RO         1478    .text               c_w.l(sys_stackheap_outer.o)
    0x0800e194   0x00000008   Code   RO         1483    .text               c_w.l(rt_locale_intlibspace.o)
    0x0800e19c   0x0000001c   Code   RO         1485    .text               c_w.l(_chval.o)
    0x0800e1b8   0x0000000c   Code   RO         1490    .text               c_w.l(exit.o)
    0x0800e1c4   0x0000000c   Code   RO         1556    .text               c_w.l(sys_exit.o)
    0x0800e1d0   0x00000002   Code   RO         1567    .text               c_w.l(use_no_semi.o)
    0x0800e1d2   0x00000000   Code   RO         1569    .text               c_w.l(indicate_semi.o)
    0x0800e1d2   0x00000002   PAD
    0x0800e1d4   0x0000002c   Code   RO         1488    locale$$code        c_w.l(lc_ctype_c.o)
    0x0800e200   0x0000000a   Code   RO         1554    x$fpl$fpinit        fz_wm.l(fpinit.o)
    0x0800e20a   0x00000002   PAD
    0x0800e20c   0x00000050   Data   RO          213    .constdata          usart.o
    0x0800e25c   0x000000a8   Data   RO          786    .constdata          device.o
    0x0800e304   0x00000016   Data   RO          801    .constdata          idle.o
    0x0800e31a   0x000001d7   Data   RO          820    .constdata          ipc.o
    0x0800e4f1   0x00000122   Data   RO          853    .constdata          kservice.o
    0x0800e613   0x0000006d   Data   RO          870    .constdata          mem.o
    0x0800e680   0x0000005e   Data   RO          920    .constdata          object.o
    0x0800e6de   0x0000004e   Data   RO          940    .constdata          scheduler.o
    0x0800e72c   0x000000aa   Data   RO          960    .constdata          thread.o
    0x0800e7d6   0x0000005c   Data   RO          977    .constdata          timer.o
    0x0800e832   0x00000013   Data   RO          996    .constdata          cpuport.o
    0x0800e845   0x00000060   Data   RO         1051    .constdata          shell.o
    0x0800e8a5   0x00000003   PAD
    0x0800e8a8   0x00000200   Data   RO         1084    .constdata          cmd.o
    0x0800eaa8   0x000000c4   Data   RO         1209    .constdata          finsh_ops.o
    0x0800eb6c   0x00000040   Data   RO         1292    .constdata          finsh_token.o
    0x0800ebac   0x000000d3   Data   RO         1307    .constdata          serial.o
    0x0800ec7f   0x00000039   Data   RO         1320    .constdata          completion.o
    0x0800ecb8   0x0000004b   Data   RO         1336    .constdata          dataqueue.o
    0x0800ed03   0x00000001   PAD
    0x0800ed04   0x000000ed   Data   RO          871    .conststring        mem.o
    0x0800edf1   0x00000003   PAD
    0x0800edf4   0x0000019d   Data   RO         1085    .conststring        cmd.o
    0x0800ef91   0x00000003   PAD
    0x0800ef94   0x000000f3   Data   RO         1144    .conststring        finsh_error.o
    0x0800f087   0x00000001   PAD
    0x0800f088   0x0000003e   Data   RO         1293    .conststring        finsh_token.o
    0x0800f0c6   0x00000002   PAD
    0x0800f0c8   0x0000000c   Data   RO          873    FSymTab             mem.o
    0x0800f0d4   0x00000090   Data   RO         1087    FSymTab             cmd.o
    0x0800f164   0x00000020   Data   RO         1621    Region$$Table       anon$$obj.o
    0x0800f184   0x00000010   Data   RO         1088    VSymTab             cmd.o
    0x0800f194   0x00000110   Data   RO         1487    locale$$data        c_w.l(lc_ctype_c.o)


    Execution Region RW_IRAM1 (Base: 0x20000000, Size: 0x00001bc8, Max: 0x00020000, ABSOLUTE, COMPRESSED[0x000000a4])

    Base Addr    Size         Type   Attr      Idx    E Section Name        Object

    0x20000000   0x00000018   Data   RW          214    .data               usart.o
    0x20000018   0x00000014   Data   RW          246    .data               system_stm32f4xx.o
    0x2000002c   0x00000010   Data   RW          620    .data               stm32f4xx_rcc.o
    0x2000003c   0x00000004   Data   RW          772    .data               clock.o
    0x20000040   0x00000004   Data   RW          802    .data               idle.o
    0x20000044   0x00000001   Data   RW          837    .data               irq.o
    0x20000045   0x00000003   PAD
    0x20000048   0x00000008   Data   RW          854    .data               kservice.o
    0x20000050   0x00000020   Data   RW          872    .data               mem.o
    0x20000070   0x000000a4   Data   RW          921    .data               object.o
    0x20000114   0x0000001c   Data   RW          941    .data               scheduler.o
    0x20000130   0x00000010   Data   RW          978    .data               timer.o
    0x20000140   0x00000010   Data   RW          997    .data               cpuport.o
    0x20000150   0x00000004   Data   RW         1052    .data               shell.o
    0x20000154   0x00000010   Data   RW         1070    .data               symbol.o
    0x20000164   0x00000004   Data   RW         1086    .data               cmd.o
    0x20000168   0x00000008   Data   RW         1107    .data               finsh_compiler.o
    0x20000170   0x00000040   Data   RW         1145    .data               finsh_error.o
    0x200001b0   0x00000008   Data   RW         1161    .data               finsh_heap.o
    0x200001b8   0x00000004   Data   RW         1243    .data               finsh_var.o
    0x200001bc   0x0000000c   Data   RW         1266    .data               finsh_vm.o
    0x200001c8   0x000000fc   Zero   RW          212    .bss                usart.o
    0x200002c4   0x00000480   Zero   RW          800    .bss                idle.o
    0x20000744   0x00000080   Zero   RW          852    .bss                kservice.o
    0x200007c4   0x00000020   Zero   RW          869    .bss                mem.o
    0x200007e4   0x00000100   Zero   RW          939    .bss                scheduler.o
    0x200008e4   0x00000880   Zero   RW         1050    .bss                shell.o
    0x20001164   0x00000080   Zero   RW         1160    .bss                finsh_heap.o
    0x200011e4   0x00000140   Zero   RW         1194    .bss                finsh_node.o
    0x20001324   0x000000c0   Zero   RW         1242    .bss                finsh_var.o
    0x200013e4   0x00000180   Zero   RW         1265    .bss                finsh_vm.o
    0x20001564   0x00000060   Zero   RW         1457    .bss                c_w.l(libspace.o)
    0x200015c4   0x00000004   PAD
    0x200015c8   0x00000200   Zero   RW          765    HEAP                startup_stm32f4xx.o
    0x200017c8   0x00000400   Zero   RW          764    STACK               startup_stm32f4xx.o


==============================================================================

Image component sizes


      Code (inc. data)   RO Data    RW Data    ZI Data      Debug   Object Name

        52         10          0          0          0     248503   application.o
       176         18          0          0          0      19291   board.o
       100          6          0          4          0       1604   clock.o
      3012       1244       1085          4          0      10487   cmd.o
       584        158         57          0          0       3091   completion.o
       272         24          0          0          0        832   context_rvds.o
       448        220         19         16          0       3803   cpuport.o
      1220        144         75          0          0       6517   dataqueue.o
      1008        166        168          0          0       5089   device.o
      6168        154          0          8          0      10890   finsh_compiler.o
        44         10        243         64          0       1757   finsh_error.o
       528         18          0          8        128       3443   finsh_heap.o
        88          6          0          0          0       1700   finsh_init.o
       388          4          0          0        320       3452   finsh_node.o
      2780         36        196          0          0       8948   finsh_ops.o
      2428         32          0          0          0       9613   finsh_parser.o
      1624         16        126          0          0       6016   finsh_token.o
       412         18          0          4        192       7337   finsh_var.o
       228         34          0         12        384       7026   finsh_vm.o
       356        104         22          4       1152       3027   idle.o
      6904        466        471          0          0      21431   ipc.o
        72          6          0          1          0       1462   irq.o
      2512        168        290          8        128      11060   kservice.o
      2484        592        358         32         32      11498   mem.o
       492         74          0          0          0       2037   misc.o
       864        180         94        164          0       5972   object.o
       820        180         78         28        256       4925   scheduler.o
      2752        394        211          0          0       8241   serial.o
      2600        306         96          4       2176       6219   shell.o
       204         98          0          0          0       1343   startup.o
        64         26        392          0       1536        888   startup_stm32f4xx.o
      2326        132          0          0          0       5217   stm32f4xx_gpio.o
        16          0          0          0          0        828   stm32f4xx_it.o
      3452        262          0         16          0      12915   stm32f4xx_rcc.o
      3764        164          0          0          0       9588   stm32f4xx_usart.o
         0          0          0         16          0       4221   symbol.o
       528         46          0         20          0       1999   system_stm32f4xx.o
      1716        246        170          0          0       7910   thread.o
      1296        138         92         16          0       7015   timer.o
      1112        158         80         24        252      27503   usart.o

    ----------------------------------------------------------------------
     55896       6058       4368        456       6556     514698   Object Totals
         0          0         32          0          0          0   (incl. Generated)
         2          0         13          3          0          0   (incl. Padding)

    ----------------------------------------------------------------------

      Code (inc. data)   RO Data    RW Data    ZI Data      Debug   Library Member Name

        90          0          0          0          0          0   __dczerorl2.o
         8          0          0          0          0         68   __main.o
         0          0          0          0          0          0   __rtentry.o
        12          0          0          0          0          0   __rtentry2.o
         6          0          0          0          0          0   __rtentry4.o
        52          8          0          0          0          0   __scatter.o
        28          0          0          0          0          0   __scatter_zi.o
        28          0          0          0          0         68   _chval.o
       158          0          0          0          0         92   _strtoul.o
        26          0          0          0          0         80   atoi.o
        12          0          0          0          0         72   exit.o
         6          0          0          0          0        152   heapauxi.o
         0          0          0          0          0          0   indicate_semi.o
        44         10        272          0          0         76   lc_ctype_c.o
         2          0          0          0          0          0   libinit.o
        24          0          0          0          0          0   libinit2.o
         2          0          0          0          0          0   libshutdown.o
         2          0          0          0          0          0   libshutdown2.o
         8          4          0          0         96         68   libspace.o
        16          4          0          0          0         76   rt_ctype_table.o
         8          4          0          0          0         68   rt_errno_addr_intlibspace.o
         8          4          0          0          0         68   rt_locale_intlibspace.o
        68          0          0          0          0         68   rt_memclr.o
        78          0          0          0          0         80   rt_memclr_w.o
       138          0          0          0          0         68   rt_memcpy_v6.o
       100          0          0          0          0         80   rt_memcpy_w.o
         2          0          0          0          0          0   rtexit.o
        10          0          0          0          0          0   rtexit2.o
       128          0          0          0          0         68   strcmpv7m.o
        62          0          0          0          0         76   strlen.o
       150          0          0          0          0         80   strncmp.o
        86          0          0          0          0         76   strncpy.o
       112          0          0          0          0         88   strtol.o
        12          4          0          0          0         68   sys_exit.o
        74          0          0          0          0         80   sys_stackheap_outer.o
         2          0          0          0          0         68   use_no_semi.o
        10          0          0          0          0        116   fpinit.o

    ----------------------------------------------------------------------
      1580         38        272          0        100       1904   Library Totals
         8          0          0          0          4          0   (incl. Padding)

    ----------------------------------------------------------------------

      Code (inc. data)   RO Data    RW Data    ZI Data      Debug   Library Name

      1562         38        272          0         96       1788   c_w.l
        10          0          0          0          0        116   fz_wm.l

    ----------------------------------------------------------------------
      1580         38        272          0        100       1904   Library Totals

    ----------------------------------------------------------------------

==============================================================================


      Code (inc. data)   RO Data    RW Data    ZI Data      Debug   

     57476       6096       4640        456       6656     508914   Grand Totals
     57476       6096       4640        164       6656     508914   ELF Image Totals (compressed)
     57476       6096       4640        164          0          0   ROM Totals

==============================================================================

    Total RO  Size (Code + RO Data)                62116 (  60.66kB)
    Total RW  Size (RW Data + ZI Data)              7112 (   6.95kB)
    Total ROM Size (Code + RO Data + RW Data)      62280 (  60.82kB)

==============================================================================

